 CoreServer

 Timestamp is 52f7a688 (Sun Feb 09 23:02:16 2014)

 Preferred load address is 10000000

 Start         Length     Name                   Class
 0001:00000000 00086572H .text                   CODE
 0001:00086580 00001c5eH .text$x                 CODE
 0002:00000000 0000030cH .idata$5                DATA
 0002:00000310 00006448H .rdata                  DATA
 0002:00006758 0000017cH .rdata$r                DATA
 0002:000068d8 00002968H .xdata$x                DATA
 0002:00009240 00000064H .idata$2                DATA
 0002:000092a4 00000014H .idata$3                DATA
 0002:000092b8 0000030cH .idata$4                DATA
 0002:000095c4 000011d8H .idata$6                DATA
 0002:0000a7a0 00001792H .edata                  DATA
 0003:00000000 00000004H .CRT$XCA                DATA
 0003:00000004 000000f8H .CRT$XCU                DATA
 0003:000000fc 00000004H .CRT$XCZ                DATA
 0003:00000100 00000004H .CRT$XIA                DATA
 0003:00000104 0000000cH .CRT$XIC                DATA
 0003:00000110 00000004H .CRT$XIY                DATA
 0003:00000114 00000004H .CRT$XIZ                DATA
 0003:00000118 00000004H .CRT$XPA                DATA
 0003:0000011c 00000004H .CRT$XPX                DATA
 0003:00000120 00000004H .CRT$XPZ                DATA
 0003:00000124 00000004H .CRT$XTA                DATA
 0003:00000128 00000004H .CRT$XTB                DATA
 0003:0000012c 00000004H .CRT$XTZ                DATA
 0003:00000130 000085b4H .data                   DATA
 0003:000086e8 1707bc94H .bss                    DATA

  Address         Publics by Value              Rva+Base     Lib:Object

 0001:00000000       ??_H@YGXPAXIHP6EX0@Z@Z     10001000 f i KPartnerSkill.obj
 0001:00000030       ?GetMoney@KInventory@@QAEHXZ 10001030 f i KThiefSkill.obj
 0001:00000050       ?SetMoney@KInventory@@QAEHH@Z 10001050 f i KThiefSkill.obj
 0001:00000080       ?GetXu@KInventory@@QAEHXZ  10001080 f i KThiefSkill.obj
 0001:000000a0       ?SetXu@KInventory@@QAEHH@Z 100010a0 f i KThiefSkill.obj
 0001:000000d0       ??4KInventory@@QAEAAV0@ABV0@@Z 100010d0 f i KThiefSkill.obj
 0001:00000100       ?GetEquipment@KItemList@@QAEHH@Z 10001100 f i KThiefSkill.obj
 0001:00000120       ?GetMoney@KItemList@@QAEHH@Z 10001120 f i KThiefSkill.obj
 0001:00000150       ?GetXu@KItemList@@QAEHH@Z  10001150 f i KThiefSkill.obj
 0001:00000180       ?Hand@KItemList@@QAEHXZ    10001180 f i KThiefSkill.obj
 0001:000001a0       ?GetMaskLock@KItemList@@QAEHXZ 100011a0 f i KThiefSkill.obj
 0001:000001c0       ??4KItemList@@QAEAAV0@ABV0@@Z 100011c0 f i KThiefSkill.obj
 0001:000001f0       ??0KThiefSkill@@QAE@XZ     100011f0 f   KThiefSkill.obj
 0001:00000237       ??1KThiefSkill@@UAE@XZ     10001237 f   KThiefSkill.obj
 0001:00000253       ?GetSkillId@KThiefSkill@@UAEHXZ 10001253 f   KThiefSkill.obj
 0001:00000263       ?GetSkillName@KThiefSkill@@UAEPBDXZ 10001263 f   KThiefSkill.obj
 0001:00000274       ?GetSkillStyle@KThiefSkill@@UAEHXZ 10001274 f   KThiefSkill.obj
 0001:00000284       ?LoadSkillLevelData@KThiefSkill@@UAEXKH@Z 10001284 f   KThiefSkill.obj
 0001:00000291       ?DoSkill@KThiefSkill@@QAEHPAVKNpc@@HH@Z 10001291 f   KThiefSkill.obj
 0001:000002ec       ?Cast_Redress@KThiefSkill@@AAEHPAVKPlayer@@0@Z 100012ec f   KThiefSkill.obj
 0001:00000509       ?Cast_ShowLife@KThiefSkill@@AAEHPAVKPlayer@@0@Z 10001509 f   KThiefSkill.obj
 0001:000005a8       ?Cast_ShowMana@KThiefSkill@@AAEHPAVKPlayer@@0@Z 100015a8 f   KThiefSkill.obj
 0001:00000647       ?Cast_ShowMoney@KThiefSkill@@AAEHPAVKPlayer@@0@Z 10001647 f   KThiefSkill.obj
 0001:000006cb       ?Cast_ShowXu@KThiefSkill@@AAEHPAVKPlayer@@0@Z 100016cb f   KThiefSkill.obj
 0001:0000074f       ?Cast_RunScript@KThiefSkill@@AAEHPAVKPlayer@@0@Z 1000174f f   KThiefSkill.obj
 0001:00000787       ?Cast@KThiefSkill@@QAEHPAVKPlayer@@0@Z 10001787 f   KThiefSkill.obj
 0001:00000850       ?OnSkill@KThiefSkill@@QAEHPAVKNpc@@@Z 10001850 f   KThiefSkill.obj
 0001:000009a4       ?CanCastSkill@KThiefSkill@@UBEHHAAH0@Z 100019a4 f   KThiefSkill.obj
 0001:00000a84       ?LoadSetting@KThiefSkill@@QAEHPAD@Z 10001a84 f   KThiefSkill.obj
 0001:00000cf6       ?GetSkillCost@KThiefSkill@@UBEHPAX@Z 10001cf6 f   KThiefSkill.obj
 0001:00000dd0       ?GetSkillCostType@KThiefSkill@@UBE?AW4NPCATTRIB@@XZ 10001dd0 f i KThiefSkill.obj
 0001:00000df0       ?GetAttackRadius@KThiefSkill@@UBEHXZ 10001df0 f i KThiefSkill.obj
 0001:00000e10       ?IsTargetOnly@KThiefSkill@@UBEHXZ 10001e10 f i KThiefSkill.obj
 0001:00000e20       ?IsTargetEnemy@KThiefSkill@@UBEHXZ 10001e20 f i KThiefSkill.obj
 0001:00000e30       ?IsTargetAlly@KThiefSkill@@UBEHXZ 10001e30 f i KThiefSkill.obj
 0001:00000e40       ?IsTargetObj@KThiefSkill@@UBEHXZ 10001e40 f i KThiefSkill.obj
 0001:00000e50       ??_GKThiefSkill@@UAEPAXI@Z 10001e50 f i KThiefSkill.obj
 0001:00000e50       ??_EKThiefSkill@@UAEPAXI@Z 10001e50 f i KThiefSkill.obj
 0001:00000e80       ??0ISkill@@QAE@XZ          10001e80 f i KThiefSkill.obj
 0001:00000ea0       ?GetDelayPerCast@KThiefSkill@@QAEKXZ 10001ea0 f i KThiefSkill.obj
 0001:00000ec0       ??1ISkill@@UAE@XZ          10001ec0 f i KThiefSkill.obj
 0001:00000ee0       ?IsAura@ISkill@@UBEHXZ     10001ee0 f i KThiefSkill.obj
 0001:00000ef0       ?IsPhysical@ISkill@@UBEHXZ 10001ef0 f i KThiefSkill.obj
 0001:00000f00       ?GetSkillLevelUpScriptId@ISkill@@UBEKXZ 10001f00 f i KThiefSkill.obj
 0001:00000f10       ??_EISkill@@UAEPAXI@Z      10001f10 f i KThiefSkill.obj
 0001:00000f10       ??_GISkill@@UAEPAXI@Z      10001f10 f i KThiefSkill.obj
 0001:00000f40       ?GetRandomNumber@@YAHHH@Z  10001f40 f i KThiefSkill.obj
 0001:00000f60       ??0KMissleSet@@QAE@XZ      10001f60 f i KMissle.obj
 0001:00000fb0       ??4KMissleSet@@QAEAAV0@ABV0@@Z 10001fb0 f i KMissle.obj
 0001:00000fe0       ??1KMissleSet@@QAE@XZ      10001fe0 f i KMissle.obj
 0001:000010f4       ??0KMissle@@QAE@XZ         100020f4 f   KMissle.obj
 0001:0000118b       ?Release@KMissle@@AAEXXZ   1000218b f   KMissle.obj
 0001:000011f1       ??1KMissle@@UAE@XZ         100021f1 f   KMissle.obj
 0001:00001210       ?GetInfoFromTabFile@KMissle@@QAEHH@Z 10002210 f   KMissle.obj
 0001:00001240       ?GetInfoFromTabFile@KMissle@@QAEHPAVKITabFile@@H@Z 10002240 f   KMissle.obj
 0001:00001513       ?Init@KMissle@@AAEHHHHHH@Z 10002513 f   KMissle.obj
 0001:00001525       ?Activate@KMissle@@QAEHXZ  10002525 f   KMissle.obj
 0001:00001796       ?OnWait@KMissle@@AAEXXZ    10002796 f   KMissle.obj
 0001:000017a1       ?OnCollision@KMissle@@AAEXXZ 100027a1 f   KMissle.obj
 0001:000017ac       ?CheckCollision@KMissle@@AAEHXZ 100027ac f   KMissle.obj
 0001:00001ade       ?OnFly@KMissle@@AAEXXZ     10002ade f   KMissle.obj
 0001:000026b7       ?OnVanish@KMissle@@AAEXXZ  100036b7 f   KMissle.obj
 0001:000026c2       ?CheckBeyondRegion@KMissle@@AAEHHH@Z 100036c2 f   KMissle.obj
 0001:00002adf       ??4KMissle@@AAEAAV0@AAV0@@Z 10003adf f   KMissle.obj
 0001:00002d0a       ?ProcessDamage@KMissle@@AAEHH@Z 10003d0a f   KMissle.obj
 0001:00002e3a       ?DoVanish@KMissle@@AAEXXZ  10003e3a f   KMissle.obj
 0001:00002ecb       ?DoCollision@KMissle@@AAEXXZ 10003ecb f   KMissle.obj
 0001:00002f45       ?DoFly@KMissle@@AAEXXZ     10003f45 f   KMissle.obj
 0001:00002f6b       ?GetOffsetAxis@KMissle@@SAHHHHHHHAAH00@Z 10003f6b f   KMissle.obj
 0001:000030ec       ?ProcessCollision@KMissle@@AAEHHHHHHH@Z 100040ec f   KMissle.obj
 0001:00003253       ?ProcessCollision@KMissle@@AAEHXZ 10004253 f   KMissle.obj
 0001:000032ac       ?DoWait@KMissle@@AAEXXZ    100042ac f   KMissle.obj
 0001:000032c4       ?PrePareFly@KMissle@@AAEHXZ 100042c4 f   KMissle.obj
 0001:00003588       ?CheckNearestCollision@KMissle@@AAEHXZ 10004588 f   KMissle.obj
 0001:00003824       ?GetMpsPos@KMissle@@QAEXPAH0@Z 10004824 f   KMissle.obj
 0001:00003890       ??_GKMissle@@UAEPAXI@Z     10004890 f i KMissle.obj
 0001:00003890       ??_EKMissle@@UAEPAXI@Z     10004890 f i KMissle.obj
 0001:000038c0       ??_GKMissleMagicAttribsData@@QAEPAXI@Z 100048c0 f i KMissle.obj
 0001:000038f0       ??0KIndexNode@@QAE@XZ      100048f0 f i KMissle.obj
 0001:00003930       ??0KNode@@QAE@XZ           10004930 f i KMissle.obj
 0001:00003960       ??_GKNode@@UAEPAXI@Z       10004960 f i KMissle.obj
 0001:00003960       ??_EKNode@@UAEPAXI@Z       10004960 f i KMissle.obj
 0001:00003990       ??1KNode@@UAE@XZ           10004990 f i KMissle.obj
 0001:000039b0       ??_GKIndexNode@@UAEPAXI@Z  100049b0 f i KMissle.obj
 0001:000039b0       ??_EKIndexNode@@UAEPAXI@Z  100049b0 f i KMissle.obj
 0001:000039e0       ??1KIndexNode@@UAE@XZ      100049e0 f i KMissle.obj
 0001:00003a00       ?IsMatch@KNpc@@QAEHK@Z     10004a00 f i KMissle.obj
 0001:00003a20       ?FindNpc@KRegion@@QAEHHHHH@Z 10004a20 f i KMissle.obj
 0001:00003ae0       ?GetNext@KNode@@QAEPAV1@XZ 10004ae0 f i KMissle.obj
 0001:00003b10       ?GetHead@KList@@QAEPAVKNode@@XZ 10004b10 f i KMissle.obj
 0001:00003b30       ?g_DirSin@@YAHHH@Z         10004b30 f i KMissle.obj
 0001:00003b50       ?g_DirCos@@YAHHH@Z         10004b50 f i KMissle.obj
 0001:00003b70       ?g_GetDirIndex@@YAHHHHH@Z  10004b70 f i KMissle.obj
 0001:00003c20       ?g_GetDistance@@YAHHHHH@Z  10004c20 f i KMissle.obj
 0001:00003c70       ?Send@KWorldMsg@@QAEHKHHH@Z 10004c70 f i KMissle.obj
 0001:00003d30       ?AddTail@KList@@QAEXPAVKNode@@@Z 10004d30 f i KMissle.obj
 0001:00003d50       ?InsertBefore@KNode@@QAEXPAV1@@Z 10004d50 f i KMissle.obj
 0001:00003da0       ??0KWorldMsgNode@@QAE@XZ   10004da0 f i KMissle.obj
 0001:00003dc0       ??_GKWorldMsgNode@@UAEPAXI@Z 10004dc0 f i KMissle.obj
 0001:00003dc0       ??_EKWorldMsgNode@@UAEPAXI@Z 10004dc0 f i KMissle.obj
 0001:00003df0       ??1KWorldMsgNode@@UAE@XZ   10004df0 f i KMissle.obj
 0001:00003e10       ?GetGameTime@KSubWorldSet@@QAEHXZ 10004e10 f i KMissle.obj
 0001:00003e20       ?DelRef@KMissleMagicAttribsData@@QAEHXZ 10004e20 f i KMissle.obj
 0001:00003e40       ??1KMissleMagicAttribsData@@QAE@XZ 10004e40 f i KMissle.obj
 0001:00003e60       ?Remove@KMissleMagicAttribsData@@AAEXXZ 10004e60 f i KMissle.obj
 0001:00003e90       ?ZAxisMove@KMissle@@AAEXXZ 10004e90 f i KMissle.obj
 0001:00003f00       ?TestBarrier@KMissle@@AAEHXZ 10004f00 f i KMissle.obj
 0001:00003f80       ?GetSkill@KSkillManager@@QAEPAVISkill@@HH@Z 10004f80 f i KMissle.obj
 0001:0000404f       ?Init@KMissleSet@@QAEXXZ   1000504f f   KMissleSet.obj
 0001:000040b4       ?FindFree@KMissleSet@@QAEHXZ 100050b4 f   KMissleSet.obj
 0001:000040ca       ?Add@KMissleSet@@QAEHHHHHHH@Z 100050ca f   KMissleSet.obj
 0001:0000419e       ?Add@KMissleSet@@QAEHHHH@Z 1000519e f   KMissleSet.obj
 0001:00004368       ?CreateMissile@KMissleSet@@QAEHHHHHHHHH@Z 10005368 f   KMissleSet.obj
 0001:000043aa       ?Activate@KMissleSet@@QAEHXZ 100053aa f   KMissleSet.obj
 0001:000043ed       ?Remove@KMissleSet@@QAEXH@Z 100053ed f   KMissleSet.obj
 0001:00004447       ?Draw@KMissleSet@@QAEXXZ   10005447 f   KMissleSet.obj
 0001:00004471       ?GetCount@KMissleSet@@QAEHXZ 10005471 f   KMissleSet.obj
 0001:000044c0       ?ClearMissles@KMissleSet@@QAEXXZ 100054c0 f   KMissleSet.obj
 0001:00004510       ??0KSkillList@@QAE@XZ      10005510 f   KSkillList.obj
 0001:00004541       ??1KSkillList@@QAE@XZ      10005541 f   KSkillList.obj
 0001:0000454c       ?FindSame@KSkillList@@QAEHH@Z 1000554c f   KSkillList.obj
 0001:000045a5       ?FindFree@KSkillList@@QAEHXZ 100055a5 f   KSkillList.obj
 0001:000045e3       ?SetNpcSkill@KSkillList@@QAEXHHH@Z 100055e3 f   KSkillList.obj
 0001:000046bd       ?RemoveNpcSkill@KSkillList@@QAEXH@Z 100056bd f   KSkillList.obj
 0001:0000472f       ?GetCount@KSkillList@@QAEHXZ 1000572f f   KSkillList.obj
 0001:00004779       ?IncreaseLevel@KSkillList@@QAEHHHH@Z 10005779 f   KSkillList.obj
 0001:0000484d       ?Add@KSkillList@@QAEHHHHHH@Z 1000584d f   KSkillList.obj
 0001:00004a64       ?GetLevel@KSkillList@@QAEHH@Z 10005a64 f   KSkillList.obj
 0001:00004aa3       ?GetCurrentLevel@KSkillList@@QAEHH@Z 10005aa3 f   KSkillList.obj
 0001:00004ae2       ?CanCast@KSkillList@@QAEHHK@Z 10005ae2 f   KSkillList.obj
 0001:00004b3f       ?SetNextCastTime@KSkillList@@QAEXHK@Z 10005b3f f   KSkillList.obj
 0001:00004b7d       ?ReEnChance@KSkillList@@QAEXXZ 10005b7d f   KSkillList.obj
 0001:00004c42       ?UpdateDBSkillList@KSkillList@@QAEHPAE@Z 10005c42 f   KSkillList.obj
 0001:00004d10       ?ClearSkillLevel@KSkillList@@QAEH_N@Z 10005d10 f   KSkillList.obj
 0001:00004e20       ?id@?$ctype@G@std@@$D      10005e20 f i KSkillList.obj
 0001:00004e50       ?id@?$ctype@G@std@@$E      10005e50 f i KSkillList.obj
 0001:00004e9f       ??0KSkillManager@@QAE@XZ   10005e9f f   KSkillManager.obj
 0001:00004ead       ??1KSkillManager@@QAE@XZ   10005ead f   KSkillManager.obj
 0001:00004f79       ?Init@KSkillManager@@QAEHXZ 10005f79 f   KSkillManager.obj
 0001:000051e7       ?InstanceSkill@KSkillManager@@AAEPAVISkill@@KK@Z 100061e7 f   KSkillManager.obj
 0001:00005460       ??4KSkill@@QAEAAV0@ABV0@@Z 10006460 f i KSkillManager.obj
 0001:00005a40       ??4ISkill@@QAEAAV0@ABV0@@Z 10006a40 f i KSkillManager.obj
 0001:00005a50       ?SetSkillId@KSkill@@QAEXH@Z 10006a50 f i KSkillManager.obj
 0001:00005a70       ?SetSkillLevel@KSkill@@QAEXK@Z 10006a70 f i KSkillManager.obj
 0001:00005a90       ?GetSkillStyle@KSkillManager@@AAEHK@Z 10006a90 f i KSkillManager.obj
 0001:00005ad0       ??0KSkill@@QAE@XZ          10006ad0 f   KSkills.obj
 0001:00005c1a       ??1KSkill@@UAE@XZ          10006c1a f   KSkills.obj
 0001:00005c36       ?CanCastSkill@KSkill@@UBEHHAAH0@Z 10006c36 f   KSkills.obj
 0001:00005e65       ?Cast@KSkill@@QBEHHHHHW4eSkillLauncherType@@@Z 10006e65 f   KSkills.obj
 0001:000060c4       ?Vanish@KSkill@@ABEXPAVKMissle@@@Z 100070c4 f   KSkills.obj
 0001:000060df       ?OnMissleEvent@KSkill@@QBEHGPAVKMissle@@@Z 100070df f   KSkills.obj
 0001:000063e0       ?FlyEvent@KSkill@@ABEXPAVKMissle@@@Z 100073e0 f   KSkills.obj
 0001:000063fb       ?Collidsion@KSkill@@ABEXPAVKMissle@@@Z 100073fb f   KSkills.obj
 0001:00006416       ?CastMissles@KSkill@@ABEHHHHHW4eSkillLauncherType@@@Z 10007416 f   KSkills.obj
 0001:00007a2f       ?CastZone@KSkill@@ABEHPAUTOrdinSkillParam@@HHH@Z 10008a2f f   KSkills.obj
 0001:00008000       ?CastLine@KSkill@@ABEHPAUTOrdinSkillParam@@HHH@Z 10009000 f   KSkills.obj
 0001:000084fe       ?CastExtractiveLineMissle@KSkill@@ABEHPAUTOrdinSkillParam@@HHHHHHH@Z 100094fe f   KSkills.obj
 0001:000089b6       ?CastWall@KSkill@@ABEHPAUTOrdinSkillParam@@HHH@Z 100099b6 f   KSkills.obj
 0001:00008e90       ?CastNotWall@KSkill@@ABEHPAUTOrdinSkillParam@@HHH@Z 10009e90 f   KSkills.obj
 0001:000092d3       ?CastCircle@KSkill@@ABEHPAUTOrdinSkillParam@@HHH@Z 1000a2d3 f   KSkills.obj
 0001:00009740       ?CastSpread@KSkill@@ABEHPAUTOrdinSkillParam@@HHH@Z 1000a740 f   KSkills.obj
 0001:00009d92       ?GetChildSkillNum@KSkill@@QBEHH@Z 1000ad92 f   KSkills.obj
 0001:00009da8       ?CreateMissle@KSkill@@ABEXHHH@Z 1000ada8 f   KSkills.obj
 0001:0000a08e       ?GetInfoFromTabFile@KSkill@@QAEHH@Z 1000b08e f   KSkills.obj
 0001:0000a0b5       ?GetInfoFromTabFile@KSkill@@QAEHPAVKITabFile@@H@Z 1000b0b5 f   KSkills.obj
 0001:0000a93c       ?LoadSkillLevelData@KSkill@@UAEXKH@Z 1000b93c f   KSkills.obj
 0001:0000ac78       ?CreateMissleMagicAttribsData@KSkill@@QBEPAVKMissleMagicAttribsData@@H@Z 1000bc78 f   KSkills.obj
 0001:0000ae0a       ?GetMissleGenerateTime@KSkill@@QBEIH@Z 1000be0a f   KSkills.obj
 0001:0000af69       ?GetSkillIdFromName@KSkill@@SAHPAD@Z 1000bf69 f   KSkills.obj
 0001:0000afdd       ?CastInitiativeSkill@KSkill@@ABEHHHHH@Z 1000bfdd f   KSkills.obj
 0001:0000b1b2       ?CastPassivitySkill@KSkill@@ABEHHHHH@Z 1000c1b2 f   KSkills.obj
 0001:0000b21c       ?EnChanceSkill@KSkill@@QAEXH@Z 1000c21c f   KSkills.obj
 0001:0000b347       ?ParseString2MagicAttrib@KSkill@@AAEHKPAD0@Z 1000c347 f   KSkills.obj
 0001:0000bc73       ?CastStateSkill@KSkill@@QBEHHHHH@Z 1000cc73 f   KSkills.obj
 0001:0000bce0       ??0KMagicAttrib@@QAE@XZ    1000cce0 f i KSkills.obj
 0001:0000bd20       ??_GKSkill@@UAEPAXI@Z      1000cd20 f i KSkills.obj
 0001:0000bd20       ??_EKSkill@@UAEPAXI@Z      1000cd20 f i KSkills.obj
 0001:0000bd50       ?g_DirIndex2Dir@@YAHHH@Z   1000cd50 f i KSkills.obj
 0001:0000bd80       ?Param2PCoordinate@KSkill@@ABEHHHHPAH0W4eSkillLauncherType@@@Z 1000cd80 f i KSkills.obj
 0001:0000bf00       ?g_Dir2DirIndex@@YAHHH@Z   1000cf00 f i KSkills.obj
 0001:0000bf30       ?GetRef@KMissleMagicAttribsData@@QAEHXZ 1000cf30 f i KSkills.obj
 0001:0000bf40       ?SetMagicAttribsData@KMissle@@QAEHPAVKMissleMagicAttribsData@@@Z 1000cf40 f i KSkills.obj
 0001:0000bf70       ?AddRef@KMissleMagicAttribsData@@QAEHXZ 1000cf70 f i KSkills.obj
 0001:0000bf90       ?IsTargetOnly@KSkill@@UBEHXZ 1000cf90 f i KSkills.obj
 0001:0000bfb0       ?IsTargetEnemy@KSkill@@UBEHXZ 1000cfb0 f i KSkills.obj
 0001:0000bfd0       ?IsTargetAlly@KSkill@@UBEHXZ 1000cfd0 f i KSkills.obj
 0001:0000bff0       ?IsTargetObj@KSkill@@UBEHXZ 1000cff0 f i KSkills.obj
 0001:0000c010       ?GetSkillLevelUpScriptId@KSkill@@UBEKXZ 1000d010 f i KSkills.obj
 0001:0000c030       ?GetSkillName@KSkill@@UAEPBDXZ 1000d030 f i KSkills.obj
 0001:0000c050       ?GetSkillStyle@KSkill@@UAEHXZ 1000d050 f i KSkills.obj
 0001:0000c070       ?GetAttackRadius@KSkill@@UBEHXZ 1000d070 f i KSkills.obj
 0001:0000c090       ?GetSkillCost@KSkill@@UBEHPAX@Z 1000d090 f i KSkills.obj
 0001:0000c0b0       ?GetSkillCostType@KSkill@@UBE?AW4NPCATTRIB@@XZ 1000d0b0 f i KSkills.obj
 0001:0000c0d0       ?GetSkillId@KSkill@@UAEHXZ 1000d0d0 f i KSkills.obj
 0001:0000c0f0       ?IsAura@KSkill@@UBEHXZ     1000d0f0 f i KSkills.obj
 0001:0000c110       ?IsPhysical@KSkill@@UBEHXZ 1000d110 f i KSkills.obj
 0001:0000c130       ??0KMissleMagicAttribsData@@QAE@XZ 1000d130 f i KSkills.obj
 0001:0000c190       ?MagicAttrib2String@KSkill@@ABEPBDH@Z 1000d190 f i KSkills.obj
 0001:0000c1b0       ?Init@KFaction@@QAEHXZ     1000d1b0 f   KFaction.obj
 0001:0000c6b7       ?GetID@KFaction@@QAEHHH@Z  1000d6b7 f   KFaction.obj
 0001:0000c6ea       ?GetID@KFaction@@QAEHHPAD@Z 1000d6ea f   KFaction.obj
 0001:0000c766       ?GetCamp@KFaction@@QAEHH@Z 1000d766 f   KFaction.obj
 0001:0000c802       ??0KNpc@@QAE@XZ            1000d802 f   KNpc.obj
 0001:0000c91b       ?Init@KNpc@@QAEXXZ         1000d91b f   KNpc.obj
 0001:0000cedf       ?GetActiveSkill@KNpc@@QAEPAVISkill@@XZ 1000dedf f   KNpc.obj
 0001:0000cf29       ?SetCurrentCamp@KNpc@@QAEXH@Z 1000df29 f   KNpc.obj
 0001:0000d0fb       ?SetCamp@KNpc@@QAEXH@Z     1000e0fb f   KNpc.obj
 0001:0000d2cd       ?RestoreCurrentCamp@KNpc@@QAEXXZ 1000e2cd f   KNpc.obj
 0001:0000d4a3       ?Activate@KNpc@@QAEXXZ     1000e4a3 f   KNpc.obj
 0001:0000d60c       ?ProcStatus@KNpc@@QAEXXZ   1000e60c f   KNpc.obj
 0001:0000d768       ?ProcCommand@KNpc@@QAEXH@Z 1000e768 f   KNpc.obj
 0001:0000d9f2       ?ProcessState@KNpc@@QAEHXZ 1000e9f2 f   KNpc.obj
 0001:0000ed9b       ?DoDeath@KNpc@@AAEXH@Z     1000fd9b f   KNpc.obj
 0001:0000f07d       ?OnDeath@KNpc@@AAEXXZ      1001007d f   KNpc.obj
 0001:0000f237       ?DoDefense@KNpc@@AAEXXZ    10010237 f   KNpc.obj
 0001:0000f24f       ?OnDefense@KNpc@@AAEXXZ    1001024f f   KNpc.obj
 0001:0000f25a       ?DoIdle@KNpc@@AAEXXZ       1001025a f   KNpc.obj
 0001:0000f280       ?OnIdle@KNpc@@AAEXXZ       10010280 f   KNpc.obj
 0001:0000f28b       ?DoHurt@KNpc@@AAEXHHH@Z    1001028b f   KNpc.obj
 0001:0000f523       ?OnHurt@KNpc@@AAEXXZ       10010523 f   KNpc.obj
 0001:0000f59f       ?DoSpecial1@KNpc@@AAEXXZ   1001059f f   KNpc.obj
 0001:0000f5b2       ?OnSpecial1@KNpc@@AAEXXZ   100105b2 f   KNpc.obj
 0001:0000f6cb       ?DoSpecial2@KNpc@@AAEXXZ   100106cb f   KNpc.obj
 0001:0000f6d6       ?OnSpecial2@KNpc@@AAEXXZ   100106d6 f   KNpc.obj
 0001:0000f76c       ?DoSpecial3@KNpc@@AAEXXZ   1001076c f   KNpc.obj
 0001:0000f777       ?OnSpecial3@KNpc@@AAEXXZ   10010777 f   KNpc.obj
 0001:0000f782       ?DoSpecial4@KNpc@@AAEXHH@Z 10010782 f   KNpc.obj
 0001:0000fa1f       ?OnSpecial4@KNpc@@AAEXXZ   10010a1f f   KNpc.obj
 0001:0000fa2a       ?DoStand@KNpc@@AAEXXZ      10010a2a f   KNpc.obj
 0001:0000fa8a       ?OnStand@KNpc@@AAEXXZ      10010a8a f   KNpc.obj
 0001:0000fa9d       ?DoRevive@KNpc@@AAEXXZ     10010a9d f   KNpc.obj
 0001:0000fbb7       ?OnRevive@KNpc@@AAEXXZ     10010bb7 f   KNpc.obj
 0001:0000fbe2       ?DoRun@KNpc@@AAEXXZ        10010be2 f   KNpc.obj
 0001:0000fe17       ?OnRun@KNpc@@AAEXXZ        10010e17 f   KNpc.obj
 0001:0000ff08       ?DoSit@KNpc@@AAEXXZ        10010f08 f   KNpc.obj
 0001:000100ec       ?OnSit@KNpc@@AAEXXZ        100110ec f   KNpc.obj
 0001:00010118       ?DoSkill@KNpc@@AAEXHH@Z    10011118 f   KNpc.obj
 0001:0001052d       ?DoOrdinSkill@KNpc@@AAEHPAVKSkill@@HH@Z 1001152d f   KNpc.obj
 0001:00010696       ?DoAttack@KNpc@@AAEXXZ     10011696 f   KNpc.obj
 0001:000106fa       ?CastMeleeSkill@KNpc@@AAEHPAVKSkill@@@Z 100116fa f   KNpc.obj
 0001:000108f0       ?DoBlurAttack@KNpc@@AAEHXZ 100118f0 f   KNpc.obj
 0001:00010965       ?DoMagic@KNpc@@AAEXXZ      10011965 f   KNpc.obj
 0001:000109c9       ?OnSkill@KNpc@@AAEXXZ      100119c9 f   KNpc.obj
 0001:00010b25       ?JumpTo@KNpc@@AAEXHH@Z     10011b25 f   KNpc.obj
 0001:00010b60       ?RunTo@KNpc@@AAEXHH@Z      10011b60 f   KNpc.obj
 0001:00010b89       ?Goto@KNpc@@AAEXHH@Z       10011b89 f   KNpc.obj
 0001:00010bb2       ?DoWalk@KNpc@@AAEXXZ       10011bb2 f   KNpc.obj
 0001:00010de2       ?DoPlayerTalk@KNpc@@QAEXPAD@Z 10011de2 f   KNpc.obj
 0001:0001100a       ?OnPlayerTalk@KNpc@@AAEXXZ 1001200a f   KNpc.obj
 0001:00011015       ?OnWalk@KNpc@@AAEXXZ       10012015 f   KNpc.obj
 0001:0001103a       ?GetSkillLevel@KNpc@@QAEHH@Z 1001203a f   KNpc.obj
 0001:00011078       ?ModifyAttrib@KNpc@@QAEXHPAX@Z 10012078 f   KNpc.obj
 0001:0001109d       ?CalcDamage@KNpc@@QAEXHHHW4DAMAGE_TYPE@@HHHH@Z 1001209d f   KNpc.obj
 0001:00011a92       ?ReceiveDamage@KNpc@@QAEHHHPAXHHH@Z 10012a92 f   KNpc.obj
 0001:00012add       ?SetImmediatelySkillEffect@KNpc@@QAEXHPAXH@Z 10013add f   KNpc.obj
 0001:00012b35       ?AppendSkillEffect@KNpc@@QAEXHHHPAX0H@Z 10013b35 f   KNpc.obj
 0001:000133bf       ?ServeMove@KNpc@@AAEXH@Z   100143bf f   KNpc.obj
 0001:00013ac5       ?ServeJump@KNpc@@AAEXH@Z   10014ac5 f   KNpc.obj
 0001:00014128       ?SendCommand@KNpc@@QAEXW4NPCCMD@@HHH@Z 10015128 f   KNpc.obj
 0001:00014165       ?NewPath@KNpc@@AAEHHH@Z    10015165 f   KNpc.obj
 0001:0001418f       ?NewJump@KNpc@@AAEHHH@Z    1001518f f   KNpc.obj
 0001:0001448c       ?SelfDamage@KNpc@@QAEXH@Z  1001548c f   KNpc.obj
 0001:000144c7       ?Cost@KNpc@@QAEHW4NPCATTRIB@@HH@Z 100154c7 f   KNpc.obj
 0001:00014561       ?DoJump@KNpc@@AAEXXZ       10015561 f   KNpc.obj
 0001:000147aa       ?OnJump@KNpc@@AAEHXZ       100157aa f   KNpc.obj
 0001:000147f1       ?WaitForFrame@KNpc@@AAEHXZ 100157f1 f   KNpc.obj
 0001:0001483b       ?IsReachFrame@KNpc@@AAEHH@Z 1001583b f   KNpc.obj
 0001:00014871       ?Load@KNpc@@QAEXHH@Z       10015871 f   KNpc.obj
 0001:0001494c       ?GetMpsPos@KNpc@@QAEXPAH0@Z 1001594c f   KNpc.obj
 0001:000149ad       ?SetActiveSkill@KNpc@@QAEHH@Z 100159ad f   KNpc.obj
 0001:00014a5f       ?SetAuraSkill@KNpc@@QAEXH@Z 10015a5f f   KNpc.obj
 0001:00014b79       ?SetPlayerIdx@KNpc@@QAEHH@Z 10015b79 f   KNpc.obj
 0001:00014bb7       ?SendSyncData@KNpc@@QAEHH@Z 10015bb7 f   KNpc.obj
 0001:000150bc       ?NormalSync@KNpc@@QAEXXZ   100160bc f   KNpc.obj
 0001:00015904       ?BroadCastRevive@KNpc@@QAEXH@Z 10016904 f   KNpc.obj
 0001:00015ab1       ?GetPlayerIdx@KNpc@@QAEHXZ 10016ab1 f   KNpc.obj
 0001:00015ad2       ?AddBaseLifeMax@KNpc@@QAEXH@Z 10016ad2 f   KNpc.obj
 0001:00015b06       ?SetBaseLifeMax@KNpc@@QAEXH@Z 10016b06 f   KNpc.obj
 0001:00015b31       ?AddCurLifeMax@KNpc@@QAEXH@Z 10016b31 f   KNpc.obj
 0001:00015b53       ?AddBaseStaminaMax@KNpc@@QAEXH@Z 10016b53 f   KNpc.obj
 0001:00015b87       ?SetBaseStaminaMax@KNpc@@QAEXH@Z 10016b87 f   KNpc.obj
 0001:00015bb2       ?AddCurStaminaMax@KNpc@@QAEXH@Z 10016bb2 f   KNpc.obj
 0001:00015bd4       ?AddBaseManaMax@KNpc@@QAEXH@Z 10016bd4 f   KNpc.obj
 0001:00015c08       ?SetBaseManaMax@KNpc@@QAEXH@Z 10016c08 f   KNpc.obj
 0001:00015c33       ?AddCurManaMax@KNpc@@QAEXH@Z 10016c33 f   KNpc.obj
 0001:00015c55       ?CalcCurLifeReplenish@KNpc@@QAEXXZ 10016c55 f   KNpc.obj
 0001:00015c72       ?Remove@KNpc@@QAEXXZ       10016c72 f   KNpc.obj
 0001:00015c85       ?SetSeries@KNpc@@QAEXH@Z   10016c85 f   KNpc.obj
 0001:00015cb3       ?SetStateSkillEffect@KNpc@@QAEXHHHPAXHH@Z 10016cb3 f   KNpc.obj
 0001:000160cf       ?ModifyMissleCollsion@KNpc@@QAEHH@Z 100170cf f   KNpc.obj
 0001:00016108       ?ModifyMissleLifeTime@KNpc@@QAEHH@Z 10017108 f   KNpc.obj
 0001:00016129       ?ModifyMissleSpeed@KNpc@@QAEHH@Z 10017129 f   KNpc.obj
 0001:0001614f       ?DoManyAttack@KNpc@@AAEHXZ 1001714f f   KNpc.obj
 0001:00016289       ?OnManyAttack@KNpc@@AAEXXZ 10017289 f   KNpc.obj
 0001:00016366       ?DoRunAttack@KNpc@@AAEHXZ  10017366 f   KNpc.obj
 0001:00016514       ?OnRunAttack@KNpc@@AAEXXZ  10017514 f   KNpc.obj
 0001:0001673e       ?DoJumpAttack@KNpc@@AAEHXZ 1001773e f   KNpc.obj
 0001:00016817       ?OnJumpAttack@KNpc@@AAEHXZ 10017817 f   KNpc.obj
 0001:000169c9       ?CheckHitTarget@KNpc@@AAEHHHH@Z 100179c9 f   KNpc.obj
 0001:00016a67       ?GetNpcCopyFromTemplate@KNpc@@QAEXHH@Z 10017a67 f   KNpc.obj
 0001:00016ca6       ?LoadDataFromTemplate@KNpc@@QAEXHH@Z 10017ca6 f   KNpc.obj
 0001:00017120       ?SetPhysicsDamage@KNpc@@QAEXHH@Z 10018120 f   KNpc.obj
 0001:00017145       ?SetBaseAttackRating@KNpc@@QAEXH@Z 10018145 f   KNpc.obj
 0001:00017170       ?SetBaseDefence@KNpc@@QAEXH@Z 10018170 f   KNpc.obj
 0001:0001719b       ?DeathPunish@KNpc@@QAEXHH@Z 1001819b f   KNpc.obj
 0001:0001765f       ?PlayerDeadCreateMoneyObj@KNpc@@AAEXH@Z 1001865f f   KNpc.obj
 0001:00017733       ?LoseMoney@KNpc@@AAEXH@Z   10018733 f   KNpc.obj
 0001:00017853       ?LoseSingleItem@KNpc@@AAEXH@Z 10018853 f   KNpc.obj
 0001:00017df9       ?Revive@KNpc@@QAEXXZ       10018df9 f   KNpc.obj
 0001:00017f50       ?RestoreLiveData@KNpc@@QAEXXZ 10018f50 f   KNpc.obj
 0001:00017f5b       ?SendDataToNearRegion@KNpc@@QAEXPAXK@Z 10018f5b f   KNpc.obj
 0001:0001810d       ?DeathCalcPKValue@KNpc@@QAEHH@Z 1001910d f   KNpc.obj
 0001:0001836b       ?CheckPlayerAround@KNpc@@QAEHH@Z 1001936b f   KNpc.obj
 0001:00018458       ?UpdateNpcStateInfo@KNpc@@AAEXXZ 10019458 f   KNpc.obj
 0001:0001854b       ?BroadCastState@KNpc@@QAEXXZ 1001954b f   KNpc.obj
 0001:0001872d       ?ClearNpcState@KNpc@@QAEXXZ 1001972d f   KNpc.obj
 0001:0001879d       ?RestoreNpcBaseInfo@KNpc@@QAEXXZ 1001979d f   KNpc.obj
 0001:00018c04       ?SetPos@KNpc@@QAEHHH@Z     10019c04 f   KNpc.obj
 0001:00018e02       ?ChangeWorld@KNpc@@QAEHKHH@Z 10019e02 f   KNpc.obj
 0001:00019148       ?TobeExchangeServer@KNpc@@QAEXKHH@Z 1001a148 f   KNpc.obj
 0001:000191c3       ?IsPlayer@KNpc@@QAEHXZ     1001a1c3 f   KNpc.obj
 0001:000191dc       ?ClearStateSkillEffect@KNpc@@QAEXXZ 1001a1dc f   KNpc.obj
 0001:000192c7       ?ClearNormalState@KNpc@@QAEXXZ 1001a2c7 f   KNpc.obj
 0001:0001942c       ?CheckTrap@KNpc@@QAEXXZ    1001a42c f   KNpc.obj
 0001:00019509       ?SetFightMode@KNpc@@QAEXH@Z 1001a509 f   KNpc.obj
 0001:00019545       ?SetBayBan@KNpc@@QAEXH@Z   1001a545 f   KNpc.obj
 0001:0001955e       ?TurnTo@KNpc@@QAEXH@Z      1001a55e f   KNpc.obj
 0001:000195d7       ?ReCalcStateEffect@KNpc@@QAEXXZ 1001a5d7 f   KNpc.obj
 0001:000196aa       ?GetCurActiveWeaponSkill@KNpc@@QAEHXZ 1001a6aa f   KNpc.obj
 0001:00019745       ?GetFrameCopyFromTemplate@KNpc@@QAEXHH@Z 1001a745 f   KNpc.obj
 0001:00019984       ?ReSetRes@KNpc@@QAEXH@Z    1001a984 f   KNpc.obj
 0001:000199fe       ?LoadFrameFromTemplate@KNpc@@QAEXHH@Z 1001a9fe f   KNpc.obj
 0001:00019ab8       ?DoSecMove@KNpc@@AAEHH@Z   1001aab8 f   KNpc.obj
 0001:00019ff2       ?SetRankFF@KNpc@@QAEXH@Z   1001aff2 f   KNpc.obj
 0001:0001a1c0       ??1KNpc@@QAE@XZ            1001b1c0 f i KNpc.obj
 0001:0001a230       ??1KList@@QAE@XZ           1001b230 f i KNpc.obj
 0001:0001a280       ??0KList@@QAE@XZ           1001b280 f i KNpc.obj
 0001:0001a2f0       ?Remove@KNode@@QAEXXZ      1001b2f0 f i KNpc.obj
 0001:0001a340       ?GetEnChance@KSkillList@@QAEHH@Z 1001b340 f i KNpc.obj
 0001:0001a370       ?GetBaseMagic@KItem@@QBEHXZ 1001b370 f i KNpc.obj
 0001:0001a390       ?g_RandPercent@@YAHH@Z     1001b390 f i KNpc.obj
 0001:0001a3b0       ?GetChildSkillId@KSkill@@QBEHXZ 1001b3b0 f i KNpc.obj
 0001:0001a3d0       ?GetActionType@KSkill@@QBE?AW4CLIENTACTION@@XZ 1001b3d0 f i KNpc.obj
 0001:0001a3f0       ?GetParam1@KSkill@@QBEHXZ  1001b3f0 f i KNpc.obj
 0001:0001a410       ?GetMeleeType@KSkill@@QBEHXZ 1001b410 f i KNpc.obj
 0001:0001a430       ?GetDelayPerCast@KSkill@@QBEHXZ 1001b430 f i KNpc.obj
 0001:0001a450       ?GetPlayerWalkSpeed@KNpcSet@@QAEHXZ 1001b450 f i KNpc.obj
 0001:0001a470       ?GetPlayerRunSpeed@KNpcSet@@QAEHXZ 1001b470 f i KNpc.obj
 0001:0001a490       ?GetPlayerAttackFrame@KNpcSet@@QAEHXZ 1001b490 f i KNpc.obj
 0001:0001a4b0       ?GetPlayerHurtFrame@KNpcSet@@QAEHXZ 1001b4b0 f i KNpc.obj
 0001:0001a4d0       ?GetStateSpecailId@KSkill@@QBEHXZ 1001b4d0 f i KNpc.obj
 0001:0001a4f0       ?GetFigure@KPlayerTong@@QAEHXZ 1001b4f0 f i KNpc.obj
 0001:0001a510       ??0STATE_EFFECT_SYNC@@QAE@XZ 1001b510 f i KNpc.obj
 0001:0001a540       ??0KStateNode@@QAE@XZ      1001b540 f i KNpc.obj
 0001:0001a5b0       ??_EKStateNode@@UAEPAXI@Z  1001b5b0 f i KNpc.obj
 0001:0001a5b0       ??_GKStateNode@@UAEPAXI@Z  1001b5b0 f i KNpc.obj
 0001:0001a5e0       ??1KStateNode@@UAE@XZ      1001b5e0 f i KNpc.obj
 0001:0001a600       ?GetChildSkillNum@KSkill@@QBEHXZ 1001b600 f i KNpc.obj
 0001:0001a620       ?GetSkill@KSkillManager@@QAEPAVISkill@@HHW4eSKillStyle@@@Z 1001b620 f i KNpc.obj
 0001:0001a660       ??0KNpcTemplate@@QAE@XZ    1001b660 f i KNpc.obj
 0001:0001a6a0       ??0tagSHOW_MSG_SYNC@@QAE@XZ 1001b6a0 f i KNpc.obj
 0001:0001a6c0       ??1tagSHOW_MSG_SYNC@@QAE@XZ 1001b6c0 f i KNpc.obj
 0001:0001a6e0       ?Release@tagSHOW_MSG_SYNC@@QAEXXZ 1001b6e0 f i KNpc.obj
 0001:0001a720       ?GetWidth@KItem@@QBEHXZ    1001b720 f i KNpc.obj
 0001:0001a740       ?GetHeight@KItem@@QBEHXZ   1001b740 f i KNpc.obj
 0001:0001a760       ?GetName@KItem@@QBEPADXZ   1001b760 f i KNpc.obj
 0001:0001a780       ?GetObjIdx@KItem@@QAEHXZ   1001b780 f i KNpc.obj
 0001:0001a7a0       ?GetGameVersion@KSubWorldSet@@QAEHXZ 1001b7a0 f i KNpc.obj
 0001:0001a7c0       ?IsEnmityPKLauncher@KPlayerPK@@QAEHXZ 1001b7c0 f i KNpc.obj
 0001:0001a7e0       ?GetPrev@KNode@@QAEPAV1@XZ 1001b7e0 f i KNpc.obj
 0001:0001a810       ?GetTail@KList@@QAEPAVKNode@@XZ 1001b810 f i KNpc.obj
 0001:0001a830       ?RemovePlayer@?$KMissionArray@VKMission@@$02@@QAEHK@Z 1001b830 f i KNpc.obj
 0001:0001a8c0       ?RemovePlayer@KMission@@QAEHKK@Z 1001b8c0 f i KNpc.obj
 0001:0001a980       ?Remove@?$KLinkArrayTemplate@UTMissionPlayerInfo@@$0ELA@@@QAEKPAUTMissionPlayerInfo@@@Z 1001b980 f i KNpc.obj
 0001:0001a9c0       ?Remove@?$KLinkArrayTemplate@UTMissionPlayerInfo@@$0ELA@@@QAEKK@Z 1001b9c0 f i KNpc.obj
 0001:0001aa20       ?GetUsedCount@?$KLinkArrayTemplate@VKMission@@$02@@QBEKXZ 1001ba20 f i KNpc.obj
 0001:0001aa59       ??0KNpcAI@@QAE@XZ          1001ba59 f   KNpcAI.obj
 0001:0001aa7a       ?Activate@KNpcAI@@QAEXH@Z  1001ba7a f   KNpcAI.obj
 0001:0001abb3       ?ProcessPlayer@KNpcAI@@AAEXXZ 1001bbb3 f   KNpcAI.obj
 0001:0001abce       ?TriggerMapTrap@KNpcAI@@AAEXXZ 1001bbce f   KNpcAI.obj
 0001:0001abef       ?TriggerObjectTrap@KNpcAI@@AAEXXZ 1001bbef f   KNpcAI.obj
 0001:0001abfa       ?GetNearestNpc@KNpcAI@@AAEHH@Z 1001bbfa f   KNpcAI.obj
 0001:0001b351       ?GetNpcNumber@KNpcAI@@AAEHH@Z 1001c351 f   KNpcAI.obj
 0001:0001b5e1       ?KeepAttackRange@KNpcAI@@AAEXHH@Z 1001c5e1 f   KNpcAI.obj
 0001:0001b6a5       ?FollowAttack@KNpcAI@@AAEXH@Z 1001c6a5 f   KNpcAI.obj
 0001:0001b79c       ?InEyeshot@KNpcAI@@AAEHH@Z 1001c79c f   KNpcAI.obj
 0001:0001b7d9       ?CommonAction@KNpcAI@@AAEXXZ 1001c7d9 f   KNpcAI.obj
 0001:0001b8e9       ?KeepActiveRange@KNpcAI@@AAEHXZ 1001c8e9 f   KNpcAI.obj
 0001:0001ba07       ?Flee@KNpcAI@@AAEXH@Z      1001ca07 f   KNpcAI.obj
 0001:0001ba88       ?ProcessAIType01@KNpcAI@@AAEXXZ 1001ca88 f   KNpcAI.obj
 0001:0001bcc3       ?ProcessAIType02@KNpcAI@@AAEXXZ 1001ccc3 f   KNpcAI.obj
 0001:0001bfae       ?ProcessAIType03@KNpcAI@@AAEXXZ 1001cfae f   KNpcAI.obj
 0001:0001c229       ?ProcessAIType04@KNpcAI@@AAEXXZ 1001d229 f   KNpcAI.obj
 0001:0001c41b       ?ProcessAIType05@KNpcAI@@AAEXXZ 1001d41b f   KNpcAI.obj
 0001:0001c6bd       ?ProcessAIType06@KNpcAI@@AAEXXZ 1001d6bd f   KNpcAI.obj
 0001:0001c92f       ??0KNpcAttribModify@@QAE@XZ 1001d92f f   KNpcAttribModify.obj
 0001:0001cfb0       ??1KNpcAttribModify@@QAE@XZ 1001dfb0 f   KNpcAttribModify.obj
 0001:0001cfbb       ?ModifyAttrib@KNpcAttribModify@@QAEXPAVKNpc@@PAX@Z 1001dfbb f   KNpcAttribModify.obj
 0001:0001d017       ?AddColdDamageV@KNpcAttribModify@@AAEXPAVKNpc@@PAX@Z 1001e017 f   KNpcAttribModify.obj
 0001:0001d0c9       ?AddFireDamageV@KNpcAttribModify@@AAEXPAVKNpc@@PAX@Z 1001e0c9 f   KNpcAttribModify.obj
 0001:0001d12d       ?AddLightingDamageV@KNpcAttribModify@@AAEXPAVKNpc@@PAX@Z 1001e12d f   KNpcAttribModify.obj
 0001:0001d191       ?AddPhysicsDamageP@KNpcAttribModify@@AAEXPAVKNpc@@PAX@Z 1001e191 f   KNpcAttribModify.obj
 0001:0001d382       ?AddPoisonDamageV@KNpcAttribModify@@AAEXPAVKNpc@@PAX@Z 1001e382 f   KNpcAttribModify.obj
 0001:0001d434       ?AddPhysicsDamageV@KNpcAttribModify@@AAEXPAVKNpc@@PAX@Z 1001e434 f   KNpcAttribModify.obj
 0001:0001d480       ?AllresP@KNpcAttribModify@@AAEXPAVKNpc@@PAX@Z 1001e480 f   KNpcAttribModify.obj
 0001:0001d52c       ?AllSkillV@KNpcAttribModify@@AAEXPAVKNpc@@PAX@Z 1001e52c f   KNpcAttribModify.obj
 0001:0001d83c       ?AttackRatingP@KNpcAttribModify@@AAEXPAVKNpc@@PAX@Z 1001e83c f   KNpcAttribModify.obj
 0001:0001d8b5       ?AttackRatingV@KNpcAttribModify@@AAEXPAVKNpc@@PAX@Z 1001e8b5 f   KNpcAttribModify.obj
 0001:0001d901       ?AttackSpeedV@KNpcAttribModify@@AAEXPAVKNpc@@PAX@Z 1001e901 f   KNpcAttribModify.obj
 0001:0001d94d       ?BadStatusTimeReduceV@KNpcAttribModify@@AAEXPAVKNpc@@PAX@Z 1001e94d f   KNpcAttribModify.obj
 0001:0001d962       ?BurnTimeReduceP@KNpcAttribModify@@AAEXPAVKNpc@@PAX@Z 1001e962 f   KNpcAttribModify.obj
 0001:0001d96f       ?CastSpeedV@KNpcAttribModify@@AAEXPAVKNpc@@PAX@Z 1001e96f f   KNpcAttribModify.obj
 0001:0001d9bb       ?ChangeCampV@KNpcAttribModify@@AAEXPAVKNpc@@PAX@Z 1001e9bb f   KNpcAttribModify.obj
 0001:0001da2c       ?ColdArmorV@KNpcAttribModify@@AAEXPAVKNpc@@PAX@Z 1001ea2c f   KNpcAttribModify.obj
 0001:0001dac0       ?ColdresP@KNpcAttribModify@@AAEXPAVKNpc@@PAX@Z 1001eac0 f   KNpcAttribModify.obj
 0001:0001db0c       ?DeadlyStrikeP@KNpcAttribModify@@AAEXPAVKNpc@@PAX@Z 1001eb0c f   KNpcAttribModify.obj
 0001:0001db58       ?DexterityV@KNpcAttribModify@@AAEXPAVKNpc@@PAX@Z 1001eb58 f   KNpcAttribModify.obj
 0001:0001dbc6       ?EarthSkillV@KNpcAttribModify@@AAEXPAVKNpc@@PAX@Z 1001ebc6 f   KNpcAttribModify.obj
 0001:0001dbf9       ?EnergyV@KNpcAttribModify@@AAEXPAVKNpc@@PAX@Z 1001ebf9 f   KNpcAttribModify.obj
 0001:0001dc67       ?FastHitRecoverV@KNpcAttribModify@@AAEXPAVKNpc@@PAX@Z 1001ec67 f   KNpcAttribModify.obj
 0001:0001dcb3       ?FastWalkRunP@KNpcAttribModify@@AAEXPAVKNpc@@PAX@Z 1001ecb3 f   KNpcAttribModify.obj
 0001:0001dd3f       ?FireArmorV@KNpcAttribModify@@AAEXPAVKNpc@@PAX@Z 1001ed3f f   KNpcAttribModify.obj
 0001:0001ddd3       ?FireSkillV@KNpcAttribModify@@AAEXPAVKNpc@@PAX@Z 1001edd3 f   KNpcAttribModify.obj
 0001:0001de06       ?FreezeTimeReduceP@KNpcAttribModify@@AAEXPAVKNpc@@PAX@Z 1001ee06 f   KNpcAttribModify.obj
 0001:0001de52       ?KnockBackP@KNpcAttribModify@@AAEXPAVKNpc@@PAX@Z 1001ee52 f   KNpcAttribModify.obj
 0001:0001de9e       ?LifeMaxP@KNpcAttribModify@@AAEXPAVKNpc@@PAX@Z 1001ee9e f   KNpcAttribModify.obj
 0001:0001df17       ?LifeMaxV@KNpcAttribModify@@AAEXPAVKNpc@@PAX@Z 1001ef17 f   KNpcAttribModify.obj
 0001:0001df63       ?LifeReplenishV@KNpcAttribModify@@AAEXPAVKNpc@@PAX@Z 1001ef63 f   KNpcAttribModify.obj
 0001:0001dfaf       ?LifeV@KNpcAttribModify@@AAEXPAVKNpc@@PAX@Z 1001efaf f   KNpcAttribModify.obj
 0001:0001dffb       ?LightingArmorV@KNpcAttribModify@@AAEXPAVKNpc@@PAX@Z 1001effb f   KNpcAttribModify.obj
 0001:0001e08f       ?LightingresP@KNpcAttribModify@@AAEXPAVKNpc@@PAX@Z 1001f08f f   KNpcAttribModify.obj
 0001:0001e0db       ?LuckyV@KNpcAttribModify@@AAEXPAVKNpc@@PAX@Z 1001f0db f   KNpcAttribModify.obj
 0001:0001e14b       ?ManaMaxP@KNpcAttribModify@@AAEXPAVKNpc@@PAX@Z 1001f14b f   KNpcAttribModify.obj
 0001:0001e1c4       ?ManaMaxV@KNpcAttribModify@@AAEXPAVKNpc@@PAX@Z 1001f1c4 f   KNpcAttribModify.obj
 0001:0001e210       ?ManaReplenishV@KNpcAttribModify@@AAEXPAVKNpc@@PAX@Z 1001f210 f   KNpcAttribModify.obj
 0001:0001e25c       ?ManaV@KNpcAttribModify@@AAEXPAVKNpc@@PAX@Z 1001f25c f   KNpcAttribModify.obj
 0001:0001e2a8       ?ManaShieldP@KNpcAttribModify@@AAEXPAVKNpc@@PAX@Z 1001f2a8 f   KNpcAttribModify.obj
 0001:0001e333       ?MeleeDamageReturnP@KNpcAttribModify@@AAEXPAVKNpc@@PAX@Z 1001f333 f   KNpcAttribModify.obj
 0001:0001e37f       ?MeleeDamageReturnV@KNpcAttribModify@@AAEXPAVKNpc@@PAX@Z 1001f37f f   KNpcAttribModify.obj
 0001:0001e3cb       ?MetalSkillV@KNpcAttribModify@@AAEXPAVKNpc@@PAX@Z 1001f3cb f   KNpcAttribModify.obj
 0001:0001e3fe       ?PhysicsArmorV@KNpcAttribModify@@AAEXPAVKNpc@@PAX@Z 1001f3fe f   KNpcAttribModify.obj
 0001:0001e492       ?PhysicsresP@KNpcAttribModify@@AAEXPAVKNpc@@PAX@Z 1001f492 f   KNpcAttribModify.obj
 0001:0001e4de       ?Damage2ManaP@KNpcAttribModify@@AAEXPAVKNpc@@PAX@Z 1001f4de f   KNpcAttribModify.obj
 0001:0001e52a       ?PoisonArmorV@KNpcAttribModify@@AAEXPAVKNpc@@PAX@Z 1001f52a f   KNpcAttribModify.obj
 0001:0001e5be       ?PoisonDamageReduceV@KNpcAttribModify@@AAEXPAVKNpc@@PAX@Z 1001f5be f   KNpcAttribModify.obj
 0001:0001e622       ?PoisonresP@KNpcAttribModify@@AAEXPAVKNpc@@PAX@Z 1001f622 f   KNpcAttribModify.obj
 0001:0001e66e       ?PoisonTimeReduceP@KNpcAttribModify@@AAEXPAVKNpc@@PAX@Z 1001f66e f   KNpcAttribModify.obj
 0001:0001e6ba       ?RangeDamageReturnV@KNpcAttribModify@@AAEXPAVKNpc@@PAX@Z 1001f6ba f   KNpcAttribModify.obj
 0001:0001e706       ?RangeDamageReturnP@KNpcAttribModify@@AAEXPAVKNpc@@PAX@Z 1001f706 f   KNpcAttribModify.obj
 0001:0001e752       ?SlowMissleB@KNpcAttribModify@@AAEXPAVKNpc@@PAX@Z 1001f752 f   KNpcAttribModify.obj
 0001:0001e7aa       ?StaminaMaxP@KNpcAttribModify@@AAEXPAVKNpc@@PAX@Z 1001f7aa f   KNpcAttribModify.obj
 0001:0001e823       ?StaminaMaxV@KNpcAttribModify@@AAEXPAVKNpc@@PAX@Z 1001f823 f   KNpcAttribModify.obj
 0001:0001e86f       ?StaminaReplenishV@KNpcAttribModify@@AAEXPAVKNpc@@PAX@Z 1001f86f f   KNpcAttribModify.obj
 0001:0001e8bb       ?StaminaV@KNpcAttribModify@@AAEXPAVKNpc@@PAX@Z 1001f8bb f   KNpcAttribModify.obj
 0001:0001e907       ?StealLifeP@KNpcAttribModify@@AAEXPAVKNpc@@PAX@Z 1001f907 f   KNpcAttribModify.obj
 0001:0001e95c       ?StealManaP@KNpcAttribModify@@AAEXPAVKNpc@@PAX@Z 1001f95c f   KNpcAttribModify.obj
 0001:0001e9b1       ?StealStaminaP@KNpcAttribModify@@AAEXPAVKNpc@@PAX@Z 1001f9b1 f   KNpcAttribModify.obj
 0001:0001ea06       ?StrengthV@KNpcAttribModify@@AAEXPAVKNpc@@PAX@Z 1001fa06 f   KNpcAttribModify.obj
 0001:0001ea74       ?StunTimeReduceP@KNpcAttribModify@@AAEXPAVKNpc@@PAX@Z 1001fa74 f   KNpcAttribModify.obj
 0001:0001eac0       ?VisionRadiusP@KNpcAttribModify@@AAEXPAVKNpc@@PAX@Z 1001fac0 f   KNpcAttribModify.obj
 0001:0001eb0c       ?VitalityV@KNpcAttribModify@@AAEXPAVKNpc@@PAX@Z 1001fb0c f   KNpcAttribModify.obj
 0001:0001eb7a       ?WaterSkillV@KNpcAttribModify@@AAEXPAVKNpc@@PAX@Z 1001fb7a f   KNpcAttribModify.obj
 0001:0001ebad       ?WoodSkillV@KNpcAttribModify@@AAEXPAVKNpc@@PAX@Z 1001fbad f   KNpcAttribModify.obj
 0001:0001ebe0       ?FireresP@KNpcAttribModify@@AAEXPAVKNpc@@PAX@Z 1001fbe0 f   KNpcAttribModify.obj
 0001:0001ec2c       ?ArmorDefenseV@KNpcAttribModify@@AAEXPAVKNpc@@PAX@Z 1001fc2c f   KNpcAttribModify.obj
 0001:0001ec78       ?ColdEnhanceP@KNpcAttribModify@@AAEXPAVKNpc@@PAX@Z 1001fc78 f   KNpcAttribModify.obj
 0001:0001ecc4       ?FireEnhanceP@KNpcAttribModify@@AAEXPAVKNpc@@PAX@Z 1001fcc4 f   KNpcAttribModify.obj
 0001:0001ed10       ?LightingEnhanceP@KNpcAttribModify@@AAEXPAVKNpc@@PAX@Z 1001fd10 f   KNpcAttribModify.obj
 0001:0001ed5c       ?PoisonEnhanceP@KNpcAttribModify@@AAEXPAVKNpc@@PAX@Z 1001fd5c f   KNpcAttribModify.obj
 0001:0001eda8       ?LifePotionV@KNpcAttribModify@@AAEXPAVKNpc@@PAX@Z 1001fda8 f   KNpcAttribModify.obj
 0001:0001ee66       ?ManaPotionV@KNpcAttribModify@@AAEXPAVKNpc@@PAX@Z 1001fe66 f   KNpcAttribModify.obj
 0001:0001ef24       ?PhysicsResMaxP@KNpcAttribModify@@AAEXPAVKNpc@@PAX@Z 1001ff24 f   KNpcAttribModify.obj
 0001:0001ef70       ?ColdResMaxP@KNpcAttribModify@@AAEXPAVKNpc@@PAX@Z 1001ff70 f   KNpcAttribModify.obj
 0001:0001efbc       ?FireResMaxP@KNpcAttribModify@@AAEXPAVKNpc@@PAX@Z 1001ffbc f   KNpcAttribModify.obj
 0001:0001f008       ?LightingResMaxP@KNpcAttribModify@@AAEXPAVKNpc@@PAX@Z 10020008 f   KNpcAttribModify.obj
 0001:0001f054       ?PoisonResMaxP@KNpcAttribModify@@AAEXPAVKNpc@@PAX@Z 10020054 f   KNpcAttribModify.obj
 0001:0001f0a0       ?AllResMaxP@KNpcAttribModify@@AAEXPAVKNpc@@PAX@Z 100200a0 f   KNpcAttribModify.obj
 0001:0001f14c       ?FatallyStrikeP@KNpcAttribModify@@AAEXPAVKNpc@@PAX@Z 1002014c f   KNpcAttribModify.obj
 0001:0001f159       ?MixPoisonDamage@KNpcAttribModify@@QAEXPAUKMagicAttrib@@0@Z 10020159 f   KNpcAttribModify.obj
 0001:0001f244       ?AddPhysicsMagic@KNpcAttribModify@@AAEXPAVKNpc@@PAX@Z 10020244 f   KNpcAttribModify.obj
 0001:0001f2a8       ?AddColdMagic@KNpcAttribModify@@AAEXPAVKNpc@@PAX@Z 100202a8 f   KNpcAttribModify.obj
 0001:0001f35a       ?AddFireMagic@KNpcAttribModify@@AAEXPAVKNpc@@PAX@Z 1002035a f   KNpcAttribModify.obj
 0001:0001f3be       ?AddLightingMagic@KNpcAttribModify@@AAEXPAVKNpc@@PAX@Z 100203be f   KNpcAttribModify.obj
 0001:0001f422       ?AddPoisonMagic@KNpcAttribModify@@AAEXPAVKNpc@@PAX@Z 10020422 f   KNpcAttribModify.obj
 0001:0001f4d4       ?fatallystrikeresP@KNpcAttribModify@@AAEXPAVKNpc@@PAX@Z 100204d4 f   KNpcAttribModify.obj
 0001:0001f4e1       ?addskilldamage1@KNpcAttribModify@@AAEXPAVKNpc@@PAX@Z 100204e1 f   KNpcAttribModify.obj
 0001:0001f62f       ?addskilldamage2@KNpcAttribModify@@AAEXPAVKNpc@@PAX@Z 1002062f f   KNpcAttribModify.obj
 0001:0001f77d       ?addskilldamage3@KNpcAttribModify@@AAEXPAVKNpc@@PAX@Z 1002077d f   KNpcAttribModify.obj
 0001:0001f8cb       ?addskilldamage4@KNpcAttribModify@@AAEXPAVKNpc@@PAX@Z 100208cb f   KNpcAttribModify.obj
 0001:0001fa19       ?addskilldamage5@KNpcAttribModify@@AAEXPAVKNpc@@PAX@Z 10020a19 f   KNpcAttribModify.obj
 0001:0001fb67       ?addskilldamage6@KNpcAttribModify@@AAEXPAVKNpc@@PAX@Z 10020b67 f   KNpcAttribModify.obj
 0001:0001fcb5       ?dynamicmagicshieldV@KNpcAttribModify@@AAEXPAVKNpc@@PAX@Z 10020cb5 f   KNpcAttribModify.obj
 0001:0001fce2       ?addstealfeatureskill@KNpcAttribModify@@AAEXPAVKNpc@@PAX@Z 10020ce2 f   KNpcAttribModify.obj
 0001:0001fcef       ?lifereplenishP@KNpcAttribModify@@AAEXPAVKNpc@@PAX@Z 10020cef f   KNpcAttribModify.obj
 0001:0001fcfc       ?ignoreskillP@KNpcAttribModify@@AAEXPAVKNpc@@PAX@Z 10020cfc f   KNpcAttribModify.obj
 0001:0001fd09       ?poisondamagereturnV@KNpcAttribModify@@AAEXPAVKNpc@@PAX@Z 10020d09 f   KNpcAttribModify.obj
 0001:0001fd16       ?poisondamagereturnP@KNpcAttribModify@@AAEXPAVKNpc@@PAX@Z 10020d16 f   KNpcAttribModify.obj
 0001:0001fd23       ?returnskillP@KNpcAttribModify@@AAEXPAVKNpc@@PAX@Z 10020d23 f   KNpcAttribModify.obj
 0001:0001fd30       ?autoreplyskill@KNpcAttribModify@@AAEXPAVKNpc@@PAX@Z 10020d30 f   KNpcAttribModify.obj
 0001:0001fd3d       ?skill_mintimepercastV@KNpcAttribModify@@AAEXPAVKNpc@@PAX@Z 10020d3d f   KNpcAttribModify.obj
 0001:0001fd4a       ?mintimepercastonhorseV@KNpcAttribModify@@AAEXPAVKNpc@@PAX@Z 10020d4a f   KNpcAttribModify.obj
 0001:0001fd57       ?poison2decmanaP@KNpcAttribModify@@AAEXPAVKNpc@@PAX@Z 10020d57 f   KNpcAttribModify.obj
 0001:0001fdb9       ?skill_appendskil@KNpcAttribModify@@AAEXPAVKNpc@@PAX@Z 10020db9 f   KNpcAttribModify.obj
 0001:0001fe71       ?hide@KNpcAttribModify@@AAEXPAVKNpc@@PAX@Z 10020e71 f   KNpcAttribModify.obj
 0001:0001fea8       ?clearnegativestate@KNpcAttribModify@@AAEXPAVKNpc@@PAX@Z 10020ea8 f   KNpcAttribModify.obj
 0001:0001feb5       ?returnresP@KNpcAttribModify@@AAEXPAVKNpc@@PAX@Z 10020eb5 f   KNpcAttribModify.obj
 0001:0001fec2       ?decPercasttimehorse@KNpcAttribModify@@AAEXPAVKNpc@@PAX@Z 10020ec2 f   KNpcAttribModify.obj
 0001:0001fecf       ?decPercasttime@KNpcAttribModify@@AAEXPAVKNpc@@PAX@Z 10020ecf f   KNpcAttribModify.obj
 0001:0001fedc       ?enhance_709_auto@KNpcAttribModify@@AAEXPAVKNpc@@PAX@Z 10020edc f   KNpcAttribModify.obj
 0001:0001fee9       ?enhance_708_lifeP@KNpcAttribModify@@AAEXPAVKNpc@@PAX@Z 10020ee9 f   KNpcAttribModify.obj
 0001:0001fef6       ?enhance_93_lifeV@KNpcAttribModify@@AAEXPAVKNpc@@PAX@Z 10020ef6 f   KNpcAttribModify.obj
 0001:0001ff03       ?enhance_711_auto@KNpcAttribModify@@AAEXPAVKNpc@@PAX@Z 10020f03 f   KNpcAttribModify.obj
 0001:0001ff10       ?enhance_714_auto@KNpcAttribModify@@AAEXPAVKNpc@@PAX@Z 10020f10 f   KNpcAttribModify.obj
 0001:0001ff1d       ?enhance_717_auto@KNpcAttribModify@@AAEXPAVKNpc@@PAX@Z 10020f1d f   KNpcAttribModify.obj
 0001:0001ff2a       ?enhance_723_missP@KNpcAttribModify@@AAEXPAVKNpc@@PAX@Z 10020f2a f   KNpcAttribModify.obj
 0001:0001ff37       ?expenhanceP@KNpcAttribModify@@AAEXPAVKNpc@@PAX@Z 10020f37 f   KNpcAttribModify.obj
 0001:0001ff88       ?SerisesDamage@KNpcAttribModify@@AAEXPAVKNpc@@PAX@Z 10020f88 f   KNpcAttribModify.obj
 0001:0001ffb5       ?autoskill@KNpcAttribModify@@AAEXPAVKNpc@@PAX@Z 10020fb5 f   KNpcAttribModify.obj
 0001:00020010       ?GetSkillId@KSkillList@@QAEHH@Z 10021010 f i KNpcAttribModify.obj
 0001:00020040       ?GetAddPoint@KSkillList@@QAEHH@Z 10021040 f i KNpcAttribModify.obj
 0001:00020070       ?QeuipAddPoint@KSkillList@@QAEXHH@Z 10021070 f i KNpcAttribModify.obj
 0001:000200a0       ?AddEnChance@KSkillList@@QAEXHH@Z 100210a0 f i KNpcAttribModify.obj
 0001:000200d0       ?Init@KNpcDeathCalcExp@@QAEXH@Z 100210d0 f   KNpcDeathCalcExp.obj
 0001:00020102       ?Active@KNpcDeathCalcExp@@QAEXXZ 10021102 f   KNpcDeathCalcExp.obj
 0001:000201b7       ?AddDamage@KNpcDeathCalcExp@@QAEXHH@Z 100211b7 f   KNpcDeathCalcExp.obj
 0001:00020319       ?CalcExp@KNpcDeathCalcExp@@QAEHXZ 10021319 f   KNpcDeathCalcExp.obj
 0001:00020624       ?Clear@KNpcDeathCalcExp@@QAEXXZ 10021624 f   KNpcDeathCalcExp.obj
 0001:00020650       ??0KNpcFindPath@@QAE@XZ    10021650 f   KNpcFindPath.obj
 0001:000206ad       ?Init@KNpcFindPath@@QAEXH@Z 100216ad f   KNpcFindPath.obj
 0001:00020708       ?GetDir@KNpcFindPath@@QAEHHHHHHHPAH@Z 10021708 f   KNpcFindPath.obj
 0001:00020cc9       ?Dir64To8@KNpcFindPath@@QAEHH@Z 10021cc9 f   KNpcFindPath.obj
 0001:00020ce2       ?Dir8To64@KNpcFindPath@@QAEHH@Z 10021ce2 f   KNpcFindPath.obj
 0001:00020cf5       ?CheckDistance@KNpcFindPath@@QAEHHHHHH@Z 10021cf5 f   KNpcFindPath.obj
 0001:00020d32       ?CheckBarrier@KNpcFindPath@@QAEHHH@Z 10021d32 f   KNpcFindPath.obj
 0001:00020dd0       ?Init@KNpcGold@@QAEXH@Z    10021dd0 f   KNpcGold.obj
 0001:00020e7b       ?SetGoldType@KNpcGold@@QAEXH@Z 10021e7b f   KNpcGold.obj
 0001:00020e97       ?SetGoldTypeAndBackData@KNpcGold@@QAEXXZ 10021e97 f   KNpcGold.obj
 0001:00020fa6       ?RecoverBackData@KNpcGold@@QAEXXZ 10021fa6 f   KNpcGold.obj
 0001:000212fe       ?RandChangeGold@KNpcGold@@QAEXHH@Z 100222fe f   KNpcGold.obj
 0001:0002175c       ?GetGoldType@KNpcGold@@QAEHXZ 1002275c f   KNpcGold.obj
 0001:0002177d       ?SetGoldCurrentType@KNpcGold@@QAEXH@Z 1002277d f   KNpcGold.obj
 0001:0002180e       ??0KNpcGoldTemplate@@QAE@XZ 1002280e f   KNpcGold.obj
 0001:0002183c       ?Init@KNpcGoldTemplate@@QAEHXZ 1002283c f   KNpcGold.obj
 0001:00021cff       ??0KNpcSet@@QAE@XZ         10022cff f   KNpcSet.obj
 0001:00021d6d       ?Init@KNpcSet@@QAEXXZ      10022d6d f   KNpcSet.obj
 0001:00021f83       ?LoadPlayerBaseValue@KNpcSet@@QAEXPAD@Z 10022f83 f   KNpcSet.obj
 0001:00022062       ?IsNpcExist@KNpcSet@@QAEHHK@Z 10023062 f   KNpcSet.obj
 0001:0002208c       ?GenOneRelation@KNpcSet@@AAE?AW4NPC_RELATION@@W4NPCKIND@@0W4NPCCAMP@@1@Z 1002308c f   KNpcSet.obj
 0001:00022124       ?GenRelationTable@KNpcSet@@AAEHXZ 10023124 f   KNpcSet.obj
 0001:00022205       ?SearchID@KNpcSet@@QAEHK@Z 10023205 f   KNpcSet.obj
 0001:0002225f       ?SearchName@KNpcSet@@QAEHPAD@Z 1002325f f   KNpcSet.obj
 0001:000222c5       ?SearchNameID@KNpcSet@@QAEHK@Z 100232c5 f   KNpcSet.obj
 0001:00022349       ?FindFree@KNpcSet@@AAEHXZ  10023349 f   KNpcSet.obj
 0001:00022365       ?Add@KNpcSet@@QAEHHPAX@Z   10023365 f   KNpcSet.obj
 0001:00022578       ?Add@KNpcSet@@QAEHHHHH@Z   10023578 f   KNpcSet.obj
 0001:000225f8       ?Add@KNpcSet@@QAEHHHHHHHH@Z 100235f8 f   KNpcSet.obj
 0001:000227b0       ?Remove@KNpcSet@@QAEXH@Z   100237b0 f   KNpcSet.obj
 0001:00022a0c       ?RemoveAll@KNpcSet@@QAEXXZ 10023a0c f   KNpcSet.obj
 0001:00022ac1       ?SetID@KNpcSet@@AAEXH@Z    10023ac1 f   KNpcSet.obj
 0001:00022b0c       ?GetDistance@KNpcSet@@SAHHH@Z 10023b0c f   KNpcSet.obj
 0001:00022d95       ?GetDistanceSquare@KNpcSet@@SAHHH@Z 10023d95 f   KNpcSet.obj
 0001:00022fec       ?GetNextIdx@KNpcSet@@QAEHH@Z 10023fec f   KNpcSet.obj
 0001:0002301f       ?SyncNpc@KNpcSet@@QAEHKH@Z 1002401f f   KNpcSet.obj
 0001:000230a1       ?ClearActivateFlagOfAllNpc@KNpcSet@@QAEXXZ 100240a1 f   KNpcSet.obj
 0001:000230f1       ?GetRelation@KNpcSet@@QAE?AW4NPC_RELATION@@HH@Z 100240f1 f   KNpcSet.obj
 0001:00023340       ??1KNpcSet@@QAE@XZ         10024340 f i KNpcSet.obj
 0001:000233a0       ?Clear@KSkillList@@QAEXXZ  100243a0 f i KNpcSet.obj
 0001:0002340f       ??M@YAHVKItemDropRateNode@@0@Z 1002440f f   KNpcTemplate.obj
 0001:00023470       ??8@YAHVKItemDropRateNode@@0@Z 10024470 f   KNpcTemplate.obj
 0001:000234d6       ?InitNpcBaseData@KNpcTemplate@@QAEXH@Z 100244d6 f   KNpcTemplate.obj
 0001:00023fae       ?InitNpcLevelData@KNpcTemplate@@QAEXPAVKTabFile@@HPAVKLuaScript@@H@Z 10024fae f   KNpcTemplate.obj
 0001:00024b1c       ?GetNpcLevelDataFromScript@KNpcTemplate@@SAHPAVKLuaScript@@PADH1@Z 10025b1c f   KNpcTemplate.obj
 0001:00024bcc       ?GetNpcLevelDataFromScript@KNpcTemplate@@SAHPAVKLuaScript@@PADHNNN@Z 10025bcc f   KNpcTemplate.obj
 0001:00024c6b       ?SkillString2Id@KNpcTemplate@@SAHPAD@Z 10025c6b f   KNpcTemplate.obj
 0001:00024d30       ??1KItemDropRateNode@@QAE@XZ 10025d30 f i KNpcTemplate.obj
 0001:00024d40       ??0KItemDropRateNode@@QAE@XZ 10025d40 f i KNpcTemplate.obj
 0001:00024d60       ??0?$BinSTree@VKItemDropRateNode@@@@QAE@XZ 10025d60 f i KNpcTemplate.obj
 0001:00024d90       ??1?$BinSTree@VKItemDropRateNode@@@@QAE@XZ 10025d90 f i KNpcTemplate.obj
 0001:00024db0       ?Find@?$BinSTree@VKItemDropRateNode@@@@QAE_NAAVKItemDropRateNode@@@Z 10025db0 f i KNpcTemplate.obj
 0001:00024e00       ?Insert@?$BinSTree@VKItemDropRateNode@@@@QAEXABVKItemDropRateNode@@@Z 10025e00 f i KNpcTemplate.obj
 0001:00024f30       ?FindNode@?$BinSTree@VKItemDropRateNode@@@@ABEPAV?$TreeNode@VKItemDropRateNode@@@@ABVKItemDropRateNode@@AAPAV2@@Z 10025f30 f i KNpcTemplate.obj
 0001:00024ff0       ?ClearList@?$BinSTree@VKItemDropRateNode@@@@QAEXXZ 10025ff0 f i KNpcTemplate.obj
 0001:00025030       ??0?$TreeNode@VKItemDropRateNode@@@@QAE@ABVKItemDropRateNode@@PAV0@1@Z 10026030 f i KNpcTemplate.obj
 0001:00025070       ?DeleteTree@?$BinSTree@VKItemDropRateNode@@@@AAEXPAV?$TreeNode@VKItemDropRateNode@@@@@Z 10026070 f i KNpcTemplate.obj
 0001:000250d0       ??_G?$TreeNode@VKItemDropRateNode@@@@QAEPAXI@Z 100260d0 f i KNpcTemplate.obj
 0001:00025100       ??1?$TreeNode@VKItemDropRateNode@@@@QAE@XZ 10026100 f i KNpcTemplate.obj
 0001:00025182       ??0KPlayer@@QAE@XZ         10026182 f   KPlayer.obj
 0001:000252a4       ??1KPlayer@@QAE@XZ         100262a4 f   KPlayer.obj
 0001:0002533a       ?Release@KPlayer@@QAEXXZ   1002633a f   KPlayer.obj
 0001:000255eb       ?SetPlayerIndex@KPlayer@@QAEXH@Z 100265eb f   KPlayer.obj
 0001:00025613       ?GetPlayerIndex@KPlayer@@QAEHXZ 10026613 f   KPlayer.obj
 0001:00025624       ?Active@KPlayer@@QAEXXZ    10026624 f   KPlayer.obj
 0001:0002570d       ?ProcessMsg@KPlayer@@QAEXPAVKWorldMsgNode@@@Z 1002670d f   KPlayer.obj
 0001:00025725       ?IsWaitingRemove@KPlayer@@QAEHXZ 10026725 f   KPlayer.obj
 0001:00025746       ?WaitForRemove@KPlayer@@QAEXXZ 10026746 f   KPlayer.obj
 0001:0002575b       ?IsLoginTimeOut@KPlayer@@QAEHXZ 1002675b f   KPlayer.obj
 0001:000257b5       ?LoginTimeOut@KPlayer@@QAEXXZ 100267b5 f   KPlayer.obj
 0001:000257ed       ?Save@KPlayer@@QAEHXZ      100267ed f   KPlayer.obj
 0001:0002585f       ?CanSave@KPlayer@@QAEHXZ   1002685f f   KPlayer.obj
 0001:000258f3       ?SendSyncData@KPlayer@@QAEHAAHAAI@Z 100268f3 f   KPlayer.obj
 0001:00025c6a       ?SendSyncData_Skill@KPlayer@@QAEHXZ 10026c6a f   KPlayer.obj
 0001:00025df4       ?SendCurNormalSyncData@KPlayer@@QAEXXZ 10026df4 f   KPlayer.obj
 0001:00025ef3       ?QuitGame@KPlayer@@QAEXH@Z 10026ef3 f   KPlayer.obj
 0001:00025f08       ?BuyItem@KPlayer@@QAEXPAE@Z 10026f08 f   KPlayer.obj
 0001:00025f5c       ?SellItem@KPlayer@@QAEXPAE@Z 10026f5c f   KPlayer.obj
 0001:00025fa2       ?GetLoginRevivalPos@KPlayer@@QAEXPAH00@Z 10026fa2 f   KPlayer.obj
 0001:00025fcf       ?GetDeathRevivalPos@KPlayer@@QAEXPAH00@Z 10026fcf f   KPlayer.obj
 0001:00025ffd       ?SetTimer@KPlayer@@QAEXKH@Z 10026ffd f   KPlayer.obj
 0001:0002602c       ?CloseTimer@KPlayer@@QAEXXZ 1002702c f   KPlayer.obj
 0001:00026042       ?SetRevivalPos@KPlayer@@QAEXHH@Z 10027042 f   KPlayer.obj
 0001:000260d9       ?S2CSendTeamInfo@KPlayer@@QAEXPAE@Z 100270d9 f   KPlayer.obj
 0001:00026379       ?SendSelfTeamInfo@KPlayer@@QAEXXZ 10027379 f   KPlayer.obj
 0001:000265ec       ?CreateTeam@KPlayer@@QAEHPAE@Z 100275ec f   KPlayer.obj
 0001:00026612       ?SetTeamState@KPlayer@@QAEHPAE@Z 10027612 f   KPlayer.obj
 0001:000266d4       ?S2CSendAddTeamInfo@KPlayer@@QAEHPAE@Z 100276d4 f   KPlayer.obj
 0001:00026942       ?AddTeamMember@KPlayer@@QAEHPAE@Z 10027942 f   KPlayer.obj
 0001:0002700b       ?LeaveTeam@KPlayer@@QAEXPAE@Z 1002800b f   KPlayer.obj
 0001:000271d7       ?TeamKickOne@KPlayer@@QAEXPAE@Z 100281d7 f   KPlayer.obj
 0001:00027457       ?TeamChangeCaptain@KPlayer@@QAEXPAE@Z 10028457 f   KPlayer.obj
 0001:000278cd       ?TeamDismiss@KPlayer@@QAEXPAE@Z 100288cd f   KPlayer.obj
 0001:00027b4f       ?SetPK@KPlayer@@QAEXPAE@Z  10028b4f f   KPlayer.obj
 0001:00027ba8       ?SendFactionData@KPlayer@@QAEXPAE@Z 10028ba8 f   KPlayer.obj
 0001:00027bbd       ?SendFactionData@KPlayer@@AAEXXZ 10028bbd f   KPlayer.obj
 0001:00027c3b       ?GetAboutPos@KPlayer@@QAEXPAUKMapPos@@@Z 10028c3b f   KPlayer.obj
 0001:00027d3b       ?FindAroundPlayer@KPlayer@@QAEHK@Z 10028d3b f   KPlayer.obj
 0001:00027e67       ?CheckPlayerAround@KPlayer@@QAEHH@Z 10028e67 f   KPlayer.obj
 0001:00027f8b       ?FindAroundNpc@KPlayer@@QAEHK@Z 10028f8b f   KPlayer.obj
 0001:000280b5       ?NewPlayerGetBaseAttribute@KPlayer@@QAEHH@Z 100290b5 f   KPlayer.obj
 0001:000281c6       ?CalcCurLucky@KPlayer@@AAEXXZ 100291c6 f   KPlayer.obj
 0001:000281e3       ?SyncCurrentBaseAttriibute@KPlayer@@AAEXHHH@Z 100291e3 f   KPlayer.obj
 0001:00028244       ?AddBaseStrength@KPlayer@@AAEXH@Z 10029244 f   KPlayer.obj
 0001:0002831a       ?ResetBaseStrength@KPlayer@@AAEXH@Z 1002931a f   KPlayer.obj
 0001:0002836d       ?AddBaseDexterity@KPlayer@@AAEXH@Z 1002936d f   KPlayer.obj
 0001:00028453       ?ResetBaseDexterity@KPlayer@@AAEXH@Z 10029453 f   KPlayer.obj
 0001:000284b6       ?AddBaseVitality@KPlayer@@AAEXH@Z 100294b6 f   KPlayer.obj
 0001:00028602       ?ResetBaseVitality@KPlayer@@AAEXH@Z 10029602 f   KPlayer.obj
 0001:000286cb       ?AddBaseEngergy@KPlayer@@AAEXH@Z 100296cb f   KPlayer.obj
 0001:000287d9       ?ResetBaseEngergy@KPlayer@@AAEXH@Z 100297d9 f   KPlayer.obj
 0001:00028863       ?ChangeCurStrength@KPlayer@@QAEXH@Z 10029863 f   KPlayer.obj
 0001:0002888d       ?ChangeCurDexterity@KPlayer@@QAEXH@Z 1002988d f   KPlayer.obj
 0001:0002892b       ?ChangeCurVitality@KPlayer@@QAEXH@Z 1002992b f   KPlayer.obj
 0001:000289cb       ?ChangeCurEngergy@KPlayer@@QAEXH@Z 100299cb f   KPlayer.obj
 0001:00028a2c       ?AddBaseLucky@KPlayer@@QAEXH@Z 10029a2c f   KPlayer.obj
 0001:00028a56       ?SetNpcPhysicsDamage@KPlayer@@AAEXXZ 10029a56 f   KPlayer.obj
 0001:00028b6f       ?SetNpcAttackRating@KPlayer@@AAEXXZ 10029b6f f   KPlayer.obj
 0001:00028bad       ?SetNpcDefence@KPlayer@@AAEXXZ 10029bad f   KPlayer.obj
 0001:00028bed       ?AddExp@KPlayer@@QAEXHH@Z  10029bed f   KPlayer.obj
 0001:0002928a       ?AddSelfExp@KPlayer@@QAEXHH@Z 1002a28a f   KPlayer.obj
 0001:0002941d       ?DirectAddExp@KPlayer@@QAEXH@Z 1002a41d f   KPlayer.obj
 0001:000294fb       ?LevelUp@KPlayer@@QAEXXZ   1002a4fb f   KPlayer.obj
 0001:00029c2d       ?UpdataCurData@KPlayer@@QAEXXZ 1002ac2d f   KPlayer.obj
 0001:0002a5df       ?ReCalcEquip@KPlayer@@QAEXXZ 1002b5df f   KPlayer.obj
 0001:0002a699       ?ReCalcState@KPlayer@@QAEXXZ 1002b699 f   KPlayer.obj
 0001:0002a6d8       ?AddLeadExp@KPlayer@@QAEXH@Z 1002b6d8 f   KPlayer.obj
 0001:0002a7c8       ?LevelAddBaseLifeMax@KPlayer@@AAEXXZ 1002b7c8 f   KPlayer.obj
 0001:0002a84b       ?LevelAddBaseStaminaMax@KPlayer@@AAEXXZ 1002b84b f   KPlayer.obj
 0001:0002a8ce       ?LevelAddBaseManaMax@KPlayer@@AAEXXZ 1002b8ce f   KPlayer.obj
 0001:0002a951       ?ChangePlayerCamp@KPlayer@@QAEXH@Z 1002b951 f   KPlayer.obj
 0001:0002a984       ?AddFaction@KPlayer@@QAEHPAD@Z 1002b984 f   KPlayer.obj
 0001:0002a9f7       ?AddFaction@KPlayer@@QAEHH@Z 1002b9f7 f   KPlayer.obj
 0001:0002aa6a       ?LeaveCurFaction@KPlayer@@QAEHXZ 1002ba6a f   KPlayer.obj
 0001:0002aada       ?CurFactionOpenSkill@KPlayer@@QAEHH@Z 1002bada f   KPlayer.obj
 0001:0002ab65       ?TaskClearTempVal@KPlayer@@QAEXXZ 1002bb65 f   KPlayer.obj
 0001:0002ab7e       ?TaskGetSaveVal@KPlayer@@QAEHH@Z 1002bb7e f   KPlayer.obj
 0001:0002ab9d       ?TaskSetSaveVal@KPlayer@@QAEXHH@Z 1002bb9d f   KPlayer.obj
 0001:0002abc0       ?TaskGetClearVal@KPlayer@@QAEHH@Z 1002bbc0 f   KPlayer.obj
 0001:0002abdf       ?TaskSetClearVal@KPlayer@@QAEXHH@Z 1002bbdf f   KPlayer.obj
 0001:0002ac02       ?ServerSendChat@KPlayer@@QAEXPAE@Z 1002bc02 f   KPlayer.obj
 0001:0002ac28       ?AddBaseAttribute@KPlayer@@QAEXPAE@Z 1002bc28 f   KPlayer.obj
 0001:0002acaa       ?ResetBaseAttribute@KPlayer@@QAEXPAE@Z 1002bcaa f   KPlayer.obj
 0001:0002ad2c       ?AddSkillPoint@KPlayer@@QAEXPAE@Z 1002bd2c f   KPlayer.obj
 0001:0002b104       ?ServerPickUpItem@KPlayer@@QAEHPAE@Z 1002c104 f   KPlayer.obj
 0001:0002b8ac       ?EatItem@KPlayer@@QAEXPAE@Z 1002c8ac f   KPlayer.obj
 0001:0002b8ea       ?ServerMoveItem@KPlayer@@QAEXPAE@Z 1002c8ea f   KPlayer.obj
 0001:0002ba0a       ?ServerThrowAwayItem@KPlayer@@QAEXPAE@Z 1002ca0a f   KPlayer.obj
 0001:0002bb96       ?ChatSetTakeChannel@KPlayer@@QAEXPAE@Z 1002cb96 f   KPlayer.obj
 0001:0002bbc0       ?ChatTransmitApplyAddFriend@KPlayer@@QAEXPAE@Z 1002cbc0 f   KPlayer.obj
 0001:0002bd1a       ?ChatAddFriend@KPlayer@@QAEHPAE@Z 1002cd1a f   KPlayer.obj
 0001:0002be37       ?ChatRefuseFriend@KPlayer@@QAEXPAE@Z 1002ce37 f   KPlayer.obj
 0001:0002bf3d       ?ChatResendAllFriend@KPlayer@@QAEXPAE@Z 1002cf3d f   KPlayer.obj
 0001:0002bf95       ?ChatSendOneFriendData@KPlayer@@QAEXPAE@Z 1002cf95 f   KPlayer.obj
 0001:0002bfc6       ?ChatDeleteFriend@KPlayer@@QAEXPAE@Z 1002cfc6 f   KPlayer.obj
 0001:0002bffa       ?ChatRedeleteFriend@KPlayer@@QAEXPAE@Z 1002cffa f   KPlayer.obj
 0001:0002c02b       ?TradeApplyOpen@KPlayer@@QAEXPAE@Z 1002d02b f   KPlayer.obj
 0001:0002c184       ?TradeApplyClose@KPlayer@@QAEXPAE@Z 1002d184 f   KPlayer.obj
 0001:0002c1ae       ?TradeApplyStart@KPlayer@@QAEXPAE@Z 1002d1ae f   KPlayer.obj
 0001:0002c275       ?TradeMoveMoney@KPlayer@@QAEXPAE@Z 1002d275 f   KPlayer.obj
 0001:0002c2e9       ?TradeDecision@KPlayer@@QAEXPAE@Z 1002d2e9 f   KPlayer.obj
 0001:0002cbe9       ?c2sTradeReplyStart@KPlayer@@QAEXPAE@Z 1002dbe9 f   KPlayer.obj
 0001:0002cecb       ?SyncTradeState@KPlayer@@QAEXXZ 1002decb f   KPlayer.obj
 0001:0002cfe9       ?SendEquipItemInfo@KPlayer@@QAEXH@Z 1002dfe9 f   KPlayer.obj
 0001:0002d264       ?UseTownPortal@KPlayer@@QAEXXZ 1002e264 f   KPlayer.obj
 0001:0002d36c       ?BackToTownPortal@KPlayer@@QAEXXZ 1002e36c f   KPlayer.obj
 0001:0002d411       ?Revive@KPlayer@@QAEXH@Z   1002e411 f   KPlayer.obj
 0001:0002d5c7       ?RestoreLiveData@KPlayer@@QAEXXZ 1002e5c7 f   KPlayer.obj
 0001:0002d5ec       ?Pay@KPlayer@@QAEHH@Z      1002e5ec f   KPlayer.obj
 0001:0002d615       ?PayXu@KPlayer@@QAEHH@Z    1002e615 f   KPlayer.obj
 0001:0002d63e       ?PrePay@KPlayer@@QAEHH@Z   1002e63e f   KPlayer.obj
 0001:0002d67a       ?PrePayXu@KPlayer@@QAEHH@Z 1002e67a f   KPlayer.obj
 0001:0002d6b6       ?Earn@KPlayer@@QAEHH@Z     1002e6b6 f   KPlayer.obj
 0001:0002d6e1       ?EarnXu@KPlayer@@QAEHH@Z   1002e6e1 f   KPlayer.obj
 0001:0002d70c       ?LaunchPlayer@KPlayer@@QAEXXZ 1002e70c f   KPlayer.obj
 0001:0002d85a       ?ExecuteScript@KPlayer@@QAEHPAD0H@Z 1002e85a f   KPlayer.obj
 0001:0002d8a9       ?ExecuteScript@KPlayer@@QAEHKPADH@Z 1002e8a9 f   KPlayer.obj
 0001:0002daa8       ?ExecuteScript@KPlayer@@QAEHKPAD0@Z 1002eaa8 f   KPlayer.obj
 0001:0002dce2       ?ExecuteScript@KPlayer@@QAEHPAD00@Z 1002ece2 f   KPlayer.obj
 0001:0002dd39       ?DoScript@KPlayer@@QAEHPAD@Z 1002ed39 f   KPlayer.obj
 0001:0002df13       ?DoScriptAction@KPlayer@@QAEXPAUPLAYER_SCRIPTACTION_SYNC@@@Z 1002ef13 f   KPlayer.obj
 0001:0002df85       ?ProcessPlayerSelectFromUI@KPlayer@@QAEXPAE@Z 1002ef85 f   KPlayer.obj
 0001:0002e028       ?ChatFriendOnLine@KPlayer@@QAEXKH@Z 1002f028 f   KPlayer.obj
 0001:0002e11b       ?GetFactionName@KPlayer@@QAEXPADH@Z 1002f11b f   KPlayer.obj
 0001:0002e13a       ?S2CExecuteScript@KPlayer@@AAEXPAD0@Z 1002f13a f   KPlayer.obj
 0001:0002e250       ?AddTempTaskValue@KPlayer@@QAEHPAX@Z 1002f250 f   KPlayer.obj
 0001:0002e27d       ?DialogNpc@KPlayer@@QAEXPAE@Z 1002f27d f   KPlayer.obj
 0001:0002e357       ?CheckTrading@KPlayer@@QAEHXZ 1002f357 f   KPlayer.obj
 0001:0002e373       ?SetFirstDamage@KPlayer@@QAEXXZ 1002f373 f   KPlayer.obj
 0001:0002e683       ?SetBaseAttackRating@KPlayer@@QAEXXZ 1002f683 f   KPlayer.obj
 0001:0002e6b3       ?SetBaseDefence@KPlayer@@QAEXXZ 1002f6b3 f   KPlayer.obj
 0001:0002e6df       ?SetBaseResistData@KPlayer@@QAEXXZ 1002f6df f   KPlayer.obj
 0001:0002e8de       ?SetBaseSpeedAndRadius@KPlayer@@QAEXXZ 1002f8de f   KPlayer.obj
 0001:0002e97f       ?SetNpcDamageAttrib@KPlayer@@QAEXXZ 1002f97f f   KPlayer.obj
 0001:0002e992       ?TobeExchangeServer@KPlayer@@QAEXKHH@Z 1002f992 f   KPlayer.obj
 0001:0002e9e1       ?IsExchangingServer@KPlayer@@QAEHXZ 1002f9e1 f   KPlayer.obj
 0001:0002e9f5       ?Market@KPlayer@@QAEXH@Z   1002f9f5 f   KPlayer.obj
 0001:0002ea12       ?String@KPlayer@@QAEXH@Z   1002fa12 f   KPlayer.obj
 0001:0002ea56       ?script@KPlayer@@QAEXH@Z   1002fa56 f   KPlayer.obj
 0001:0002ebb0       ?pkvalue@KPlayer@@QAEXH@Z  1002fbb0 f   KPlayer.obj
 0001:0002ec62       ?SetChestLock@KPlayer@@QAEXH@Z 1002fc62 f   KPlayer.obj
 0001:0002ed1e       ?CheckChestPW@KPlayer@@QAEHH@Z 1002fd1e f   KPlayer.obj
 0001:0002edc9       ?SetChestPW@KPlayer@@QAEXH@Z 1002fdc9 f   KPlayer.obj
 0001:0002ee19       ?SetNewPW@KPlayer@@QAEXH@Z 1002fe19 f   KPlayer.obj
 0001:0002ee69       ?SetLastNetOperationTime@KPlayer@@QAEXH@Z 1002fe69 f   KPlayer.obj
 0001:0002ef0b       ?CreateTong@KPlayer@@QAEHHPAD@Z 1002ff0b f   KPlayer.obj
 0001:0002ef2e       ?RepairItem@KPlayer@@QAEXK@Z 1002ff2e f   KPlayer.obj
 0001:0002f023       ?BreakItem@KPlayer@@QAEXKH@Z 10030023 f   KPlayer.obj
 0001:0002f2b2       ?SetExtPoint@KPlayer@@QAEXHH@Z 100302b2 f   KPlayer.obj
 0001:0002f2d1       ?GetExtPoint@KPlayer@@QAEHXZ 100302d1 f   KPlayer.obj
 0001:0002f2e2       ?PayExtPoint@KPlayer@@QAEHH@Z 100302e2 f   KPlayer.obj
 0001:0002f321       ?GetExtPointChanged@KPlayer@@QAEHXZ 10030321 f   KPlayer.obj
 0001:0002f332       ?ComItem@KPlayer@@QAEHHHHH@Z 10030332 f   KPlayer.obj
 0001:0002f67d       ?ComDiyItem@KPlayer@@QAEHHHHHH@Z 1003067d f   KPlayer.obj
 0001:0002ffb6       ?SendSellItemInfo@KPlayer@@QAEXHHH@Z 10030fb6 f   KPlayer.obj
 0001:0003031a       ?SendSellItemCount@KPlayer@@QAEXH@Z 1003131a f   KPlayer.obj
 0001:00030434       ?GetTradeCount@KPlayer@@QAEHXZ 10031434 f   KPlayer.obj
 0001:000304e0       ??0KPlayerTeam@@QAE@XZ     100314e0 f i KPlayer.obj
 0001:00030500       ??0KPlayerChat@@QAE@XZ     10031500 f i KPlayer.obj
 0001:00030530       ??1KPlayerChat@@QAE@XZ     10031530 f i KPlayer.obj
 0001:00030550       ??1CChatFriendTeam@@QAE@XZ 10031550 f i KPlayer.obj
 0001:00030570       ?SetOwner@KTimerTaskFun@@QAEXPAX@Z 10031570 f i KPlayer.obj
 0001:00030590       ?SetTimer@KTimerTaskFun@@QAEHIG@Z 10031590 f i KPlayer.obj
 0001:000305e0       ?CloseTimer@KTimerTaskFun@@QAEXXZ 100315e0 f i KPlayer.obj
 0001:00030610       ??0PLAYER_SEND_TEAM_INFO_DATA@@QAE@XZ 10031610 f i KPlayer.obj
 0001:00030630       ??0PLAYER_SEND_SELF_TEAM_INFO_DATA@@QAE@XZ 10031630 f i KPlayer.obj
 0001:00030670       ??0PLAYER_TEAM_ADD_MEMBER_DATA@@QAE@XZ 10031670 f i KPlayer.obj
 0001:000306a0       ?GetSkillIdxLevel@KSkillList@@QAEHH@Z 100316a0 f i KPlayer.obj
 0001:000306d0       ?GetSkillReqLevel@KSkill@@QBEGXZ 100316d0 f i KPlayer.obj
 0001:000306f0       ?GetSkillMaxLevel@KSkillManager@@QAEKH@Z 100316f0 f i KPlayer.obj
 0001:00030730       ?GetID@KItem@@QBEKXZ       10031730 f i KPlayer.obj
 0001:00030750       ?GetGenre@KItem@@QBEHXZ    10031750 f i KPlayer.obj
 0001:00030760       ?GetDetailType@KItem@@QBEHXZ 10031760 f i KPlayer.obj
 0001:00030780       ?GetSeries@KItem@@QBEHXZ   10031780 f i KPlayer.obj
 0001:000307a0       ?GetParticular@KItem@@QAEHXZ 100317a0 f i KPlayer.obj
 0001:000307c0       ?GetLevel@KItem@@QAEHXZ    100317c0 f i KPlayer.obj
 0001:000307e0       ?GetGoldId@KItem@@QBEHXZ   100317e0 f i KPlayer.obj
 0001:00030800       ?GetStackNum@KItem@@QBEHXZ 10031800 f i KPlayer.obj
 0001:00030820       ?GetEnChance@KItem@@QBEHXZ 10031820 f i KPlayer.obj
 0001:00030840       ??_EKLuaScript@@UAEPAXI@Z  10031840 f i KPlayer.obj
 0001:00030840       ??_GKLuaScript@@UAEPAXI@Z  10031840 f i KPlayer.obj
 0001:00030870       ?SetDurability@KItem@@QAEXH@Z 10031870 f i KPlayer.obj
 0001:00030890       ?GetDurability@KItem@@QAEHXZ 10031890 f i KPlayer.obj
 0001:000308b0       ?SetStackNum@KItem@@QAEXH@Z 100318b0 f i KPlayer.obj
 0001:000308d0       ?GetItemParam@KItem@@QAEPAUKItemGeneratorParam@@XZ 100318d0 f i KPlayer.obj
 0001:000308f0       ?GetAttribType@KItem@@QBEHH@Z 100318f0 f i KPlayer.obj
 0001:00030910       ?GetMissionValue@?$KMissionArray@VKMission@@$0DC@@@QBEHK@Z 10031910 f i KPlayer.obj
 0001:00030940       ?Release@KPlayerChat@@QAEXXZ 10031940 f   KPlayerChat.obj
 0001:000309f1       ?CheckExist@KPlayerChat@@QAEHK@Z 100319f1 f   KPlayerChat.obj
 0001:00030a68       ?CheckExist@KPlayerChat@@QAEHPAD@Z 10031a68 f   KPlayerChat.obj
 0001:00030aff       ?GetFriendNode@KPlayerChat@@QAEPAVCChatFriend@@K@Z 10031aff f   KPlayerChat.obj
 0001:00030b74       ?GetTeamNo@KPlayerChat@@QAEHK@Z 10031b74 f   KPlayerChat.obj
 0001:00030c04       ?GetName@KPlayerChat@@QAEHKPAD@Z 10031c04 f   KPlayerChat.obj
 0001:00030c99       ?SetTakeChannel@KPlayerChat@@QAEXK@Z 10031c99 f   KPlayerChat.obj
 0001:00030cc1       ?ServerSendChat@KPlayerChat@@QAEXHPAE@Z 10031cc1 f   KPlayerChat.obj
 0001:00031cb3       ?DataBaseAddOne@KPlayerChat@@QAEXHKPAD@Z 10032cb3 f   KPlayerChat.obj
 0001:00031cd7       ?AddFriendData@KPlayerChat@@QAEXHH@Z 10032cd7 f   KPlayerChat.obj
 0001:00031e6b       ?ResendOneFriendData@KPlayerChat@@QAEXKH@Z 10032e6b f   KPlayerChat.obj
 0001:00031f2b       ?SyncFriendData@KPlayerChat@@QAEHHAAI@Z 10032f2b f   KPlayerChat.obj
 0001:00032107       ?StartSendFriendData@KPlayerChat@@QAEXXZ 10033107 f   KPlayerChat.obj
 0001:0003213b       ?DeleteFriend@KPlayerChat@@QAEXKK@Z 1003313b f   KPlayerChat.obj
 0001:00032227       ?DeleteFriendData@KPlayerChat@@QAEXKH@Z 10033227 f   KPlayerChat.obj
 0001:000322f0       ?RedeleteFriend@KPlayerChat@@QAEXKH@Z 100332f0 f   KPlayerChat.obj
 0001:0003234e       ?OffLine@KPlayerChat@@QAEXK@Z 1003334e f   KPlayerChat.obj
 0001:000323a9       ?GetMsgOffLine@KPlayerChat@@QAEXKH@Z 100333a9 f   KPlayerChat.obj
 0001:00032439       ?TimerAdd@KPlayerChat@@QAEXXZ 10033439 f   KPlayerChat.obj
 0001:00032453       ?CheckTalkChannel@KPlayerChat@@QAEHH@Z 10033453 f   KPlayerChat.obj
 0001:00032480       ?SendSystemInfo@KPlayerChat@@SAXHHPAD0H@Z 10033480 f   KPlayerChat.obj
 0001:000325ea       ?SendGlobalSystemInfo@KPlayerChat@@SAXPAD0H@Z 100335ea f   KPlayerChat.obj
 0001:000326ca       ?SendInfoToGM@KPlayerChat@@SAXPAD00H@Z 100336ca f   KPlayerChat.obj
 0001:000327de       ?SendInfoToIP@KPlayerChat@@SAXKKPAD00H@Z 100337de f   KPlayerChat.obj
 0001:000328e8       ?MakeBrother@KPlayerChat@@SAXABV?$list@V?$basic_string@DU?$char_traits@D@std@@V?$allocator@D@2@@std@@V?$allocator@V?$basic_string@DU?$char_traits@D@std@@V?$allocator@D@2@@std@@@2@@std@@@Z 100338e8 f   KPlayerChat.obj
 0001:00032ac9       ?MakeEnemy@KPlayerChat@@SAXPAD0@Z 10033ac9 f   KPlayerChat.obj
 0001:00032bd3       ??0CChatFriendTeam@@QAE@XZ 10033bd3 f   KPlayerChat.obj
 0001:00032c08       ?Release@CChatFriendTeam@@QAEXXZ 10033c08 f   KPlayerChat.obj
 0001:00032c91       ?DataBaseAddOne@CChatFriendTeam@@QAEXHKPAD@Z 10033c91 f   KPlayerChat.obj
 0001:00032dd0       ??0PLAYER_SEND_CHAT_DATA_SYNC@@QAE@XZ 10033dd0 f i KPlayerChat.obj
 0001:00032e00       ??0CChatFriend@@QAE@XZ     10033e00 f i KPlayerChat.obj
 0001:00032e60       ?Release@CChatFriend@@QAEXXZ 10033e60 f i KPlayerChat.obj
 0001:00032e90       ??_ECChatFriend@@UAEPAXI@Z 10033e90 f i KPlayerChat.obj
 0001:00032e90       ??_GCChatFriend@@UAEPAXI@Z 10033e90 f i KPlayerChat.obj
 0001:00032ec0       ??1CChatFriend@@UAE@XZ     10033ec0 f i KPlayerChat.obj
 0001:00032ee0       ?RemoveHead@KList@@QAEPAVKNode@@XZ 10033ee0 f i KPlayerChat.obj
 0001:00032f10       ??0?$basic_string@DU?$char_traits@D@std@@V?$allocator@D@2@@std@@QAE@ABV01@@Z 10033f10 f i KPlayerChat.obj
 0001:00032f50       ??1?$basic_string@DU?$char_traits@D@std@@V?$allocator@D@2@@std@@QAE@XZ 10033f50 f i KPlayerChat.obj
 0001:00032f70       ?c_str@?$basic_string@DU?$char_traits@D@std@@V?$allocator@D@2@@std@@QBEPBDXZ 10033f70 f i KPlayerChat.obj
 0001:00032fa0       ?size@?$basic_string@DU?$char_traits@D@std@@V?$allocator@D@2@@std@@QBEIXZ 10033fa0 f i KPlayerChat.obj
 0001:00032fc0       ?begin@?$list@V?$basic_string@DU?$char_traits@D@std@@V?$allocator@D@2@@std@@V?$allocator@V?$basic_string@DU?$char_traits@D@std@@V?$allocator@D@2@@std@@@2@@std@@QBE?AVconst_iterator@12@XZ 10033fc0 f i KPlayerChat.obj
 0001:00033000       ?end@?$list@V?$basic_string@DU?$char_traits@D@std@@V?$allocator@D@2@@std@@V?$allocator@V?$basic_string@DU?$char_traits@D@std@@V?$allocator@D@2@@std@@@2@@std@@QBE?AVconst_iterator@12@XZ 10034000 f i KPlayerChat.obj
 0001:00033030       ?size@?$list@V?$basic_string@DU?$char_traits@D@std@@V?$allocator@D@2@@std@@V?$allocator@V?$basic_string@DU?$char_traits@D@std@@V?$allocator@D@2@@std@@@2@@std@@QBEIXZ 10034030 f i KPlayerChat.obj
 0001:00033050       ??Dconst_iterator@?$list@V?$basic_string@DU?$char_traits@D@std@@V?$allocator@D@2@@std@@V?$allocator@V?$basic_string@DU?$char_traits@D@std@@V?$allocator@D@2@@std@@@2@@std@@QBEABV?$basic_string@DU?$char_traits@D@std@@V?$allocator@D@2@@2@XZ 10034050 f i KPlayerChat.obj
 0001:00033070       ??Econst_iterator@?$list@V?$basic_string@DU?$char_traits@D@std@@V?$allocator@D@2@@std@@V?$allocator@V?$basic_string@DU?$char_traits@D@std@@V?$allocator@D@2@@std@@@2@@std@@QAE?AV012@H@Z 10034070 f i KPlayerChat.obj
 0001:000330a0       ??9const_iterator@?$list@V?$basic_string@DU?$char_traits@D@std@@V?$allocator@D@2@@std@@V?$allocator@V?$basic_string@DU?$char_traits@D@std@@V?$allocator@D@2@@std@@@2@@std@@QBE_NABV012@@Z 100340a0 f i KPlayerChat.obj
 0001:000330d0       ?assign@?$basic_string@DU?$char_traits@D@std@@V?$allocator@D@2@@std@@QAEAAV12@ABV12@II@Z 100340d0 f i KPlayerChat.obj
 0001:00033230       ?copy@?$char_traits@D@std@@SAPADPADPBDI@Z 10034230 f i KPlayerChat.obj
 0001:00033250       ?_Nullstr@?$basic_string@DU?$char_traits@D@std@@V?$allocator@D@2@@std@@CAPBDXZ 10034250 f i KPlayerChat.obj
 0001:00033260       ?_Tidy@?$basic_string@DU?$char_traits@D@std@@V?$allocator@D@2@@std@@AAEX_N@Z 10034260 f i KPlayerChat.obj
 0001:00033320       ?_Next@_Acc@?$list@V?$basic_string@DU?$char_traits@D@std@@V?$allocator@D@2@@std@@V?$allocator@V?$basic_string@DU?$char_traits@D@std@@V?$allocator@D@2@@std@@@2@@std@@SAAAPAU_Node@23@PAU423@@Z 10034320 f i KPlayerChat.obj
 0001:00033330       ?_Value@_Acc@?$list@V?$basic_string@DU?$char_traits@D@std@@V?$allocator@D@2@@std@@V?$allocator@V?$basic_string@DU?$char_traits@D@std@@V?$allocator@D@2@@std@@@2@@std@@SAAAV?$basic_string@DU?$char_traits@D@std@@V?$allocator@D@2@@3@PAU_Node@23@@Z 10034330 f i KPlayerChat.obj
 0001:00033340       ??0const_iterator@?$list@V?$basic_string@DU?$char_traits@D@std@@V?$allocator@D@2@@std@@V?$allocator@V?$basic_string@DU?$char_traits@D@std@@V?$allocator@D@2@@std@@@2@@std@@QAE@PAU_Node@12@@Z 10034340 f i KPlayerChat.obj
 0001:00033360       ??Econst_iterator@?$list@V?$basic_string@DU?$char_traits@D@std@@V?$allocator@D@2@@std@@V?$allocator@V?$basic_string@DU?$char_traits@D@std@@V?$allocator@D@2@@std@@@2@@std@@QAEAAV012@XZ 10034360 f i KPlayerChat.obj
 0001:00033390       ??8const_iterator@?$list@V?$basic_string@DU?$char_traits@D@std@@V?$allocator@D@2@@std@@V?$allocator@V?$basic_string@DU?$char_traits@D@std@@V?$allocator@D@2@@std@@@2@@std@@QBE_NABV012@@Z 10034390 f i KPlayerChat.obj
 0001:000333b0       ?erase@?$basic_string@DU?$char_traits@D@std@@V?$allocator@D@2@@std@@QAEAAV12@II@Z 100343b0 f i KPlayerChat.obj
 0001:00033460       ?move@?$char_traits@D@std@@SAPADPADPBDI@Z 10034460 f i KPlayerChat.obj
 0001:00033480       ?capacity@?$basic_string@DU?$char_traits@D@std@@V?$allocator@D@2@@std@@QBEIXZ 10034480 f i KPlayerChat.obj
 0001:000334a0       ?_Eos@?$basic_string@DU?$char_traits@D@std@@V?$allocator@D@2@@std@@AAEXI@Z 100344a0 f i KPlayerChat.obj
 0001:000334e0       ?assign@?$char_traits@D@std@@SAXAADABD@Z 100344e0 f i KPlayerChat.obj
 0001:000334f0       ?_Grow@?$basic_string@DU?$char_traits@D@std@@V?$allocator@D@2@@std@@AAE_NI_N@Z 100344f0 f i KPlayerChat.obj
 0001:00033630       ?_Refcnt@?$basic_string@DU?$char_traits@D@std@@V?$allocator@D@2@@std@@AAEAAEPBD@Z 10034630 f i KPlayerChat.obj
 0001:00033650       ?deallocate@?$allocator@D@std@@QAEXPAXI@Z 10034650 f i KPlayerChat.obj
 0001:00033670       ?max_size@?$basic_string@DU?$char_traits@D@std@@V?$allocator@D@2@@std@@QBEIXZ 10034670 f i KPlayerChat.obj
 0001:000336b0       ?_Copy@?$basic_string@DU?$char_traits@D@std@@V?$allocator@D@2@@std@@AAEXI@Z 100346b0 f i KPlayerChat.obj
 0001:000337f0       ?_Split@?$basic_string@DU?$char_traits@D@std@@V?$allocator@D@2@@std@@AAEXXZ 100347f0 f i KPlayerChat.obj
 0001:00033860       ?assign@?$basic_string@DU?$char_traits@D@std@@V?$allocator@D@2@@std@@QAEAAV12@PBD@Z 10034860 f i KPlayerChat.obj
 0001:00033890       ?length@?$char_traits@D@std@@SAIPBD@Z 10034890 f i KPlayerChat.obj
 0001:000338b0       ?assign@?$basic_string@DU?$char_traits@D@std@@V?$allocator@D@2@@std@@QAEAAV12@PBDI@Z 100348b0 f i KPlayerChat.obj
 0001:00033900       ?allocate@?$allocator@D@std@@QAEPADIPBX@Z 10034900 f i KPlayerChat.obj
 0001:00033920       ?max_size@?$allocator@D@std@@QBEIXZ 10034920 f i KPlayerChat.obj
 0001:00033950       ??8std@@YA_NABV?$allocator@D@0@0@Z 10034950 f i KPlayerChat.obj
 0001:00033960       ?_Allocate@std@@YAPADHPAD@Z 10034960 f i KPlayerChat.obj
 0001:000339bf       ?AddDBPlayer@KPlayer@@QAEHPADHPAK@Z 100349bf f   KPlayerDBFuns.obj
 0001:000339ce       ?LoadDBPlayerInfo@KPlayer@@QAEHPAEAAHAAI@Z 100349ce f   KPlayerDBFuns.obj
 0001:00033ecd       ?UpdateDBPlayerInfo@KPlayer@@QAEHPAE@Z 10034ecd f   KPlayerDBFuns.obj
 0001:00033f26       ?LoadPlayerBaseInfo@KPlayer@@AAEHPAEAAPAEAAI@Z 10034f26 f   KPlayerDBFuns.obj
 0001:00034670       ?LoadPlayerItemList@KPlayer@@AAEHPAEAAPAEAAI@Z 10035670 f   KPlayerDBFuns.obj
 0001:00034c4b       ?LoadPlayerFightSkillList@KPlayer@@AAEHPAEAAPAEAAI@Z 10035c4b f   KPlayerDBFuns.obj
 0001:00034d95       ?LoadPlayerLifeSkilllList@KPlayer@@AAEHPAEAAPAEAAI@Z 10035d95 f   KPlayerDBFuns.obj
 0001:00034ec1       ?LoadPlayerFriendList@KPlayer@@AAEHPAEAAPAEAAI@Z 10035ec1 f   KPlayerDBFuns.obj
 0001:00034fb7       ?LoadPlayerTaskList@KPlayer@@AAEHPAEAAPAEAAI@Z 10035fb7 f   KPlayerDBFuns.obj
 0001:000351dd       ?SavePlayerBaseInfo@KPlayer@@AAEHPAE@Z 100361dd f   KPlayerDBFuns.obj
 0001:00035710       ?SavePlayerItemList@KPlayer@@AAEHPAE@Z 10036710 f   KPlayerDBFuns.obj
 0001:00035b16       ?SavePlayerFightSkillList@KPlayer@@AAEHPAE@Z 10036b16 f   KPlayerDBFuns.obj
 0001:00035bb9       ?SavePlayerLifeSkilllList@KPlayer@@AAEHPAE@Z 10036bb9 f   KPlayerDBFuns.obj
 0001:00035bf1       ?SavePlayerFriendList@KPlayer@@AAEHPAE@Z 10036bf1 f   KPlayerDBFuns.obj
 0001:00035ca3       ?SavePlayerTaskList@KPlayer@@AAEHPAE@Z 10036ca3 f   KPlayerDBFuns.obj
 0001:00035f10       ?DBSetTongNameID@KPlayerTong@@QAEXK@Z 10036f10 f i KPlayerDBFuns.obj
 0001:00035f40       ?Clear@BuySellInfo@@QAEXXZ 10036f40 f i KPlayerDBFuns.obj
 0001:00035f80       ?GetTime@KItem@@QAEPAUKTime@@XZ 10036f80 f i KPlayerDBFuns.obj
 0001:00035fa0       ??0KPlayerFaction@@QAE@XZ  10036fa0 f   KPlayerFaction.obj
 0001:00035fb6       ?Release@KPlayerFaction@@QAEXXZ 10036fb6 f   KPlayerFaction.obj
 0001:00035fde       ?SetSeries@KPlayerFaction@@QAEXH@Z 10036fde f   KPlayerFaction.obj
 0001:00035feb       ?AddFaction@KPlayerFaction@@QAEHHPAD@Z 10036feb f   KPlayerFaction.obj
 0001:00036029       ?AddFaction@KPlayerFaction@@QAEHHH@Z 10037029 f   KPlayerFaction.obj
 0001:0003609a       ?LeaveFaction@KPlayerFaction@@QAEXXZ 1003709a f   KPlayerFaction.obj
 0001:000360ae       ?OpenCurSkillLevel@KPlayerFaction@@QAEHHPAVKSkillList@@@Z 100370ae f   KPlayerFaction.obj
 0001:000360c0       ?GetGurFactionCamp@KPlayerFaction@@QAEHXZ 100370c0 f   KPlayerFaction.obj
 0001:0003610f       ?GetCurFactionNo@KPlayerFaction@@QAEHXZ 1003710f f   KPlayerFaction.obj
 0001:0003611f       ?GetCurFactionName@KPlayerFaction@@QAEXPAD@Z 1003711f f   KPlayerFaction.obj
 0001:00036180       ??0KPlayerFuYuan@@QAE@XZ   10037180 f   KPlayerFuYuan.obj
 0001:00036197       ?Init@KPlayerFuYuan@@QAEXH@Z 10037197 f   KPlayerFuYuan.obj
 0001:000361b6       ?SetFuYuanValue@KPlayerFuYuan@@QAEXH@Z 100371b6 f   KPlayerFuYuan.obj
 0001:00036233       ?GetFuYuanValue@KPlayerFuYuan@@QAEHXZ 10037233 f   KPlayerFuYuan.obj
 0001:00036244       ?AddFuYuanValue@KPlayerFuYuan@@QAEXH@Z 10037244 f   KPlayerFuYuan.obj
 0001:000362d0       ??0KPlayerMenuState@@QAE@XZ 100372d0 f   KPlayerMenuState.obj
 0001:000362e6       ?Release@KPlayerMenuState@@QAEXXZ 100372e6 f   KPlayerMenuState.obj
 0001:0003634a       ?BackupState@KPlayerMenuState@@QAEXXZ 1003734a f   KPlayerMenuState.obj
 0001:00036381       ?RestoreState@KPlayerMenuState@@QAEXXZ 10037381 f   KPlayerMenuState.obj
 0001:000363b7       ?SetState@KPlayerMenuState@@QAEXHHPADHK@Z 100373b7 f   KPlayerMenuState.obj
 0001:00036796       ?RestoreBackupState@KPlayerMenuState@@QAEXH@Z 10037796 f   KPlayerMenuState.obj
 0001:0003689e       ?Init@KPlayerMenuStateGraph@@QAEHXZ 1003789e f   KPlayerMenuState.obj
 0001:00036967       ?GetStateSpr@KPlayerMenuStateGraph@@QAEXHPAD@Z 10037967 f   KPlayerMenuState.obj
 0001:000369b0       ??0KPlayerPK@@QAE@XZ       100379b0 f   KPlayerPK.obj
 0001:000369c7       ?Init@KPlayerPK@@QAEXH@Z   100379c7 f   KPlayerPK.obj
 0001:00036a2c       ?Active@KPlayerPK@@QAEXXZ  10037a2c f   KPlayerPK.obj
 0001:00036a3f       ?SetNormalPKState@KPlayerPK@@QAEXE@Z 10037a3f f   KPlayerPK.obj
 0001:00036aa1       ?GetNormalPKState@KPlayerPK@@QAEHXZ 10037aa1 f   KPlayerPK.obj
 0001:00036ab2       ?EnmityPKClose@KPlayerPK@@QAEXXZ 10037ab2 f   KPlayerPK.obj
 0001:00036bec       ?EnmityPKOpen@KPlayerPK@@QAEHH@Z 10037bec f   KPlayerPK.obj
 0001:00037327       ?GetEnmityPKState@KPlayerPK@@QAEHXZ 10038327 f   KPlayerPK.obj
 0001:00037338       ?GetEnmityPKAim@KPlayerPK@@QAEHXZ 10038338 f   KPlayerPK.obj
[...]
 0001:0004ed90       _$E4                       1004fd90 f   KItemSet.obj
 0001:00044d10       _$E6                       10045d10 f   KItemGenerator.obj
 0001:00044d1f       _$E3                       10045d1f f   KItemGenerator.obj
 0001:00044d2e       _$E5                       10045d2e f   KItemGenerator.obj
 0001:00044d40       _$E4                       10045d40 f   KItemGenerator.obj
 0001:000448f0       _$E6                       100458f0 f   KItemChangeRes.obj
 0001:000448ff       _$E3                       100458ff f   KItemChangeRes.obj
 0001:0004490e       _$E5                       1004590e f   KItemChangeRes.obj
 0001:00044920       _$E4                       10045920 f   KItemChangeRes.obj
 0001:000428f0       _$E18                      100438f0 f   KItem.obj
 0001:000428ff       _$E15                      100438ff f   KItem.obj
 0001:00042922       _$E17                      10043922 f   KItem.obj
 0001:00042934       _$E16                      10043934 f   KItem.obj
 0001:000448c9       _$E25                      100458c9 f   KItem.obj
 0001:000448d8       _$E24                      100458d8 f   KItem.obj
 0001:00040e90       _$E8                       10041e90 f   KBuySell.obj
 0001:00040e9f       _$E5                       10041e9f f   KBuySell.obj
 0001:00040eae       _$E7                       10041eae f   KBuySell.obj
 0001:00040ec0       _$E6                       10041ec0 f   KBuySell.obj
 0001:0003a0b0       _$E6                       1003b0b0 f   KPlayerTeam.obj
 0001:0003a0ba       _$E5                       1003b0ba f   KPlayerTeam.obj
 0001:00039e00       _$E6                       1003ae00 f   KPlayerTask.obj
 0001:00039e0f       _$E3                       1003ae0f f   KPlayerTask.obj
 0001:00039e1f       _$E5                       1003ae1f f   KPlayerTask.obj
 0001:00039e31       _$E4                       1003ae31 f   KPlayerTask.obj
 0001:00039e41       _$E11                      1003ae41 f   KPlayerTask.obj
 0001:00039e50       _$E8                       1003ae50 f   KPlayerTask.obj
 0001:00039e60       _$E10                      1003ae60 f   KPlayerTask.obj
 0001:00039e72       _$E9                       1003ae72 f   KPlayerTask.obj
 0001:00039e82       _$E16                      1003ae82 f   KPlayerTask.obj
 0001:00039e91       _$E13                      1003ae91 f   KPlayerTask.obj
 0001:00039ea1       _$E15                      1003aea1 f   KPlayerTask.obj
 0001:00039eb3       _$E14                      1003aeb3 f   KPlayerTask.obj
 0001:00039ec3       _$E21                      1003aec3 f   KPlayerTask.obj
 0001:00039ed2       _$E18                      1003aed2 f   KPlayerTask.obj
 0001:00039ee2       _$E20                      1003aee2 f   KPlayerTask.obj
 0001:00039ef4       _$E19                      1003aef4 f   KPlayerTask.obj
 0001:00039f04       _$E26                      1003af04 f   KPlayerTask.obj
 0001:00039f13       _$E23                      1003af13 f   KPlayerTask.obj
 0001:00039f23       _$E25                      1003af23 f   KPlayerTask.obj
 0001:00039f35       _$E24                      1003af35 f   KPlayerTask.obj
 0001:00039f45       _$E31                      1003af45 f   KPlayerTask.obj
 0001:00039f54       _$E28                      1003af54 f   KPlayerTask.obj
 0001:00039f64       _$E30                      1003af64 f   KPlayerTask.obj
 0001:00039f76       _$E29                      1003af76 f   KPlayerTask.obj
 0001:00037bc0       _$E20                      10038bc0 f   KPlayerSet.obj
 0001:00037bcf       _$E17                      10038bcf f   KPlayerSet.obj
 0001:00037bde       _$E19                      10038bde f   KPlayerSet.obj
 0001:00037bf0       _$E18                      10038bf0 f   KPlayerSet.obj
 0001:00039d85       _$E27                      1003ad85 f   KPlayerSet.obj
 0001:00039d94       _$E26                      1003ad94 f   KPlayerSet.obj
 0001:00033980       _$E20                      10034980 f   KPlayerDBFuns.obj
 0001:0003398f       _$E17                      1003498f f   KPlayerDBFuns.obj
 0001:0003399e       _$E19                      1003499e f   KPlayerDBFuns.obj
 0001:000339b0       _$E18                      100349b0 f   KPlayerDBFuns.obj
 0001:00035eee       _$E27                      10036eee f   KPlayerDBFuns.obj
 0001:00035efd       _$E26                      10036efd f   KPlayerDBFuns.obj
 0001:00032da8       _$E28                      10033da8 f   KPlayerChat.obj
 0001:00032db7       _$E27                      10033db7 f   KPlayerChat.obj
 0001:00025120       _$E20                      10026120 f   KPlayer.obj
 0001:0002512f       _$E17                      1002612f f   KPlayer.obj
 0001:00025152       _$E19                      10026152 f   KPlayer.obj
 0001:00025164       _$E18                      10026164 f   KPlayer.obj
 0001:000304b2       _$E27                      100314b2 f   KPlayer.obj
 0001:000304c1       _$E26                      100314c1 f   KPlayer.obj
 0001:000233d0       _$E6                       100243d0 f   KNpcTemplate.obj
 0001:000233df       _$E3                       100243df f   KNpcTemplate.obj
 0001:000233ee       _$E5                       100243ee f   KNpcTemplate.obj
 0001:00023400       _$E4                       10024400 f   KNpcTemplate.obj
 0001:00023cc8       ?g_GenItemDropRate@@YAPAUKItemDropRate@@PAD@Z 10024cc8 f   KNpcTemplate.obj
 0001:00021cc0       _$E8                       10022cc0 f   KNpcSet.obj
 0001:00021ccf       _$E5                       10022ccf f   KNpcSet.obj
 0001:00021cde       _$E7                       10022cde f   KNpcSet.obj
 0001:00021cf0       _$E6                       10022cf0 f   KNpcSet.obj
 0001:0001c8f0       _$E8                       1001d8f0 f   KNpcAttribModify.obj
 0001:0001c8ff       _$E5                       1001d8ff f   KNpcAttribModify.obj
 0001:0001c90e       _$E7                       1001d90e f   KNpcAttribModify.obj
 0001:0001c920       _$E6                       1001d920 f   KNpcAttribModify.obj
 0001:0001aa40       _$E6                       1001ba40 f   KNpcAI.obj
 0001:0001aa4a       _$E5                       1001ba4a f   KNpcAI.obj
 0001:0000c7a0       _$E8                       1000d7a0 f   KNpc.obj
 0001:0000c7af       _$E5                       1000d7af f   KNpc.obj
 0001:0000c7d2       _$E7                       1000d7d2 f   KNpc.obj
 0001:0000c7e4       _$E6                       1000d7e4 f   KNpc.obj
 0001:00004e60       _$E8                       10005e60 f   KSkillManager.obj
 0001:00004e6f       _$E5                       10005e6f f   KSkillManager.obj
 0001:00004e7e       _$E7                       10005e7e f   KSkillManager.obj
 0001:00004e90       _$E6                       10005e90 f   KSkillManager.obj
 0001:00004dfa       _$E22                      10005dfa f   KSkillList.obj
 0001:00004e09       _$E21                      10005e09 f   KSkillList.obj
 0001:00004010       _$E6                       10005010 f   KMissleSet.obj
 0001:0000401f       _$E3                       1000501f f   KMissleSet.obj
 0001:0000402e       _$E5                       1000502e f   KMissleSet.obj
 0001:00004040       _$E4                       10005040 f   KMissleSet.obj
 0001:00001030       _$E8                       10002030 f   KMissle.obj
 0001:0000103f       _$E5                       1000203f f   KMissle.obj
 0001:00001062       _$E7                       10002062 f   KMissle.obj
 0001:00001074       _$E6                       10002074 f   KMissle.obj
 0001:00001092       _$E13                      10002092 f   KMissle.obj
 0001:000010a1       _$E10                      100020a1 f   KMissle.obj
 0001:000010c4       _$E12                      100020c4 f   KMissle.obj
 0001:000010d6       _$E11                      100020d6 f   KMissle.obj
 0001:000782c8       _$E19                      100792c8 f   common:Exception.obj
 0001:000782d7       _$E18                      100792d7 f   common:Exception.obj
 0001:0007553b       _$E23                      1007653b f   common:Buffer.obj
 0001:0007554a       _$E22                      1007654a f   common:Buffer.obj
 0001:000786c9       ?_CleanUp@std@@YAXXZ       100796c9 f   libcpmt:xlock.obj
 0001:00078608       _$E24                      10079608 f   libcpmt:string.obj
 0001:00078632       _$E20                      10079632 f   libcpmt:string.obj
 0001:0007863e       _$E23                      1007963e f   libcpmt:string.obj
 0001:00085f80       _findenv                   10086f80 f   LIBCMT:setenv.obj
 0001:00085fd8       _copy_environ              10086fd8 f   LIBCMT:setenv.obj
 0001:00085dce       _strncnt                   10086dce f   LIBCMT:a_cmp.obj
 0001:00084f91       _xtoa                      10085f91 f   LIBCMT:xtoa.obj
 0001:00085063       _x64toa@20                 10086063 f   LIBCMT:xtoa.obj
 0001:000844c4       __expandtime               100854c4 f   LIBCMT:strftime.obj
 0001:000848b3       __store_str                100858b3 f   LIBCMT:strftime.obj
 0001:000848da       __store_num                100858da f   LIBCMT:strftime.obj
 0001:00084949       __store_number             10085949 f   LIBCMT:strftime.obj
 0001:00084992       __store_winword            10085992 f   LIBCMT:strftime.obj
 0001:00083e5e       __get_fname                10084e5e f   LIBCMT:fpexcept.obj
 0001:00082a36       _ctrlevent_capture@4       10083a36 f   LIBCMT:winsig.obj
 0001:00082c1a       _siglookup                 10083c1a f   LIBCMT:winsig.obj
 0001:0008224c       _getSystemCP               1008324c f   LIBCMT:mbctype.obj
 0001:00082296       _CPtoLCID                  10083296 f   LIBCMT:mbctype.obj
 0001:000822c9       _setSBCS                   100832c9 f   LIBCMT:mbctype.obj
 0001:000822f2       _setSBUpLow                100832f2 f   LIBCMT:mbctype.obj
 0001:00081787       _TranslateName             10082787 f   LIBCMT:getqloc.obj
 0001:000817df       _GetLcidFromLangCountry    100827df f   LIBCMT:getqloc.obj
 0001:00081866       _LangCountryEnumProc@4     10082866 f   LIBCMT:getqloc.obj
 0001:00081a6a       _GetLcidFromLanguage       10082a6a f   LIBCMT:getqloc.obj
 0001:00081ac0       _LanguageEnumProc@4        10082ac0 f   LIBCMT:getqloc.obj
 0001:00081b7d       _GetLcidFromCountry        10082b7d f   LIBCMT:getqloc.obj
 0001:00081bb4       _CountryEnumProc@4         10082bb4 f   LIBCMT:getqloc.obj
 0001:00081c3a       _GetLcidFromDefault        10082c3a f   LIBCMT:getqloc.obj
 0001:00081c54       _ProcessCodePage           10082c54 f   LIBCMT:getqloc.obj
 0001:00081cba       _TestDefaultCountry        10082cba f   LIBCMT:getqloc.obj
 0001:00081cd9       _TestDefaultLanguage       10082cd9 f   LIBCMT:getqloc.obj
 0001:00081d3b       _IsThisWindowsNT           10082d3b f   LIBCMT:getqloc.obj
 0001:00081d71       _crtGetLocaleInfoA@16      10082d71 f   LIBCMT:getqloc.obj
 0001:00081e57       _LcidFromHexString         10082e57 f   LIBCMT:getqloc.obj
 0001:00081e90       _GetPrimaryLen             10082e90 f   LIBCMT:getqloc.obj
 0001:0008115d       __get_lc_lconv             1008215d f   LIBCMT:initmon.obj
 0001:0008127f       _fix_grouping              1008227f f   LIBCMT:initmon.obj
 0001:000812b6       __free_lc_lconv            100822b6 f   LIBCMT:initmon.obj
 0001:0008105b       _fix_grouping              1008205b f   LIBCMT:initnum.obj
 0001:000809a8       __get_lc_time              100819a8 f   LIBCMT:inittime.obj
 0001:00080cf6       __free_lc_time             10081cf6 f   LIBCMT:inittime.obj
 0001:00080873       _flsall                    10081873 f   LIBCMT:fflush.obj
 0001:000805ca       _xcptlookup                100815ca f   LIBCMT:winxfltr.obj
 0001:0007fa82       __abstract_cw              10080a82 f   LIBCMT:ieee87.obj
 0001:0007fb14       __hw_cw                    10080b14 f   LIBCMT:ieee87.obj
 0001:0007fb9d       __abstract_sw              10080b9d f   LIBCMT:ieee87.obj
 0001:0007eff3       _parse_cmdline             1007fff3 f   LIBCMT:stdargv.obj
 0001:0007eb09       _store_dt                  1007fb09 f   LIBCMT:asctime.obj
 0001:0007d2d2       __tzset_lk                 1007e2d2 f   LIBCMT:tzset.obj
 0001:0007d57a       __isindst_lk               1007e57a f   LIBCMT:tzset.obj
 0001:0007d726       _cvtdate                   1007e726 f   LIBCMT:tzset.obj
 0001:0007ce5b       __setlocale_set_cat        1007de5b f   LIBCMT:setlocal.obj
 0001:0007cf76       __setlocale_get_all        1007df76 f   LIBCMT:setlocal.obj
 0001:0007cac7       _strncnt                   1007dac7 f   LIBCMT:a_map.obj
 0001:0007bff1       _doexit                    1007cff1 f   LIBCMT:crt0dat.obj
 0001:0007c0a8       __initterm                 1007d0a8 f   LIBCMT:crt0dat.obj
 0001:0007b473       ?FindHandler@@YAXPAUEHExceptionRecord@@PAUEHRegistrationNode@@PAU_CONTEXT@@PAXPBU_s_FuncInfo@@EH1@Z 1007c473 f   LIBCMT:frame.obj
 0001:0007b626       ?FindHandlerForForeignException@@YAXPAUEHExceptionRecord@@PAUEHRegistrationNode@@PAU_CONTEXT@@PAXPBU_s_FuncInfo@@HH1@Z 1007c626 f   LIBCMT:frame.obj
 0001:0007b6d0       ?TypeMatch@@YAHPBU_s_HandlerType@@PBU_s_CatchableType@@PBU_s_ThrowInfo@@@Z 1007c6d0 f   LIBCMT:frame.obj
 0001:0007b7cb       ?FrameUnwindFilter@@YAHPAU_EXCEPTION_POINTERS@@@Z 1007c7cb f   LIBCMT:frame.obj
 0001:0007b7e1       ?CatchIt@@YAXPAUEHExceptionRecord@@PAUEHRegistrationNode@@PAU_CONTEXT@@PAXPBU_s_FuncInfo@@PBU_s_HandlerType@@PBU_s_CatchableType@@PBU_s_TryBlockMapEntry@@H1E@Z 1007c7e1 f   LIBCMT:frame.obj
 0001:0007b85c       ?CallCatchBlock@@YAPAXPAUEHExceptionRecord@@PAUEHRegistrationNode@@PAU_CONTEXT@@PBU_s_FuncInfo@@PAXHK@Z 1007c85c f   LIBCMT:frame.obj
 0001:0007b977       ?ExFilterRethrow@@YAHPAU_EXCEPTION_POINTERS@@@Z 1007c977 f   LIBCMT:frame.obj
 0001:0007b9a1       ?BuildCatchObject@@YAXPAUEHExceptionRecord@@PAUEHRegistrationNode@@PBU_s_HandlerType@@PBU_s_CatchableType@@@Z 1007c9a1 f   LIBCMT:frame.obj
 0001:0007bbcc       ?AdjustPointer@@YAPAXPAXABUPMD@@@Z 1007cbcc f   LIBCMT:frame.obj
 0001:0007b111       __cftoe2                   1007c111 f   LIBCMT:cvt.obj
 0001:0007b228       __cftof2                   1007c228 f   LIBCMT:cvt.obj
 0001:0007b3b3       __shift                    1007c3b3 f   LIBCMT:cvt.obj
 0001:0007ae70       _write_char                1007be70 f   LIBCMT:output.obj
 0001:0007aea5       _write_multi_char          1007bea5 f   LIBCMT:output.obj
 0001:0007aed6       _write_string              1007bed6 f   LIBCMT:output.obj
 0001:0007af0e       _get_int_arg               1007bf0e f   LIBCMT:output.obj
 0001:0007af1b       _get_int64_arg             1007bf1b f   LIBCMT:output.obj
 0001:0007af2b       _get_short_arg             1007bf2b f   LIBCMT:output.obj
 0001:000797a0       LeadUp1                    1007a7a0 f   LIBCMT:memmove.obj
 0001:000797cc       LeadUp2                    1007a7cc f   LIBCMT:memmove.obj
 0001:000797f0       LeadUp3                    1007a7f0 f   LIBCMT:memmove.obj
 0001:0007986f       UnwindUp0                  1007a86f f   LIBCMT:memmove.obj
 0001:0007985c       UnwindUp1                  1007a85c f   LIBCMT:memmove.obj
 0001:00079854       UnwindUp2                  1007a854 f   LIBCMT:memmove.obj
 0001:0007984c       UnwindUp3                  1007a84c f   LIBCMT:memmove.obj
 0001:00079844       UnwindUp4                  1007a844 f   LIBCMT:memmove.obj
 0001:0007983c       UnwindUp5                  1007a83c f   LIBCMT:memmove.obj
 0001:00079834       UnwindUp6                  1007a834 f   LIBCMT:memmove.obj
 0001:0007982c       UnwindUp7                  1007a82c f   LIBCMT:memmove.obj
 0001:00079888       TrailUp0                   1007a888 f   LIBCMT:memmove.obj
 0001:00079890       TrailUp1                   1007a890 f   LIBCMT:memmove.obj
 0001:0007989c       TrailUp2                   1007a89c f   LIBCMT:memmove.obj
 0001:000798b0       TrailUp3                   1007a8b0 f   LIBCMT:memmove.obj
 0001:00079928       LeadDown1                  1007a928 f   LIBCMT:memmove.obj
 0001:00079948       LeadDown2                  1007a948 f   LIBCMT:memmove.obj
 0001:00079970       LeadDown3                  1007a970 f   LIBCMT:memmove.obj
 0001:000799c4       UnwindDown7                1007a9c4 f   LIBCMT:memmove.obj
 0001:000799cc       UnwindDown6                1007a9cc f   LIBCMT:memmove.obj
 0001:000799d4       UnwindDown5                1007a9d4 f   LIBCMT:memmove.obj
 0001:000799dc       UnwindDown4                1007a9dc f   LIBCMT:memmove.obj
 0001:000799e4       UnwindDown3                1007a9e4 f   LIBCMT:memmove.obj
 0001:000799ec       UnwindDown2                1007a9ec f   LIBCMT:memmove.obj
 0001:000799f4       UnwindDown1                1007a9f4 f   LIBCMT:memmove.obj
 0001:00079a07       UnwindDown0                1007aa07 f   LIBCMT:memmove.obj
 0001:00079a20       TrailDown0                 1007aa20 f   LIBCMT:memmove.obj
 0001:00079a28       TrailDown1                 1007aa28 f   LIBCMT:memmove.obj
 0001:00079a38       TrailDown2                 1007aa38 f   LIBCMT:memmove.obj
 0001:00079a4c       TrailDown3                 1007aa4c f   LIBCMT:memmove.obj
 0001:00079170       LeadUp1                    1007a170 f   LIBCMT:memcpy.obj
 0001:0007919c       LeadUp2                    1007a19c f   LIBCMT:memcpy.obj
 0001:000791c0       LeadUp3                    1007a1c0 f   LIBCMT:memcpy.obj
 0001:0007923f       UnwindUp0                  1007a23f f   LIBCMT:memcpy.obj
 0001:0007922c       UnwindUp1                  1007a22c f   LIBCMT:memcpy.obj
 0001:00079224       UnwindUp2                  1007a224 f   LIBCMT:memcpy.obj
 0001:0007921c       UnwindUp3                  1007a21c f   LIBCMT:memcpy.obj
 0001:00079214       UnwindUp4                  1007a214 f   LIBCMT:memcpy.obj
 0001:0007920c       UnwindUp5                  1007a20c f   LIBCMT:memcpy.obj
 0001:00079204       UnwindUp6                  1007a204 f   LIBCMT:memcpy.obj
 0001:000791fc       UnwindUp7                  1007a1fc f   LIBCMT:memcpy.obj
 0001:00079258       TrailUp0                   1007a258 f   LIBCMT:memcpy.obj
 0001:00079260       TrailUp1                   1007a260 f   LIBCMT:memcpy.obj
 0001:0007926c       TrailUp2                   1007a26c f   LIBCMT:memcpy.obj
 0001:00079280       TrailUp3                   1007a280 f   LIBCMT:memcpy.obj
 0001:000792f8       LeadDown1                  1007a2f8 f   LIBCMT:memcpy.obj
 0001:00079318       LeadDown2                  1007a318 f   LIBCMT:memcpy.obj
 0001:00079340       LeadDown3                  1007a340 f   LIBCMT:memcpy.obj
 0001:00079394       UnwindDown7                1007a394 f   LIBCMT:memcpy.obj
 0001:0007939c       UnwindDown6                1007a39c f   LIBCMT:memcpy.obj
 0001:000793a4       UnwindDown5                1007a3a4 f   LIBCMT:memcpy.obj
 0001:000793ac       UnwindDown4                1007a3ac f   LIBCMT:memcpy.obj
 0001:000793b4       UnwindDown3                1007a3b4 f   LIBCMT:memcpy.obj
 0001:000793bc       UnwindDown2                1007a3bc f   LIBCMT:memcpy.obj
 0001:000793c4       UnwindDown1                1007a3c4 f   LIBCMT:memcpy.obj
 0001:000793d7       UnwindDown0                1007a3d7 f   LIBCMT:memcpy.obj
 0001:000793f0       TrailDown0                 1007a3f0 f   LIBCMT:memcpy.obj
 0001:000793f8       TrailDown1                 1007a3f8 f   LIBCMT:memcpy.obj
 0001:00079408       TrailDown2                 1007a408 f   LIBCMT:memcpy.obj
 0001:0007941c       TrailDown3                 1007a41c f   LIBCMT:memcpy.obj
 0001:00078e85       ?ArrayUnwindFilter@@YAHPAU_EXCEPTION_POINTERS@@@Z 10079e85 f   LIBCMT:ehvecdtr.obj
 0001:00078b90       _gu_return                 10079b90 f   LIBCMT:exsup.obj
 0001:00078b98       __unwind_handler           10079b98 f   LIBCMT:exsup.obj
 0001:000789ab       ?CatchGuardHandler@@YA?AW4_EXCEPTION_DISPOSITION@@PAUEHExceptionRecord@@PAUCatchGuardRN@@PAX2@Z 100799ab f   LIBCMT:trnsctrl.obj
 0001:00078a86       ?TranslatorGuardHandler@@YA?AW4_EXCEPTION_DISPOSITION@@PAUEHExceptionRecord@@PAUTranslatorGuardRN@@PAX2@Z 10079a86 f   LIBCMT:trnsctrl.obj
