 CoreServer

 Timestamp is 5131c94c (Sat Mar 02 16:41:32 2013)

 Preferred load address is 10000000

 Start         Length     Name                   Class
 0001:00000000 00085892H .text                   CODE
 0001:000858a0 00001c5eH .text$x                 CODE
 0002:00000000 0000030cH .idata$5                DATA
 0002:00000310 00006448H .rdata                  DATA
 0002:00006758 0000017cH .rdata$r                DATA
 0002:000068d8 00002968H .xdata$x                DATA
 0002:00009240 00000064H .idata$2                DATA
 0002:000092a4 00000014H .idata$3                DATA
 0002:000092b8 0000030cH .idata$4                DATA
 0002:000095c4 000011d8H .idata$6                DATA
 0002:0000a7a0 00001792H .edata                  DATA
 0003:00000000 00000004H .CRT$XCA                DATA
 0003:00000004 000000f8H .CRT$XCU                DATA
 0003:000000fc 00000004H .CRT$XCZ                DATA
 0003:00000100 00000004H .CRT$XIA                DATA
 0003:00000104 0000000cH .CRT$XIC                DATA
 0003:00000110 00000004H .CRT$XIY                DATA
 0003:00000114 00000004H .CRT$XIZ                DATA
 0003:00000118 00000004H .CRT$XPA                DATA
 0003:0000011c 00000004H .CRT$XPX                DATA
 0003:00000120 00000004H .CRT$XPZ                DATA
 0003:00000124 00000004H .CRT$XTA                DATA
 0003:00000128 00000004H .CRT$XTB                DATA
 0003:0000012c 00000004H .CRT$XTZ                DATA
 0003:00000130 000080c4H .data                   DATA
 0003:000081f8 16e4ec44H .bss                    DATA

  Address         Publics by Value              Rva+Base     Lib:Object

 0001:00000000       ??_H@YGXPAXIHP6EX0@Z@Z     10001000 f i KPartnerSkill.obj
 0001:00000030       ?GetMoney@KInventory@@QAEHXZ 10001030 f i KThiefSkill.obj
 0001:00000050       ?SetMoney@KInventory@@QAEHH@Z 10001050 f i KThiefSkill.obj
 0001:00000080       ?GetXu@KInventory@@QAEHXZ  10001080 f i KThiefSkill.obj
 0001:000000a0       ?SetXu@KInventory@@QAEHH@Z 100010a0 f i KThiefSkill.obj
 0001:000000d0       ??4KInventory@@QAEAAV0@ABV0@@Z 100010d0 f i KThiefSkill.obj
 0001:00000100       ?GetEquipment@KItemList@@QAEHH@Z 10001100 f i KThiefSkill.obj
 0001:00000120       ?GetMoney@KItemList@@QAEHH@Z 10001120 f i KThiefSkill.obj
 0001:00000150       ?GetXu@KItemList@@QAEHH@Z  10001150 f i KThiefSkill.obj
 0001:00000180       ?Hand@KItemList@@QAEHXZ    10001180 f i KThiefSkill.obj
 0001:000001a0       ?GetMaskLock@KItemList@@QAEHXZ 100011a0 f i KThiefSkill.obj
 0001:000001c0       ??4KItemList@@QAEAAV0@ABV0@@Z 100011c0 f i KThiefSkill.obj
 0001:000001f0       ??0KThiefSkill@@QAE@XZ     100011f0 f   KThiefSkill.obj
 0001:00000237       ??1KThiefSkill@@UAE@XZ     10001237 f   KThiefSkill.obj
 0001:00000253       ?GetSkillId@KThiefSkill@@UAEHXZ 10001253 f   KThiefSkill.obj
 0001:00000263       ?GetSkillName@KThiefSkill@@UAEPBDXZ 10001263 f   KThiefSkill.obj
 0001:00000274       ?GetSkillStyle@KThiefSkill@@UAEHXZ 10001274 f   KThiefSkill.obj
 0001:00000284       ?LoadSkillLevelData@KThiefSkill@@UAEXKH@Z 10001284 f   KThiefSkill.obj
 0001:00000291       ?DoSkill@KThiefSkill@@QAEHPAVKNpc@@HH@Z 10001291 f   KThiefSkill.obj
 0001:000002ec       ?Cast_Redress@KThiefSkill@@AAEHPAVKPlayer@@0@Z 100012ec f   KThiefSkill.obj
 0001:00000509       ?Cast_ShowLife@KThiefSkill@@AAEHPAVKPlayer@@0@Z 10001509 f   KThiefSkill.obj
 0001:000005a8       ?Cast_ShowMana@KThiefSkill@@AAEHPAVKPlayer@@0@Z 100015a8 f   KThiefSkill.obj
 0001:00000647       ?Cast_ShowMoney@KThiefSkill@@AAEHPAVKPlayer@@0@Z 10001647 f   KThiefSkill.obj
 0001:000006cb       ?Cast_ShowXu@KThiefSkill@@AAEHPAVKPlayer@@0@Z 100016cb f   KThiefSkill.obj
 0001:0000074f       ?Cast_RunScript@KThiefSkill@@AAEHPAVKPlayer@@0@Z 1000174f f   KThiefSkill.obj
 0001:00000787       ?Cast@KThiefSkill@@QAEHPAVKPlayer@@0@Z 10001787 f   KThiefSkill.obj
 0001:00000850       ?OnSkill@KThiefSkill@@QAEHPAVKNpc@@@Z 10001850 f   KThiefSkill.obj
 0001:000009a4       ?CanCastSkill@KThiefSkill@@UBEHHAAH0@Z 100019a4 f   KThiefSkill.obj
 0001:00000a84       ?LoadSetting@KThiefSkill@@QAEHPAD@Z 10001a84 f   KThiefSkill.obj
 0001:00000cf6       ?GetSkillCost@KThiefSkill@@UBEHPAX@Z 10001cf6 f   KThiefSkill.obj
 0001:00000dd0       ?GetSkillCostType@KThiefSkill@@UBE?AW4NPCATTRIB@@XZ 10001dd0 f i KThiefSkill.obj
 0001:00000df0       ?GetAttackRadius@KThiefSkill@@UBEHXZ 10001df0 f i KThiefSkill.obj
 0001:00000e10       ?IsTargetOnly@KThiefSkill@@UBEHXZ 10001e10 f i KThiefSkill.obj
 0001:00000e20       ?IsTargetEnemy@KThiefSkill@@UBEHXZ 10001e20 f i KThiefSkill.obj
 0001:00000e30       ?IsTargetAlly@KThiefSkill@@UBEHXZ 10001e30 f i KThiefSkill.obj
 0001:00000e40       ?IsTargetObj@KThiefSkill@@UBEHXZ 10001e40 f i KThiefSkill.obj
 0001:00000e50       ??_EKThiefSkill@@UAEPAXI@Z 10001e50 f i KThiefSkill.obj
 0001:00000e50       ??_GKThiefSkill@@UAEPAXI@Z 10001e50 f i KThiefSkill.obj
 0001:00000e80       ??0ISkill@@QAE@XZ          10001e80 f i KThiefSkill.obj
 0001:00000ea0       ?GetDelayPerCast@KThiefSkill@@QAEKXZ 10001ea0 f i KThiefSkill.obj
 0001:00000ec0       ??1ISkill@@UAE@XZ          10001ec0 f i KThiefSkill.obj
 0001:00000ee0       ?IsAura@ISkill@@UBEHXZ     10001ee0 f i KThiefSkill.obj
 0001:00000ef0       ?IsPhysical@ISkill@@UBEHXZ 10001ef0 f i KThiefSkill.obj
 0001:00000f00       ?GetSkillLevelUpScriptId@ISkill@@UBEKXZ 10001f00 f i KThiefSkill.obj
 0001:00000f10       ??_GISkill@@UAEPAXI@Z      10001f10 f i KThiefSkill.obj
 0001:00000f10       ??_EISkill@@UAEPAXI@Z      10001f10 f i KThiefSkill.obj
 0001:00000f40       ?GetRandomNumber@@YAHHH@Z  10001f40 f i KThiefSkill.obj
 0001:00000f60       ??0KMissleSet@@QAE@XZ      10001f60 f i KMissle.obj
 0001:00000fb0       ??4KMissleSet@@QAEAAV0@ABV0@@Z 10001fb0 f i KMissle.obj
 0001:00000fe0       ??1KMissleSet@@QAE@XZ      10001fe0 f i KMissle.obj
 0001:000010f4       ??0KMissle@@QAE@XZ         100020f4 f   KMissle.obj
 0001:0000118b       ?Release@KMissle@@AAEXXZ   1000218b f   KMissle.obj
 0001:000011f1       ??1KMissle@@UAE@XZ         100021f1 f   KMissle.obj
 0001:00001210       ?GetInfoFromTabFile@KMissle@@QAEHH@Z 10002210 f   KMissle.obj
 0001:00001240       ?GetInfoFromTabFile@KMissle@@QAEHPAVKITabFile@@H@Z 10002240 f   KMissle.obj
 0001:00001513       ?Init@KMissle@@AAEHHHHHH@Z 10002513 f   KMissle.obj
 0001:00001525       ?Activate@KMissle@@QAEHXZ  10002525 f   KMissle.obj
 0001:00001796       ?OnWait@KMissle@@AAEXXZ    10002796 f   KMissle.obj
 0001:000017a1       ?OnCollision@KMissle@@AAEXXZ 100027a1 f   KMissle.obj
 0001:000017ac       ?CheckCollision@KMissle@@AAEHXZ 100027ac f   KMissle.obj
 0001:00001ade       ?OnFly@KMissle@@AAEXXZ     10002ade f   KMissle.obj
 0001:000026b7       ?OnVanish@KMissle@@AAEXXZ  100036b7 f   KMissle.obj
 0001:000026c2       ?CheckBeyondRegion@KMissle@@AAEHHH@Z 100036c2 f   KMissle.obj
 0001:00002adf       ??4KMissle@@AAEAAV0@AAV0@@Z 10003adf f   KMissle.obj
 0001:00002d0a       ?ProcessDamage@KMissle@@AAEHH@Z 10003d0a f   KMissle.obj
 0001:00002e3a       ?DoVanish@KMissle@@AAEXXZ  10003e3a f   KMissle.obj
 0001:00002ecb       ?DoCollision@KMissle@@AAEXXZ 10003ecb f   KMissle.obj
 0001:00002f45       ?DoFly@KMissle@@AAEXXZ     10003f45 f   KMissle.obj
 0001:00002f6b       ?GetOffsetAxis@KMissle@@SAHHHHHHHAAH00@Z 10003f6b f   KMissle.obj
 0001:000030ec       ?ProcessCollision@KMissle@@AAEHHHHHHH@Z 100040ec f   KMissle.obj
 0001:00003253       ?ProcessCollision@KMissle@@AAEHXZ 10004253 f   KMissle.obj
 0001:000032ac       ?DoWait@KMissle@@AAEXXZ    100042ac f   KMissle.obj
 0001:000032c4       ?PrePareFly@KMissle@@AAEHXZ 100042c4 f   KMissle.obj
 0001:00003588       ?CheckNearestCollision@KMissle@@AAEHXZ 10004588 f   KMissle.obj
 0001:00003824       ?GetMpsPos@KMissle@@QAEXPAH0@Z 10004824 f   KMissle.obj
 0001:00003890       ??_GKMissle@@UAEPAXI@Z     10004890 f i KMissle.obj
 0001:00003890       ??_EKMissle@@UAEPAXI@Z     10004890 f i KMissle.obj
 0001:000038c0       ??_GKMissleMagicAttribsData@@QAEPAXI@Z 100048c0 f i KMissle.obj
 0001:000038f0       ??0KIndexNode@@QAE@XZ      100048f0 f i KMissle.obj
 0001:00003930       ??0KNode@@QAE@XZ           10004930 f i KMissle.obj
 0001:00003960       ??_GKNode@@UAEPAXI@Z       10004960 f i KMissle.obj
 0001:00003960       ??_EKNode@@UAEPAXI@Z       10004960 f i KMissle.obj
 0001:00003990       ??1KNode@@UAE@XZ           10004990 f i KMissle.obj
 0001:000039b0       ??_GKIndexNode@@UAEPAXI@Z  100049b0 f i KMissle.obj
 0001:000039b0       ??_EKIndexNode@@UAEPAXI@Z  100049b0 f i KMissle.obj
 0001:000039e0       ??1KIndexNode@@UAE@XZ      100049e0 f i KMissle.obj
 0001:00003a00       ?IsMatch@KNpc@@QAEHK@Z     10004a00 f i KMissle.obj
 0001:00003a20       ?FindNpc@KRegion@@QAEHHHHH@Z 10004a20 f i KMissle.obj
 0001:00003ae0       ?GetNext@KNode@@QAEPAV1@XZ 10004ae0 f i KMissle.obj
 0001:00003b10       ?GetHead@KList@@QAEPAVKNode@@XZ 10004b10 f i KMissle.obj
 0001:00003b30       ?g_DirSin@@YAHHH@Z         10004b30 f i KMissle.obj
 0001:00003b50       ?g_DirCos@@YAHHH@Z         10004b50 f i KMissle.obj
 0001:00003b70       ?g_GetDirIndex@@YAHHHHH@Z  10004b70 f i KMissle.obj
 0001:00003c20       ?g_GetDistance@@YAHHHHH@Z  10004c20 f i KMissle.obj
 0001:00003c70       ?Send@KWorldMsg@@QAEHKHHH@Z 10004c70 f i KMissle.obj
 0001:00003d30       ?AddTail@KList@@QAEXPAVKNode@@@Z 10004d30 f i KMissle.obj
 0001:00003d50       ?InsertBefore@KNode@@QAEXPAV1@@Z 10004d50 f i KMissle.obj
 0001:00003da0       ??0KWorldMsgNode@@QAE@XZ   10004da0 f i KMissle.obj
 0001:00003dc0       ??_EKWorldMsgNode@@UAEPAXI@Z 10004dc0 f i KMissle.obj
 0001:00003dc0       ??_GKWorldMsgNode@@UAEPAXI@Z 10004dc0 f i KMissle.obj
 0001:00003df0       ??1KWorldMsgNode@@UAE@XZ   10004df0 f i KMissle.obj
 0001:00003e10       ?GetGameTime@KSubWorldSet@@QAEHXZ 10004e10 f i KMissle.obj
 0001:00003e20       ?DelRef@KMissleMagicAttribsData@@QAEHXZ 10004e20 f i KMissle.obj
 0001:00003e40       ??1KMissleMagicAttribsData@@QAE@XZ 10004e40 f i KMissle.obj
 0001:00003e60       ?Remove@KMissleMagicAttribsData@@AAEXXZ 10004e60 f i KMissle.obj
 0001:00003e90       ?ZAxisMove@KMissle@@AAEXXZ 10004e90 f i KMissle.obj
 0001:00003f00       ?TestBarrier@KMissle@@AAEHXZ 10004f00 f i KMissle.obj
 0001:00003f80       ?GetSkill@KSkillManager@@QAEPAVISkill@@HH@Z 10004f80 f i KMissle.obj
 0001:0000404f       ?Init@KMissleSet@@QAEXXZ   1000504f f   KMissleSet.obj
 0001:000040b4       ?FindFree@KMissleSet@@QAEHXZ 100050b4 f   KMissleSet.obj
 0001:000040ca       ?Add@KMissleSet@@QAEHHHHHHH@Z 100050ca f   KMissleSet.obj
 0001:0000419e       ?Add@KMissleSet@@QAEHHHH@Z 1000519e f   KMissleSet.obj
 0001:00004368       ?CreateMissile@KMissleSet@@QAEHHHHHHHHH@Z 10005368 f   KMissleSet.obj
 0001:000043aa       ?Activate@KMissleSet@@QAEHXZ 100053aa f   KMissleSet.obj
 0001:000043ed       ?Remove@KMissleSet@@QAEXH@Z 100053ed f   KMissleSet.obj
 0001:00004447       ?Draw@KMissleSet@@QAEXXZ   10005447 f   KMissleSet.obj
 0001:00004471       ?GetCount@KMissleSet@@QAEHXZ 10005471 f   KMissleSet.obj
 0001:000044c0       ?ClearMissles@KMissleSet@@QAEXXZ 100054c0 f   KMissleSet.obj
 0001:00004510       ??0KSkillList@@QAE@XZ      10005510 f   KSkillList.obj
 0001:00004541       ??1KSkillList@@QAE@XZ      10005541 f   KSkillList.obj
 0001:0000454c       ?FindSame@KSkillList@@QAEHH@Z 1000554c f   KSkillList.obj
 0001:000045a5       ?FindFree@KSkillList@@QAEHXZ 100055a5 f   KSkillList.obj
 0001:000045e3       ?SetNpcSkill@KSkillList@@QAEXHHH@Z 100055e3 f   KSkillList.obj
 0001:000046bd       ?RemoveNpcSkill@KSkillList@@QAEXH@Z 100056bd f   KSkillList.obj
 0001:0000472f       ?GetCount@KSkillList@@QAEHXZ 1000572f f   KSkillList.obj
 0001:00004779       ?IncreaseLevel@KSkillList@@QAEHHHH@Z 10005779 f   KSkillList.obj
 0001:0000484d       ?Add@KSkillList@@QAEHHHHHH@Z 1000584d f   KSkillList.obj
 0001:00004a64       ?GetLevel@KSkillList@@QAEHH@Z 10005a64 f   KSkillList.obj
 0001:00004aa3       ?GetCurrentLevel@KSkillList@@QAEHH@Z 10005aa3 f   KSkillList.obj
 0001:00004ae2       ?CanCast@KSkillList@@QAEHHK@Z 10005ae2 f   KSkillList.obj
 0001:00004b3f       ?SetNextCastTime@KSkillList@@QAEXHK@Z 10005b3f f   KSkillList.obj
 0001:00004b7d       ?ReEnChance@KSkillList@@QAEXXZ 10005b7d f   KSkillList.obj
 0001:00004c42       ?UpdateDBSkillList@KSkillList@@QAEHPAE@Z 10005c42 f   KSkillList.obj
 0001:00004d10       ?ClearSkillLevel@KSkillList@@QAEH_N@Z 10005d10 f   KSkillList.obj
 0001:00004e20       ?id@?$ctype@G@std@@$D      10005e20 f i KSkillList.obj
 0001:00004e50       ?id@?$ctype@G@std@@$E      10005e50 f i KSkillList.obj
 0001:00004e9f       ??0KSkillManager@@QAE@XZ   10005e9f f   KSkillManager.obj
 0001:00004ead       ??1KSkillManager@@QAE@XZ   10005ead f   KSkillManager.obj
 0001:00004f79       ?Init@KSkillManager@@QAEHXZ 10005f79 f   KSkillManager.obj
 0001:000051e7       ?InstanceSkill@KSkillManager@@AAEPAVISkill@@KK@Z 100061e7 f   KSkillManager.obj
 0001:00005460       ??4KSkill@@QAEAAV0@ABV0@@Z 10006460 f i KSkillManager.obj
 0001:00005a20       ??4ISkill@@QAEAAV0@ABV0@@Z 10006a20 f i KSkillManager.obj
 0001:00005a30       ?SetSkillId@KSkill@@QAEXH@Z 10006a30 f i KSkillManager.obj
 0001:00005a50       ?SetSkillLevel@KSkill@@QAEXK@Z 10006a50 f i KSkillManager.obj
 0001:00005a70       ?GetSkillStyle@KSkillManager@@AAEHK@Z 10006a70 f i KSkillManager.obj
 0001:00005ab0       ??0KSkill@@QAE@XZ          10006ab0 f   KSkills.obj
 0001:00005bfa       ??1KSkill@@UAE@XZ          10006bfa f   KSkills.obj
 0001:00005c16       ?CanCastSkill@KSkill@@UBEHHAAH0@Z 10006c16 f   KSkills.obj
 0001:00005e45       ?Cast@KSkill@@QBEHHHHHW4eSkillLauncherType@@@Z 10006e45 f   KSkills.obj
 0001:000060a4       ?Vanish@KSkill@@ABEXPAVKMissle@@@Z 100070a4 f   KSkills.obj
 0001:000060bf       ?OnMissleEvent@KSkill@@QBEHGPAVKMissle@@@Z 100070bf f   KSkills.obj
 0001:000063c0       ?FlyEvent@KSkill@@ABEXPAVKMissle@@@Z 100073c0 f   KSkills.obj
 0001:000063db       ?Collidsion@KSkill@@ABEXPAVKMissle@@@Z 100073db f   KSkills.obj
 0001:000063f6       ?CastMissles@KSkill@@ABEHHHHHW4eSkillLauncherType@@@Z 100073f6 f   KSkills.obj
 0001:00007a0f       ?CastZone@KSkill@@ABEHPAUTOrdinSkillParam@@HHH@Z 10008a0f f   KSkills.obj
 0001:00007fe0       ?CastLine@KSkill@@ABEHPAUTOrdinSkillParam@@HHH@Z 10008fe0 f   KSkills.obj
 0001:000084de       ?CastExtractiveLineMissle@KSkill@@ABEHPAUTOrdinSkillParam@@HHHHHHH@Z 100094de f   KSkills.obj
 0001:00008996       ?CastWall@KSkill@@ABEHPAUTOrdinSkillParam@@HHH@Z 10009996 f   KSkills.obj
 0001:00008e70       ?CastNotWall@KSkill@@ABEHPAUTOrdinSkillParam@@HHH@Z 10009e70 f   KSkills.obj
 0001:000092b3       ?CastCircle@KSkill@@ABEHPAUTOrdinSkillParam@@HHH@Z 1000a2b3 f   KSkills.obj
 0001:00009720       ?CastSpread@KSkill@@ABEHPAUTOrdinSkillParam@@HHH@Z 1000a720 f   KSkills.obj
 0001:00009d72       ?GetChildSkillNum@KSkill@@QBEHH@Z 1000ad72 f   KSkills.obj
 0001:00009d88       ?CreateMissle@KSkill@@ABEXHHH@Z 1000ad88 f   KSkills.obj
 0001:0000a06e       ?GetInfoFromTabFile@KSkill@@QAEHH@Z 1000b06e f   KSkills.obj
 0001:0000a095       ?GetInfoFromTabFile@KSkill@@QAEHPAVKITabFile@@H@Z 1000b095 f   KSkills.obj
 0001:0000a8d3       ?LoadSkillLevelData@KSkill@@UAEXKH@Z 1000b8d3 f   KSkills.obj
 0001:0000ac0f       ?CreateMissleMagicAttribsData@KSkill@@QBEPAVKMissleMagicAttribsData@@H@Z 1000bc0f f   KSkills.obj
 0001:0000ada1       ?GetMissleGenerateTime@KSkill@@QBEIH@Z 1000bda1 f   KSkills.obj
 0001:0000af00       ?GetSkillIdFromName@KSkill@@SAHPAD@Z 1000bf00 f   KSkills.obj
 0001:0000af74       ?CastInitiativeSkill@KSkill@@ABEHHHHH@Z 1000bf74 f   KSkills.obj
 0001:0000b149       ?CastPassivitySkill@KSkill@@ABEHHHHH@Z 1000c149 f   KSkills.obj
 0001:0000b1b3       ?EnChanceSkill@KSkill@@QAEXH@Z 1000c1b3 f   KSkills.obj
 0001:0000b2de       ?ParseString2MagicAttrib@KSkill@@AAEHKPAD0@Z 1000c2de f   KSkills.obj
 0001:0000bc0a       ?CastStateSkill@KSkill@@QBEHHHHH@Z 1000cc0a f   KSkills.obj
 0001:0000bc80       ??0KMagicAttrib@@QAE@XZ    1000cc80 f i KSkills.obj
 0001:0000bcc0       ??_EKSkill@@UAEPAXI@Z      1000ccc0 f i KSkills.obj
 0001:0000bcc0       ??_GKSkill@@UAEPAXI@Z      1000ccc0 f i KSkills.obj
 0001:0000bcf0       ?g_DirIndex2Dir@@YAHHH@Z   1000ccf0 f i KSkills.obj
 0001:0000bd20       ?Param2PCoordinate@KSkill@@ABEHHHHPAH0W4eSkillLauncherType@@@Z 1000cd20 f i KSkills.obj
 0001:0000bea0       ?g_Dir2DirIndex@@YAHHH@Z   1000cea0 f i KSkills.obj
 0001:0000bed0       ?GetRef@KMissleMagicAttribsData@@QAEHXZ 1000ced0 f i KSkills.obj
 0001:0000bee0       ?SetMagicAttribsData@KMissle@@QAEHPAVKMissleMagicAttribsData@@@Z 1000cee0 f i KSkills.obj
 0001:0000bf10       ?AddRef@KMissleMagicAttribsData@@QAEHXZ 1000cf10 f i KSkills.obj
 0001:0000bf30       ?IsTargetOnly@KSkill@@UBEHXZ 1000cf30 f i KSkills.obj
 0001:0000bf50       ?IsTargetEnemy@KSkill@@UBEHXZ 1000cf50 f i KSkills.obj
 0001:0000bf70       ?IsTargetAlly@KSkill@@UBEHXZ 1000cf70 f i KSkills.obj
 0001:0000bf90       ?IsTargetObj@KSkill@@UBEHXZ 1000cf90 f i KSkills.obj
 0001:0000bfb0       ?GetSkillLevelUpScriptId@KSkill@@UBEKXZ 1000cfb0 f i KSkills.obj
 0001:0000bfd0       ?GetSkillName@KSkill@@UAEPBDXZ 1000cfd0 f i KSkills.obj
 0001:0000bff0       ?GetSkillStyle@KSkill@@UAEHXZ 1000cff0 f i KSkills.obj
 0001:0000c010       ?GetAttackRadius@KSkill@@UBEHXZ 1000d010 f i KSkills.obj
 0001:0000c030       ?GetSkillCost@KSkill@@UBEHPAX@Z 1000d030 f i KSkills.obj
 0001:0000c050       ?GetSkillCostType@KSkill@@UBE?AW4NPCATTRIB@@XZ 1000d050 f i KSkills.obj
 0001:0000c070       ?GetSkillId@KSkill@@UAEHXZ 1000d070 f i KSkills.obj
 0001:0000c090       ?IsAura@KSkill@@UBEHXZ     1000d090 f i KSkills.obj
 0001:0000c0b0       ?IsPhysical@KSkill@@UBEHXZ 1000d0b0 f i KSkills.obj
 0001:0000c0d0       ??0KMissleMagicAttribsData@@QAE@XZ 1000d0d0 f i KSkills.obj
 0001:0000c130       ?MagicAttrib2String@KSkill@@ABEPBDH@Z 1000d130 f i KSkills.obj
 0001:0000c150       ?Init@KFaction@@QAEHXZ     1000d150 f   KFaction.obj
 0001:0000c657       ?GetID@KFaction@@QAEHHH@Z  1000d657 f   KFaction.obj
 0001:0000c68a       ?GetID@KFaction@@QAEHHPAD@Z 1000d68a f   KFaction.obj
 0001:0000c706       ?GetCamp@KFaction@@QAEHH@Z 1000d706 f   KFaction.obj
 0001:0000c7a2       ??0KNpc@@QAE@XZ            1000d7a2 f   KNpc.obj
 0001:0000c8bb       ?Init@KNpc@@QAEXXZ         1000d8bb f   KNpc.obj
 0001:0000ce72       ?GetActiveSkill@KNpc@@QAEPAVISkill@@XZ 1000de72 f   KNpc.obj
 0001:0000cebc       ?SetCurrentCamp@KNpc@@QAEXH@Z 1000debc f   KNpc.obj
 0001:0000d08e       ?SetCamp@KNpc@@QAEXH@Z     1000e08e f   KNpc.obj
 0001:0000d260       ?RestoreCurrentCamp@KNpc@@QAEXXZ 1000e260 f   KNpc.obj
 0001:0000d436       ?Activate@KNpc@@QAEXXZ     1000e436 f   KNpc.obj
 0001:0000d59f       ?ProcStatus@KNpc@@QAEXXZ   1000e59f f   KNpc.obj
 0001:0000d6fb       ?ProcCommand@KNpc@@QAEXH@Z 1000e6fb f   KNpc.obj
 0001:0000d985       ?ProcessState@KNpc@@QAEHXZ 1000e985 f   KNpc.obj
 0001:0000ed2e       ?DoDeath@KNpc@@AAEXH@Z     1000fd2e f   KNpc.obj
 0001:0000f010       ?OnDeath@KNpc@@AAEXXZ      10010010 f   KNpc.obj
 0001:0000f1ca       ?DoDefense@KNpc@@AAEXXZ    100101ca f   KNpc.obj
 0001:0000f1e2       ?OnDefense@KNpc@@AAEXXZ    100101e2 f   KNpc.obj
 0001:0000f1ed       ?DoIdle@KNpc@@AAEXXZ       100101ed f   KNpc.obj
 0001:0000f213       ?OnIdle@KNpc@@AAEXXZ       10010213 f   KNpc.obj
 0001:0000f21e       ?DoHurt@KNpc@@AAEXHHH@Z    1001021e f   KNpc.obj
 0001:0000f4b6       ?OnHurt@KNpc@@AAEXXZ       100104b6 f   KNpc.obj
 0001:0000f532       ?DoSpecial1@KNpc@@AAEXXZ   10010532 f   KNpc.obj
 0001:0000f545       ?OnSpecial1@KNpc@@AAEXXZ   10010545 f   KNpc.obj
 0001:0000f65e       ?DoSpecial2@KNpc@@AAEXXZ   1001065e f   KNpc.obj
 0001:0000f669       ?OnSpecial2@KNpc@@AAEXXZ   10010669 f   KNpc.obj
 0001:0000f6ff       ?DoSpecial3@KNpc@@AAEXXZ   100106ff f   KNpc.obj
 0001:0000f70a       ?OnSpecial3@KNpc@@AAEXXZ   1001070a f   KNpc.obj
 0001:0000f715       ?DoSpecial4@KNpc@@AAEXHH@Z 10010715 f   KNpc.obj
 0001:0000f9b2       ?OnSpecial4@KNpc@@AAEXXZ   100109b2 f   KNpc.obj
 0001:0000f9bd       ?DoStand@KNpc@@AAEXXZ      100109bd f   KNpc.obj
 0001:0000fa1d       ?OnStand@KNpc@@AAEXXZ      10010a1d f   KNpc.obj
 0001:0000fa30       ?DoRevive@KNpc@@AAEXXZ     10010a30 f   KNpc.obj
 0001:0000fb4a       ?OnRevive@KNpc@@AAEXXZ     10010b4a f   KNpc.obj
 0001:0000fb75       ?DoRun@KNpc@@AAEXXZ        10010b75 f   KNpc.obj
 0001:0000fdaa       ?OnRun@KNpc@@AAEXXZ        10010daa f   KNpc.obj
 0001:0000fe9b       ?DoSit@KNpc@@AAEXXZ        10010e9b f   KNpc.obj
 0001:0001007f       ?OnSit@KNpc@@AAEXXZ        1001107f f   KNpc.obj
 0001:000100ab       ?DoSkill@KNpc@@AAEXHH@Z    100110ab f   KNpc.obj
 0001:000104c0       ?DoOrdinSkill@KNpc@@AAEHPAVKSkill@@HH@Z 100114c0 f   KNpc.obj
 0001:00010629       ?DoAttack@KNpc@@AAEXXZ     10011629 f   KNpc.obj
 0001:0001068d       ?CastMeleeSkill@KNpc@@AAEHPAVKSkill@@@Z 1001168d f   KNpc.obj
 0001:00010883       ?DoBlurAttack@KNpc@@AAEHXZ 10011883 f   KNpc.obj
 0001:000108f8       ?DoMagic@KNpc@@AAEXXZ      100118f8 f   KNpc.obj
 0001:0001095c       ?OnSkill@KNpc@@AAEXXZ      1001195c f   KNpc.obj
 0001:00010ab8       ?JumpTo@KNpc@@AAEXHH@Z     10011ab8 f   KNpc.obj
 0001:00010af3       ?RunTo@KNpc@@AAEXHH@Z      10011af3 f   KNpc.obj
 0001:00010b1c       ?Goto@KNpc@@AAEXHH@Z       10011b1c f   KNpc.obj
 0001:00010b45       ?DoWalk@KNpc@@AAEXXZ       10011b45 f   KNpc.obj
 0001:00010d75       ?DoPlayerTalk@KNpc@@QAEXPAD@Z 10011d75 f   KNpc.obj
 0001:00010f9d       ?OnPlayerTalk@KNpc@@AAEXXZ 10011f9d f   KNpc.obj
 0001:00010fa8       ?OnWalk@KNpc@@AAEXXZ       10011fa8 f   KNpc.obj
 0001:00010fcd       ?GetSkillLevel@KNpc@@QAEHH@Z 10011fcd f   KNpc.obj
 0001:0001100b       ?ModifyAttrib@KNpc@@QAEXHPAX@Z 1001200b f   KNpc.obj
 0001:00011030       ?CalcDamage@KNpc@@QAEXHHHW4DAMAGE_TYPE@@HHHH@Z 10012030 f   KNpc.obj
 0001:00011a25       ?ReceiveDamage@KNpc@@QAEHHHPAXHHH@Z 10012a25 f   KNpc.obj
 0001:00012a70       ?SetImmediatelySkillEffect@KNpc@@QAEXHPAXH@Z 10013a70 f   KNpc.obj
 0001:00012ac8       ?AppendSkillEffect@KNpc@@QAEXHHHPAX0H@Z 10013ac8 f   KNpc.obj
 0001:00013352       ?ServeMove@KNpc@@AAEXH@Z   10014352 f   KNpc.obj
 0001:00013a58       ?ServeJump@KNpc@@AAEXH@Z   10014a58 f   KNpc.obj
 0001:000140bb       ?SendCommand@KNpc@@QAEXW4NPCCMD@@HHH@Z 100150bb f   KNpc.obj
 0001:000140f8       ?NewPath@KNpc@@AAEHHH@Z    100150f8 f   KNpc.obj
 0001:00014122       ?NewJump@KNpc@@AAEHHH@Z    10015122 f   KNpc.obj
 0001:0001441f       ?SelfDamage@KNpc@@QAEXH@Z  1001541f f   KNpc.obj
 0001:0001445a       ?Cost@KNpc@@QAEHW4NPCATTRIB@@HH@Z 1001545a f   KNpc.obj
 0001:000144f4       ?DoJump@KNpc@@AAEXXZ       100154f4 f   KNpc.obj
 0001:0001473d       ?OnJump@KNpc@@AAEHXZ       1001573d f   KNpc.obj
 0001:00014784       ?WaitForFrame@KNpc@@AAEHXZ 10015784 f   KNpc.obj
 0001:000147ce       ?IsReachFrame@KNpc@@AAEHH@Z 100157ce f   KNpc.obj
 0001:00014804       ?Load@KNpc@@QAEXHH@Z       10015804 f   KNpc.obj
 0001:000148df       ?GetMpsPos@KNpc@@QAEXPAH0@Z 100158df f   KNpc.obj
 0001:00014940       ?SetActiveSkill@KNpc@@QAEHH@Z 10015940 f   KNpc.obj
 0001:000149f2       ?SetAuraSkill@KNpc@@QAEXH@Z 100159f2 f   KNpc.obj
 0001:00014b0c       ?SetPlayerIdx@KNpc@@QAEHH@Z 10015b0c f   KNpc.obj
 0001:00014b4a       ?SendSyncData@KNpc@@QAEHH@Z 10015b4a f   KNpc.obj
 0001:0001505f       ?NormalSync@KNpc@@QAEXXZ   1001605f f   KNpc.obj
 0001:000158a7       ?BroadCastRevive@KNpc@@QAEXH@Z 100168a7 f   KNpc.obj
 0001:00015a54       ?GetPlayerIdx@KNpc@@QAEHXZ 10016a54 f   KNpc.obj
 0001:00015a75       ?AddBaseLifeMax@KNpc@@QAEXH@Z 10016a75 f   KNpc.obj
 0001:00015aa9       ?SetBaseLifeMax@KNpc@@QAEXH@Z 10016aa9 f   KNpc.obj
 0001:00015ad4       ?AddCurLifeMax@KNpc@@QAEXH@Z 10016ad4 f   KNpc.obj
 0001:00015af6       ?AddBaseStaminaMax@KNpc@@QAEXH@Z 10016af6 f   KNpc.obj
 0001:00015b2a       ?SetBaseStaminaMax@KNpc@@QAEXH@Z 10016b2a f   KNpc.obj
 0001:00015b55       ?AddCurStaminaMax@KNpc@@QAEXH@Z 10016b55 f   KNpc.obj
 0001:00015b77       ?AddBaseManaMax@KNpc@@QAEXH@Z 10016b77 f   KNpc.obj
 0001:00015bab       ?SetBaseManaMax@KNpc@@QAEXH@Z 10016bab f   KNpc.obj
 0001:00015bd6       ?AddCurManaMax@KNpc@@QAEXH@Z 10016bd6 f   KNpc.obj
 0001:00015bf8       ?CalcCurLifeReplenish@KNpc@@QAEXXZ 10016bf8 f   KNpc.obj
 0001:00015c15       ?Remove@KNpc@@QAEXXZ       10016c15 f   KNpc.obj
 0001:00015c28       ?SetSeries@KNpc@@QAEXH@Z   10016c28 f   KNpc.obj
 0001:00015c56       ?SetStateSkillEffect@KNpc@@QAEXHHHPAXHH@Z 10016c56 f   KNpc.obj
 0001:00016072       ?ModifyMissleCollsion@KNpc@@QAEHH@Z 10017072 f   KNpc.obj
 0001:000160ab       ?ModifyMissleLifeTime@KNpc@@QAEHH@Z 100170ab f   KNpc.obj
 0001:000160cc       ?ModifyMissleSpeed@KNpc@@QAEHH@Z 100170cc f   KNpc.obj
 0001:000160f2       ?DoManyAttack@KNpc@@AAEHXZ 100170f2 f   KNpc.obj
 0001:0001622c       ?OnManyAttack@KNpc@@AAEXXZ 1001722c f   KNpc.obj
 0001:00016309       ?DoRunAttack@KNpc@@AAEHXZ  10017309 f   KNpc.obj
 0001:000164b7       ?OnRunAttack@KNpc@@AAEXXZ  100174b7 f   KNpc.obj
 0001:000166e1       ?DoJumpAttack@KNpc@@AAEHXZ 100176e1 f   KNpc.obj
 0001:000167ba       ?OnJumpAttack@KNpc@@AAEHXZ 100177ba f   KNpc.obj
 0001:0001696c       ?CheckHitTarget@KNpc@@AAEHHHH@Z 1001796c f   KNpc.obj
 0001:00016a0a       ?GetNpcCopyFromTemplate@KNpc@@QAEXHH@Z 10017a0a f   KNpc.obj
 0001:00016c49       ?LoadDataFromTemplate@KNpc@@QAEXHH@Z 10017c49 f   KNpc.obj
 0001:000170c3       ?SetPhysicsDamage@KNpc@@QAEXHH@Z 100180c3 f   KNpc.obj
 0001:000170e8       ?SetBaseAttackRating@KNpc@@QAEXH@Z 100180e8 f   KNpc.obj
 0001:00017113       ?SetBaseDefence@KNpc@@QAEXH@Z 10018113 f   KNpc.obj
 0001:0001713e       ?DeathPunish@KNpc@@QAEXHH@Z 1001813e f   KNpc.obj
 0001:00017602       ?PlayerDeadCreateMoneyObj@KNpc@@AAEXH@Z 10018602 f   KNpc.obj
 0001:000176d6       ?LoseMoney@KNpc@@AAEXH@Z   100186d6 f   KNpc.obj
 0001:000177f6       ?LoseSingleItem@KNpc@@AAEXH@Z 100187f6 f   KNpc.obj
 0001:00017d9c       ?Revive@KNpc@@QAEXXZ       10018d9c f   KNpc.obj
 0001:00017ef3       ?RestoreLiveData@KNpc@@QAEXXZ 10018ef3 f   KNpc.obj
 0001:00017efe       ?SendDataToNearRegion@KNpc@@QAEXPAXK@Z 10018efe f   KNpc.obj
 0001:000180b0       ?DeathCalcPKValue@KNpc@@QAEHH@Z 100190b0 f   KNpc.obj
 0001:0001830e       ?CheckPlayerAround@KNpc@@QAEHH@Z 1001930e f   KNpc.obj
 0001:000183fb       ?UpdateNpcStateInfo@KNpc@@AAEXXZ 100193fb f   KNpc.obj
 0001:000184ee       ?BroadCastState@KNpc@@QAEXXZ 100194ee f   KNpc.obj
 0001:000186d0       ?ClearNpcState@KNpc@@QAEXXZ 100196d0 f   KNpc.obj
 0001:00018740       ?RestoreNpcBaseInfo@KNpc@@QAEXXZ 10019740 f   KNpc.obj
 0001:00018ba7       ?SetPos@KNpc@@QAEHHH@Z     10019ba7 f   KNpc.obj
 0001:00018da5       ?ChangeWorld@KNpc@@QAEHKHH@Z 10019da5 f   KNpc.obj
 0001:000190eb       ?TobeExchangeServer@KNpc@@QAEXKHH@Z 1001a0eb f   KNpc.obj
 0001:00019166       ?IsPlayer@KNpc@@QAEHXZ     1001a166 f   KNpc.obj
 0001:0001917f       ?ClearStateSkillEffect@KNpc@@QAEXXZ 1001a17f f   KNpc.obj
 0001:0001926a       ?ClearNormalState@KNpc@@QAEXXZ 1001a26a f   KNpc.obj
 0001:000193cf       ?CheckTrap@KNpc@@QAEXXZ    1001a3cf f   KNpc.obj
 0001:000194ac       ?SetFightMode@KNpc@@QAEXH@Z 1001a4ac f   KNpc.obj
 0001:000194e8       ?TurnTo@KNpc@@QAEXH@Z      1001a4e8 f   KNpc.obj
 0001:00019561       ?ReCalcStateEffect@KNpc@@QAEXXZ 1001a561 f   KNpc.obj
 0001:00019634       ?GetCurActiveWeaponSkill@KNpc@@QAEHXZ 1001a634 f   KNpc.obj
 0001:000196cf       ?GetFrameCopyFromTemplate@KNpc@@QAEXHH@Z 1001a6cf f   KNpc.obj
 0001:0001990e       ?ReSetRes@KNpc@@QAEXH@Z    1001a90e f   KNpc.obj
 0001:00019988       ?LoadFrameFromTemplate@KNpc@@QAEXHH@Z 1001a988 f   KNpc.obj
 0001:00019a42       ?DoSecMove@KNpc@@AAEHH@Z   1001aa42 f   KNpc.obj
 0001:00019f7c       ?SetRankFF@KNpc@@QAEXH@Z   1001af7c f   KNpc.obj
 0001:0001a150       ??1KNpc@@QAE@XZ            1001b150 f i KNpc.obj
 0001:0001a1c0       ??1KList@@QAE@XZ           1001b1c0 f i KNpc.obj
 0001:0001a210       ??0KList@@QAE@XZ           1001b210 f i KNpc.obj
 0001:0001a280       ?Remove@KNode@@QAEXXZ      1001b280 f i KNpc.obj
 0001:0001a2d0       ?GetEnChance@KSkillList@@QAEHH@Z 1001b2d0 f i KNpc.obj
 0001:0001a300       ?GetBaseMagic@KItem@@QBEHXZ 1001b300 f i KNpc.obj
 0001:0001a320       ?g_RandPercent@@YAHH@Z     1001b320 f i KNpc.obj
 0001:0001a340       ?GetChildSkillId@KSkill@@QBEHXZ 1001b340 f i KNpc.obj
 0001:0001a360       ?GetActionType@KSkill@@QBE?AW4CLIENTACTION@@XZ 1001b360 f i KNpc.obj
 0001:0001a380       ?GetParam1@KSkill@@QBEHXZ  1001b380 f i KNpc.obj
 0001:0001a3a0       ?GetMeleeType@KSkill@@QBEHXZ 1001b3a0 f i KNpc.obj
 0001:0001a3c0       ?GetDelayPerCast@KSkill@@QBEHXZ 1001b3c0 f i KNpc.obj
 0001:0001a3e0       ?GetPlayerWalkSpeed@KNpcSet@@QAEHXZ 1001b3e0 f i KNpc.obj
 0001:0001a400       ?GetPlayerRunSpeed@KNpcSet@@QAEHXZ 1001b400 f i KNpc.obj
 0001:0001a420       ?GetPlayerAttackFrame@KNpcSet@@QAEHXZ 1001b420 f i KNpc.obj
 0001:0001a440       ?GetPlayerHurtFrame@KNpcSet@@QAEHXZ 1001b440 f i KNpc.obj
 0001:0001a460       ?GetStateSpecailId@KSkill@@QBEHXZ 1001b460 f i KNpc.obj
 0001:0001a480       ?GetFigure@KPlayerTong@@QAEHXZ 1001b480 f i KNpc.obj
 0001:0001a4a0       ??0STATE_EFFECT_SYNC@@QAE@XZ 1001b4a0 f i KNpc.obj
 0001:0001a4d0       ??0KStateNode@@QAE@XZ      1001b4d0 f i KNpc.obj
 0001:0001a540       ??_GKStateNode@@UAEPAXI@Z  1001b540 f i KNpc.obj
 0001:0001a540       ??_EKStateNode@@UAEPAXI@Z  1001b540 f i KNpc.obj
 0001:0001a570       ??1KStateNode@@UAE@XZ      1001b570 f i KNpc.obj
 0001:0001a590       ?GetChildSkillNum@KSkill@@QBEHXZ 1001b590 f i KNpc.obj
 0001:0001a5b0       ?GetSkill@KSkillManager@@QAEPAVISkill@@HHW4eSKillStyle@@@Z 1001b5b0 f i KNpc.obj
 0001:0001a5f0       ??0KNpcTemplate@@QAE@XZ    1001b5f0 f i KNpc.obj
 0001:0001a630       ??0tagSHOW_MSG_SYNC@@QAE@XZ 1001b630 f i KNpc.obj
 0001:0001a650       ??1tagSHOW_MSG_SYNC@@QAE@XZ 1001b650 f i KNpc.obj
 0001:0001a670       ?Release@tagSHOW_MSG_SYNC@@QAEXXZ 1001b670 f i KNpc.obj
 0001:0001a6b0       ?GetWidth@KItem@@QBEHXZ    1001b6b0 f i KNpc.obj
 0001:0001a6d0       ?GetHeight@KItem@@QBEHXZ   1001b6d0 f i KNpc.obj
 0001:0001a6f0       ?GetName@KItem@@QBEPADXZ   1001b6f0 f i KNpc.obj
 0001:0001a710       ?GetObjIdx@KItem@@QAEHXZ   1001b710 f i KNpc.obj
 0001:0001a730       ?GetGameVersion@KSubWorldSet@@QAEHXZ 1001b730 f i KNpc.obj
 0001:0001a750       ?IsEnmityPKLauncher@KPlayerPK@@QAEHXZ 1001b750 f i KNpc.obj
 0001:0001a770       ?GetPrev@KNode@@QAEPAV1@XZ 1001b770 f i KNpc.obj
 0001:0001a7a0       ?GetTail@KList@@QAEPAVKNode@@XZ 1001b7a0 f i KNpc.obj
 0001:0001a7c0       ?RemovePlayer@?$KMissionArray@VKMission@@$02@@QAEHK@Z 1001b7c0 f i KNpc.obj
 0001:0001a850       ?RemovePlayer@KMission@@QAEHKK@Z 1001b850 f i KNpc.obj
 0001:0001a910       ?Remove@?$KLinkArrayTemplate@UTMissionPlayerInfo@@$0ELA@@@QAEKPAUTMissionPlayerInfo@@@Z 1001b910 f i KNpc.obj
 0001:0001a950       ?Remove@?$KLinkArrayTemplate@UTMissionPlayerInfo@@$0ELA@@@QAEKK@Z 1001b950 f i KNpc.obj
 0001:0001a9b0       ?GetUsedCount@?$KLinkArrayTemplate@VKMission@@$02@@QBEKXZ 1001b9b0 f i KNpc.obj
 0001:0001a9e9       ??0KNpcAI@@QAE@XZ          1001b9e9 f   KNpcAI.obj
 0001:0001aa0a       ?Activate@KNpcAI@@QAEXH@Z  1001ba0a f   KNpcAI.obj
 0001:0001ab43       ?ProcessPlayer@KNpcAI@@AAEXXZ 1001bb43 f   KNpcAI.obj
 0001:0001ab5e       ?TriggerMapTrap@KNpcAI@@AAEXXZ 1001bb5e f   KNpcAI.obj
 0001:0001ab7f       ?TriggerObjectTrap@KNpcAI@@AAEXXZ 1001bb7f f   KNpcAI.obj
 0001:0001ab8a       ?GetNearestNpc@KNpcAI@@AAEHH@Z 1001bb8a f   KNpcAI.obj
 0001:0001b2e1       ?GetNpcNumber@KNpcAI@@AAEHH@Z 1001c2e1 f   KNpcAI.obj
 0001:0001b571       ?KeepAttackRange@KNpcAI@@AAEXHH@Z 1001c571 f   KNpcAI.obj
 0001:0001b635       ?FollowAttack@KNpcAI@@AAEXH@Z 1001c635 f   KNpcAI.obj
 0001:0001b72c       ?InEyeshot@KNpcAI@@AAEHH@Z 1001c72c f   KNpcAI.obj
 0001:0001b769       ?CommonAction@KNpcAI@@AAEXXZ 1001c769 f   KNpcAI.obj
 0001:0001b879       ?KeepActiveRange@KNpcAI@@AAEHXZ 1001c879 f   KNpcAI.obj
 0001:0001b997       ?Flee@KNpcAI@@AAEXH@Z      1001c997 f   KNpcAI.obj
 0001:0001ba18       ?ProcessAIType01@KNpcAI@@AAEXXZ 1001ca18 f   KNpcAI.obj
 0001:0001bc53       ?ProcessAIType02@KNpcAI@@AAEXXZ 1001cc53 f   KNpcAI.obj
 0001:0001bf3e       ?ProcessAIType03@KNpcAI@@AAEXXZ 1001cf3e f   KNpcAI.obj
 0001:0001c1b9       ?ProcessAIType04@KNpcAI@@AAEXXZ 1001d1b9 f   KNpcAI.obj
 0001:0001c3ab       ?ProcessAIType05@KNpcAI@@AAEXXZ 1001d3ab f   KNpcAI.obj
 0001:0001c64d       ?ProcessAIType06@KNpcAI@@AAEXXZ 1001d64d f   KNpcAI.obj
 0001:0001c8bf       ??0KNpcAttribModify@@QAE@XZ 1001d8bf f   KNpcAttribModify.obj
 0001:0001cf40       ??1KNpcAttribModify@@QAE@XZ 1001df40 f   KNpcAttribModify.obj
 0001:0001cf4b       ?ModifyAttrib@KNpcAttribModify@@QAEXPAVKNpc@@PAX@Z 1001df4b f   KNpcAttribModify.obj
 0001:0001cfa7       ?AddColdDamageV@KNpcAttribModify@@AAEXPAVKNpc@@PAX@Z 1001dfa7 f   KNpcAttribModify.obj
 0001:0001d059       ?AddFireDamageV@KNpcAttribModify@@AAEXPAVKNpc@@PAX@Z 1001e059 f   KNpcAttribModify.obj
 0001:0001d0bd       ?AddLightingDamageV@KNpcAttribModify@@AAEXPAVKNpc@@PAX@Z 1001e0bd f   KNpcAttribModify.obj
 0001:0001d121       ?AddPhysicsDamageP@KNpcAttribModify@@AAEXPAVKNpc@@PAX@Z 1001e121 f   KNpcAttribModify.obj
 0001:0001d312       ?AddPoisonDamageV@KNpcAttribModify@@AAEXPAVKNpc@@PAX@Z 1001e312 f   KNpcAttribModify.obj
 0001:0001d3c4       ?AddPhysicsDamageV@KNpcAttribModify@@AAEXPAVKNpc@@PAX@Z 1001e3c4 f   KNpcAttribModify.obj
 0001:0001d410       ?AllresP@KNpcAttribModify@@AAEXPAVKNpc@@PAX@Z 1001e410 f   KNpcAttribModify.obj
 0001:0001d4bc       ?AllSkillV@KNpcAttribModify@@AAEXPAVKNpc@@PAX@Z 1001e4bc f   KNpcAttribModify.obj
 0001:0001d7cc       ?AttackRatingP@KNpcAttribModify@@AAEXPAVKNpc@@PAX@Z 1001e7cc f   KNpcAttribModify.obj
 0001:0001d845       ?AttackRatingV@KNpcAttribModify@@AAEXPAVKNpc@@PAX@Z 1001e845 f   KNpcAttribModify.obj
 0001:0001d891       ?AttackSpeedV@KNpcAttribModify@@AAEXPAVKNpc@@PAX@Z 1001e891 f   KNpcAttribModify.obj
 0001:0001d8dd       ?BadStatusTimeReduceV@KNpcAttribModify@@AAEXPAVKNpc@@PAX@Z 1001e8dd f   KNpcAttribModify.obj
 0001:0001d8f2       ?BurnTimeReduceP@KNpcAttribModify@@AAEXPAVKNpc@@PAX@Z 1001e8f2 f   KNpcAttribModify.obj
 0001:0001d8ff       ?CastSpeedV@KNpcAttribModify@@AAEXPAVKNpc@@PAX@Z 1001e8ff f   KNpcAttribModify.obj
 0001:0001d94b       ?ChangeCampV@KNpcAttribModify@@AAEXPAVKNpc@@PAX@Z 1001e94b f   KNpcAttribModify.obj
 0001:0001d9bc       ?ColdArmorV@KNpcAttribModify@@AAEXPAVKNpc@@PAX@Z 1001e9bc f   KNpcAttribModify.obj
 0001:0001da50       ?ColdresP@KNpcAttribModify@@AAEXPAVKNpc@@PAX@Z 1001ea50 f   KNpcAttribModify.obj
 0001:0001da9c       ?DeadlyStrikeP@KNpcAttribModify@@AAEXPAVKNpc@@PAX@Z 1001ea9c f   KNpcAttribModify.obj
 0001:0001dae8       ?DexterityV@KNpcAttribModify@@AAEXPAVKNpc@@PAX@Z 1001eae8 f   KNpcAttribModify.obj
 0001:0001db56       ?EarthSkillV@KNpcAttribModify@@AAEXPAVKNpc@@PAX@Z 1001eb56 f   KNpcAttribModify.obj
 0001:0001db89       ?EnergyV@KNpcAttribModify@@AAEXPAVKNpc@@PAX@Z 1001eb89 f   KNpcAttribModify.obj
 0001:0001dbf7       ?FastHitRecoverV@KNpcAttribModify@@AAEXPAVKNpc@@PAX@Z 1001ebf7 f   KNpcAttribModify.obj
 0001:0001dc43       ?FastWalkRunP@KNpcAttribModify@@AAEXPAVKNpc@@PAX@Z 1001ec43 f   KNpcAttribModify.obj
 0001:0001dccf       ?FireArmorV@KNpcAttribModify@@AAEXPAVKNpc@@PAX@Z 1001eccf f   KNpcAttribModify.obj
 0001:0001dd63       ?FireSkillV@KNpcAttribModify@@AAEXPAVKNpc@@PAX@Z 1001ed63 f   KNpcAttribModify.obj
 0001:0001dd96       ?FreezeTimeReduceP@KNpcAttribModify@@AAEXPAVKNpc@@PAX@Z 1001ed96 f   KNpcAttribModify.obj
 0001:0001dde2       ?KnockBackP@KNpcAttribModify@@AAEXPAVKNpc@@PAX@Z 1001ede2 f   KNpcAttribModify.obj
 0001:0001de2e       ?LifeMaxP@KNpcAttribModify@@AAEXPAVKNpc@@PAX@Z 1001ee2e f   KNpcAttribModify.obj
 0001:0001dea7       ?LifeMaxV@KNpcAttribModify@@AAEXPAVKNpc@@PAX@Z 1001eea7 f   KNpcAttribModify.obj
 0001:0001def3       ?LifeReplenishV@KNpcAttribModify@@AAEXPAVKNpc@@PAX@Z 1001eef3 f   KNpcAttribModify.obj
 0001:0001df3f       ?LifeV@KNpcAttribModify@@AAEXPAVKNpc@@PAX@Z 1001ef3f f   KNpcAttribModify.obj
 0001:0001df8b       ?LightingArmorV@KNpcAttribModify@@AAEXPAVKNpc@@PAX@Z 1001ef8b f   KNpcAttribModify.obj
 0001:0001e01f       ?LightingresP@KNpcAttribModify@@AAEXPAVKNpc@@PAX@Z 1001f01f f   KNpcAttribModify.obj
 0001:0001e06b       ?LuckyV@KNpcAttribModify@@AAEXPAVKNpc@@PAX@Z 1001f06b f   KNpcAttribModify.obj
 0001:0001e0db       ?ManaMaxP@KNpcAttribModify@@AAEXPAVKNpc@@PAX@Z 1001f0db f   KNpcAttribModify.obj
 0001:0001e154       ?ManaMaxV@KNpcAttribModify@@AAEXPAVKNpc@@PAX@Z 1001f154 f   KNpcAttribModify.obj
 0001:0001e1a0       ?ManaReplenishV@KNpcAttribModify@@AAEXPAVKNpc@@PAX@Z 1001f1a0 f   KNpcAttribModify.obj
 0001:0001e1ec       ?ManaV@KNpcAttribModify@@AAEXPAVKNpc@@PAX@Z 1001f1ec f   KNpcAttribModify.obj
 0001:0001e238       ?ManaShieldP@KNpcAttribModify@@AAEXPAVKNpc@@PAX@Z 1001f238 f   KNpcAttribModify.obj
 0001:0001e2c3       ?MeleeDamageReturnP@KNpcAttribModify@@AAEXPAVKNpc@@PAX@Z 1001f2c3 f   KNpcAttribModify.obj
 0001:0001e30f       ?MeleeDamageReturnV@KNpcAttribModify@@AAEXPAVKNpc@@PAX@Z 1001f30f f   KNpcAttribModify.obj
 0001:0001e35b       ?MetalSkillV@KNpcAttribModify@@AAEXPAVKNpc@@PAX@Z 1001f35b f   KNpcAttribModify.obj
 0001:0001e38e       ?PhysicsArmorV@KNpcAttribModify@@AAEXPAVKNpc@@PAX@Z 1001f38e f   KNpcAttribModify.obj
 0001:0001e422       ?PhysicsresP@KNpcAttribModify@@AAEXPAVKNpc@@PAX@Z 1001f422 f   KNpcAttribModify.obj
 0001:0001e46e       ?Damage2ManaP@KNpcAttribModify@@AAEXPAVKNpc@@PAX@Z 1001f46e f   KNpcAttribModify.obj
 0001:0001e4ba       ?PoisonArmorV@KNpcAttribModify@@AAEXPAVKNpc@@PAX@Z 1001f4ba f   KNpcAttribModify.obj
 0001:0001e54e       ?PoisonDamageReduceV@KNpcAttribModify@@AAEXPAVKNpc@@PAX@Z 1001f54e f   KNpcAttribModify.obj
 0001:0001e5b2       ?PoisonresP@KNpcAttribModify@@AAEXPAVKNpc@@PAX@Z 1001f5b2 f   KNpcAttribModify.obj
 0001:0001e5fe       ?PoisonTimeReduceP@KNpcAttribModify@@AAEXPAVKNpc@@PAX@Z 1001f5fe f   KNpcAttribModify.obj
 0001:0001e64a       ?RangeDamageReturnV@KNpcAttribModify@@AAEXPAVKNpc@@PAX@Z 1001f64a f   KNpcAttribModify.obj
 0001:0001e696       ?RangeDamageReturnP@KNpcAttribModify@@AAEXPAVKNpc@@PAX@Z 1001f696 f   KNpcAttribModify.obj
 0001:0001e6e2       ?SlowMissleB@KNpcAttribModify@@AAEXPAVKNpc@@PAX@Z 1001f6e2 f   KNpcAttribModify.obj
 0001:0001e73a       ?StaminaMaxP@KNpcAttribModify@@AAEXPAVKNpc@@PAX@Z 1001f73a f   KNpcAttribModify.obj
 0001:0001e7b3       ?StaminaMaxV@KNpcAttribModify@@AAEXPAVKNpc@@PAX@Z 1001f7b3 f   KNpcAttribModify.obj
 0001:0001e7ff       ?StaminaReplenishV@KNpcAttribModify@@AAEXPAVKNpc@@PAX@Z 1001f7ff f   KNpcAttribModify.obj
 0001:0001e84b       ?StaminaV@KNpcAttribModify@@AAEXPAVKNpc@@PAX@Z 1001f84b f   KNpcAttribModify.obj
 0001:0001e897       ?StealLifeP@KNpcAttribModify@@AAEXPAVKNpc@@PAX@Z 1001f897 f   KNpcAttribModify.obj
 0001:0001e8ec       ?StealManaP@KNpcAttribModify@@AAEXPAVKNpc@@PAX@Z 1001f8ec f   KNpcAttribModify.obj
 0001:0001e941       ?StealStaminaP@KNpcAttribModify@@AAEXPAVKNpc@@PAX@Z 1001f941 f   KNpcAttribModify.obj
 0001:0001e996       ?StrengthV@KNpcAttribModify@@AAEXPAVKNpc@@PAX@Z 1001f996 f   KNpcAttribModify.obj
 0001:0001ea04       ?StunTimeReduceP@KNpcAttribModify@@AAEXPAVKNpc@@PAX@Z 1001fa04 f   KNpcAttribModify.obj
 0001:0001ea50       ?VisionRadiusP@KNpcAttribModify@@AAEXPAVKNpc@@PAX@Z 1001fa50 f   KNpcAttribModify.obj
 0001:0001ea9c       ?VitalityV@KNpcAttribModify@@AAEXPAVKNpc@@PAX@Z 1001fa9c f   KNpcAttribModify.obj
 0001:0001eb0a       ?WaterSkillV@KNpcAttribModify@@AAEXPAVKNpc@@PAX@Z 1001fb0a f   KNpcAttribModify.obj
 0001:0001eb3d       ?WoodSkillV@KNpcAttribModify@@AAEXPAVKNpc@@PAX@Z 1001fb3d f   KNpcAttribModify.obj
 0001:0001eb70       ?FireresP@KNpcAttribModify@@AAEXPAVKNpc@@PAX@Z 1001fb70 f   KNpcAttribModify.obj
 0001:0001ebbc       ?ArmorDefenseV@KNpcAttribModify@@AAEXPAVKNpc@@PAX@Z 1001fbbc f   KNpcAttribModify.obj
 0001:0001ec08       ?ColdEnhanceP@KNpcAttribModify@@AAEXPAVKNpc@@PAX@Z 1001fc08 f   KNpcAttribModify.obj
 0001:0001ec54       ?FireEnhanceP@KNpcAttribModify@@AAEXPAVKNpc@@PAX@Z 1001fc54 f   KNpcAttribModify.obj
 0001:0001eca0       ?LightingEnhanceP@KNpcAttribModify@@AAEXPAVKNpc@@PAX@Z 1001fca0 f   KNpcAttribModify.obj
 0001:0001ecec       ?PoisonEnhanceP@KNpcAttribModify@@AAEXPAVKNpc@@PAX@Z 1001fcec f   KNpcAttribModify.obj
 0001:0001ed38       ?LifePotionV@KNpcAttribModify@@AAEXPAVKNpc@@PAX@Z 1001fd38 f   KNpcAttribModify.obj
 0001:0001edf6       ?ManaPotionV@KNpcAttribModify@@AAEXPAVKNpc@@PAX@Z 1001fdf6 f   KNpcAttribModify.obj
 0001:0001eeb4       ?PhysicsResMaxP@KNpcAttribModify@@AAEXPAVKNpc@@PAX@Z 1001feb4 f   KNpcAttribModify.obj
 0001:0001ef00       ?ColdResMaxP@KNpcAttribModify@@AAEXPAVKNpc@@PAX@Z 1001ff00 f   KNpcAttribModify.obj
 0001:0001ef4c       ?FireResMaxP@KNpcAttribModify@@AAEXPAVKNpc@@PAX@Z 1001ff4c f   KNpcAttribModify.obj
 0001:0001ef98       ?LightingResMaxP@KNpcAttribModify@@AAEXPAVKNpc@@PAX@Z 1001ff98 f   KNpcAttribModify.obj
 0001:0001efe4       ?PoisonResMaxP@KNpcAttribModify@@AAEXPAVKNpc@@PAX@Z 1001ffe4 f   KNpcAttribModify.obj
 0001:0001f030       ?AllResMaxP@KNpcAttribModify@@AAEXPAVKNpc@@PAX@Z 10020030 f   KNpcAttribModify.obj
 0001:0001f0dc       ?FatallyStrikeP@KNpcAttribModify@@AAEXPAVKNpc@@PAX@Z 100200dc f   KNpcAttribModify.obj
 0001:0001f0e9       ?MixPoisonDamage@KNpcAttribModify@@QAEXPAUKMagicAttrib@@0@Z 100200e9 f   KNpcAttribModify.obj
 0001:0001f1d4       ?AddPhysicsMagic@KNpcAttribModify@@AAEXPAVKNpc@@PAX@Z 100201d4 f   KNpcAttribModify.obj
 0001:0001f238       ?AddColdMagic@KNpcAttribModify@@AAEXPAVKNpc@@PAX@Z 10020238 f   KNpcAttribModify.obj
 0001:0001f2ea       ?AddFireMagic@KNpcAttribModify@@AAEXPAVKNpc@@PAX@Z 100202ea f   KNpcAttribModify.obj
 0001:0001f34e       ?AddLightingMagic@KNpcAttribModify@@AAEXPAVKNpc@@PAX@Z 1002034e f   KNpcAttribModify.obj
 0001:0001f3b2       ?AddPoisonMagic@KNpcAttribModify@@AAEXPAVKNpc@@PAX@Z 100203b2 f   KNpcAttribModify.obj
 0001:0001f464       ?fatallystrikeresP@KNpcAttribModify@@AAEXPAVKNpc@@PAX@Z 10020464 f   KNpcAttribModify.obj
 0001:0001f471       ?addskilldamage1@KNpcAttribModify@@AAEXPAVKNpc@@PAX@Z 10020471 f   KNpcAttribModify.obj
 0001:0001f5bf       ?addskilldamage2@KNpcAttribModify@@AAEXPAVKNpc@@PAX@Z 100205bf f   KNpcAttribModify.obj
 0001:0001f70d       ?addskilldamage3@KNpcAttribModify@@AAEXPAVKNpc@@PAX@Z 1002070d f   KNpcAttribModify.obj
 0001:0001f85b       ?addskilldamage4@KNpcAttribModify@@AAEXPAVKNpc@@PAX@Z 1002085b f   KNpcAttribModify.obj
 0001:0001f9a9       ?addskilldamage5@KNpcAttribModify@@AAEXPAVKNpc@@PAX@Z 100209a9 f   KNpcAttribModify.obj
 0001:0001faf7       ?addskilldamage6@KNpcAttribModify@@AAEXPAVKNpc@@PAX@Z 10020af7 f   KNpcAttribModify.obj
 0001:0001fc45       ?dynamicmagicshieldV@KNpcAttribModify@@AAEXPAVKNpc@@PAX@Z 10020c45 f   KNpcAttribModify.obj
 0001:0001fc72       ?addstealfeatureskill@KNpcAttribModify@@AAEXPAVKNpc@@PAX@Z 10020c72 f   KNpcAttribModify.obj
 0001:0001fc7f       ?lifereplenishP@KNpcAttribModify@@AAEXPAVKNpc@@PAX@Z 10020c7f f   KNpcAttribModify.obj
 0001:0001fc8c       ?ignoreskillP@KNpcAttribModify@@AAEXPAVKNpc@@PAX@Z 10020c8c f   KNpcAttribModify.obj
 0001:0001fc99       ?poisondamagereturnV@KNpcAttribModify@@AAEXPAVKNpc@@PAX@Z 10020c99 f   KNpcAttribModify.obj
 0001:0001fca6       ?poisondamagereturnP@KNpcAttribModify@@AAEXPAVKNpc@@PAX@Z 10020ca6 f   KNpcAttribModify.obj
 0001:0001fcb3       ?returnskillP@KNpcAttribModify@@AAEXPAVKNpc@@PAX@Z 10020cb3 f   KNpcAttribModify.obj
 0001:0001fcc0       ?autoreplyskill@KNpcAttribModify@@AAEXPAVKNpc@@PAX@Z 10020cc0 f   KNpcAttribModify.obj
 0001:0001fccd       ?skill_mintimepercastV@KNpcAttribModify@@AAEXPAVKNpc@@PAX@Z 10020ccd f   KNpcAttribModify.obj
 0001:0001fcda       ?mintimepercastonhorseV@KNpcAttribModify@@AAEXPAVKNpc@@PAX@Z 10020cda f   KNpcAttribModify.obj
 0001:0001fce7       ?poison2decmanaP@KNpcAttribModify@@AAEXPAVKNpc@@PAX@Z 10020ce7 f   KNpcAttribModify.obj
 0001:0001fd49       ?skill_appendskil@KNpcAttribModify@@AAEXPAVKNpc@@PAX@Z 10020d49 f   KNpcAttribModify.obj
 0001:0001fe01       ?hide@KNpcAttribModify@@AAEXPAVKNpc@@PAX@Z 10020e01 f   KNpcAttribModify.obj
 0001:0001fe38       ?clearnegativestate@KNpcAttribModify@@AAEXPAVKNpc@@PAX@Z 10020e38 f   KNpcAttribModify.obj
 0001:0001fe45       ?returnresP@KNpcAttribModify@@AAEXPAVKNpc@@PAX@Z 10020e45 f   KNpcAttribModify.obj
 0001:0001fe52       ?decPercasttimehorse@KNpcAttribModify@@AAEXPAVKNpc@@PAX@Z 10020e52 f   KNpcAttribModify.obj
 0001:0001fe5f       ?decPercasttime@KNpcAttribModify@@AAEXPAVKNpc@@PAX@Z 10020e5f f   KNpcAttribModify.obj
 0001:0001fe6c       ?enhance_709_auto@KNpcAttribModify@@AAEXPAVKNpc@@PAX@Z 10020e6c f   KNpcAttribModify.obj
 0001:0001fe79       ?enhance_708_lifeP@KNpcAttribModify@@AAEXPAVKNpc@@PAX@Z 10020e79 f   KNpcAttribModify.obj
 0001:0001fe86       ?enhance_93_lifeV@KNpcAttribModify@@AAEXPAVKNpc@@PAX@Z 10020e86 f   KNpcAttribModify.obj
 0001:0001fe93       ?enhance_711_auto@KNpcAttribModify@@AAEXPAVKNpc@@PAX@Z 10020e93 f   KNpcAttribModify.obj
 0001:0001fea0       ?enhance_714_auto@KNpcAttribModify@@AAEXPAVKNpc@@PAX@Z 10020ea0 f   KNpcAttribModify.obj
 0001:0001fead       ?enhance_717_auto@KNpcAttribModify@@AAEXPAVKNpc@@PAX@Z 10020ead f   KNpcAttribModify.obj
 0001:0001feba       ?enhance_723_missP@KNpcAttribModify@@AAEXPAVKNpc@@PAX@Z 10020eba f   KNpcAttribModify.obj
 0001:0001fec7       ?expenhanceP@KNpcAttribModify@@AAEXPAVKNpc@@PAX@Z 10020ec7 f   KNpcAttribModify.obj
 0001:0001ff18       ?SerisesDamage@KNpcAttribModify@@AAEXPAVKNpc@@PAX@Z 10020f18 f   KNpcAttribModify.obj
 0001:0001ff45       ?autoskill@KNpcAttribModify@@AAEXPAVKNpc@@PAX@Z 10020f45 f   KNpcAttribModify.obj
 0001:0001ffa0       ?GetSkillId@KSkillList@@QAEHH@Z 10020fa0 f i KNpcAttribModify.obj
 0001:0001ffd0       ?GetAddPoint@KSkillList@@QAEHH@Z 10020fd0 f i KNpcAttribModify.obj
 0001:00020000       ?QeuipAddPoint@KSkillList@@QAEXHH@Z 10021000 f i KNpcAttribModify.obj
 0001:00020030       ?AddEnChance@KSkillList@@QAEXHH@Z 10021030 f i KNpcAttribModify.obj
 0001:00020060       ?Init@KNpcDeathCalcExp@@QAEXH@Z 10021060 f   KNpcDeathCalcExp.obj
 0001:00020092       ?Active@KNpcDeathCalcExp@@QAEXXZ 10021092 f   KNpcDeathCalcExp.obj
 0001:00020147       ?AddDamage@KNpcDeathCalcExp@@QAEXHH@Z 10021147 f   KNpcDeathCalcExp.obj
 0001:000202a9       ?CalcExp@KNpcDeathCalcExp@@QAEHXZ 100212a9 f   KNpcDeathCalcExp.obj
 0001:000205b4       ?Clear@KNpcDeathCalcExp@@QAEXXZ 100215b4 f   KNpcDeathCalcExp.obj
 0001:000205e0       ??0KNpcFindPath@@QAE@XZ    100215e0 f   KNpcFindPath.obj
 0001:0002063d       ?Init@KNpcFindPath@@QAEXH@Z 1002163d f   KNpcFindPath.obj
 0001:00020698       ?GetDir@KNpcFindPath@@QAEHHHHHHHPAH@Z 10021698 f   KNpcFindPath.obj
 0001:00020c59       ?Dir64To8@KNpcFindPath@@QAEHH@Z 10021c59 f   KNpcFindPath.obj
 0001:00020c72       ?Dir8To64@KNpcFindPath@@QAEHH@Z 10021c72 f   KNpcFindPath.obj
 0001:00020c85       ?CheckDistance@KNpcFindPath@@QAEHHHHHH@Z 10021c85 f   KNpcFindPath.obj
 0001:00020cc2       ?CheckBarrier@KNpcFindPath@@QAEHHH@Z 10021cc2 f   KNpcFindPath.obj
 0001:00020d60       ?Init@KNpcGold@@QAEXH@Z    10021d60 f   KNpcGold.obj
 0001:00020e0b       ?SetGoldType@KNpcGold@@QAEXH@Z 10021e0b f   KNpcGold.obj
 0001:00020e27       ?SetGoldTypeAndBackData@KNpcGold@@QAEXXZ 10021e27 f   KNpcGold.obj
 0001:00020f36       ?RecoverBackData@KNpcGold@@QAEXXZ 10021f36 f   KNpcGold.obj
 0001:0002128e       ?RandChangeGold@KNpcGold@@QAEXHH@Z 1002228e f   KNpcGold.obj
 0001:000216ec       ?GetGoldType@KNpcGold@@QAEHXZ 100226ec f   KNpcGold.obj
 0001:0002170d       ?SetGoldCurrentType@KNpcGold@@QAEXH@Z 1002270d f   KNpcGold.obj
 0001:0002179e       ??0KNpcGoldTemplate@@QAE@XZ 1002279e f   KNpcGold.obj
 0001:000217cc       ?Init@KNpcGoldTemplate@@QAEHXZ 100227cc f   KNpcGold.obj
 0001:00021c8f       ??0KNpcSet@@QAE@XZ         10022c8f f   KNpcSet.obj
 0001:00021cfd       ?Init@KNpcSet@@QAEXXZ      10022cfd f   KNpcSet.obj
 0001:00021f13       ?LoadPlayerBaseValue@KNpcSet@@QAEXPAD@Z 10022f13 f   KNpcSet.obj
 0001:00021ff2       ?IsNpcExist@KNpcSet@@QAEHHK@Z 10022ff2 f   KNpcSet.obj
 0001:0002201c       ?GenOneRelation@KNpcSet@@AAE?AW4NPC_RELATION@@W4NPCKIND@@0W4NPCCAMP@@1@Z 1002301c f   KNpcSet.obj
 0001:000220b4       ?GenRelationTable@KNpcSet@@AAEHXZ 100230b4 f   KNpcSet.obj
 0001:00022195       ?SearchID@KNpcSet@@QAEHK@Z 10023195 f   KNpcSet.obj
 0001:000221ef       ?SearchName@KNpcSet@@QAEHPAD@Z 100231ef f   KNpcSet.obj
 0001:00022255       ?SearchNameID@KNpcSet@@QAEHK@Z 10023255 f   KNpcSet.obj
 0001:000222d9       ?FindFree@KNpcSet@@AAEHXZ  100232d9 f   KNpcSet.obj
 0001:000222f5       ?Add@KNpcSet@@QAEHHPAX@Z   100232f5 f   KNpcSet.obj
 0001:00022519       ?Add@KNpcSet@@QAEHHHHH@Z   10023519 f   KNpcSet.obj
 0001:00022599       ?Add@KNpcSet@@QAEHHHHHHHH@Z 10023599 f   KNpcSet.obj
 0001:00022752       ?Remove@KNpcSet@@QAEXH@Z   10023752 f   KNpcSet.obj
 0001:000229ae       ?RemoveAll@KNpcSet@@QAEXXZ 100239ae f   KNpcSet.obj
 0001:00022a63       ?SetID@KNpcSet@@AAEXH@Z    10023a63 f   KNpcSet.obj
 0001:00022aae       ?GetDistance@KNpcSet@@SAHHH@Z 10023aae f   KNpcSet.obj
 0001:00022d37       ?GetDistanceSquare@KNpcSet@@SAHHH@Z 10023d37 f   KNpcSet.obj
 0001:00022f8e       ?GetNextIdx@KNpcSet@@QAEHH@Z 10023f8e f   KNpcSet.obj
 0001:00022fc1       ?SyncNpc@KNpcSet@@QAEHKH@Z 10023fc1 f   KNpcSet.obj
 0001:00023043       ?ClearActivateFlagOfAllNpc@KNpcSet@@QAEXXZ 10024043 f   KNpcSet.obj
 0001:00023093       ?GetRelation@KNpcSet@@QAE?AW4NPC_RELATION@@HH@Z 10024093 f   KNpcSet.obj
 0001:000232e0       ??1KNpcSet@@QAE@XZ         100242e0 f i KNpcSet.obj
 0001:00023340       ?Clear@KSkillList@@QAEXXZ  10024340 f i KNpcSet.obj
 0001:000233af       ??M@YAHVKItemDropRateNode@@0@Z 100243af f   KNpcTemplate.obj
 0001:00023410       ??8@YAHVKItemDropRateNode@@0@Z 10024410 f   KNpcTemplate.obj
 0001:00023476       ?InitNpcBaseData@KNpcTemplate@@QAEXH@Z 10024476 f   KNpcTemplate.obj
 0001:00023f4e       ?InitNpcLevelData@KNpcTemplate@@QAEXPAVKTabFile@@HPAVKLuaScript@@H@Z 10024f4e f   KNpcTemplate.obj
 0001:00024abc       ?GetNpcLevelDataFromScript@KNpcTemplate@@SAHPAVKLuaScript@@PADH1@Z 10025abc f   KNpcTemplate.obj
 0001:00024b6c       ?GetNpcLevelDataFromScript@KNpcTemplate@@SAHPAVKLuaScript@@PADHNNN@Z 10025b6c f   KNpcTemplate.obj
 0001:00024c0b       ?SkillString2Id@KNpcTemplate@@SAHPAD@Z 10025c0b f   KNpcTemplate.obj
 0001:00024cd0       ??1KItemDropRateNode@@QAE@XZ 10025cd0 f i KNpcTemplate.obj
 0001:00024ce0       ??0KItemDropRateNode@@QAE@XZ 10025ce0 f i KNpcTemplate.obj
 0001:00024d00       ??0?$BinSTree@VKItemDropRateNode@@@@QAE@XZ 10025d00 f i KNpcTemplate.obj
 0001:00024d30       ??1?$BinSTree@VKItemDropRateNode@@@@QAE@XZ 10025d30 f i KNpcTemplate.obj
 0001:00024d50       ?Find@?$BinSTree@VKItemDropRateNode@@@@QAE_NAAVKItemDropRateNode@@@Z 10025d50 f i KNpcTemplate.obj
 0001:00024da0       ?Insert@?$BinSTree@VKItemDropRateNode@@@@QAEXABVKItemDropRateNode@@@Z 10025da0 f i KNpcTemplate.obj
 0001:00024ed0       ?FindNode@?$BinSTree@VKItemDropRateNode@@@@ABEPAV?$TreeNode@VKItemDropRateNode@@@@ABVKItemDropRateNode@@AAPAV2@@Z 10025ed0 f i KNpcTemplate.obj
 0001:00024f90       ?ClearList@?$BinSTree@VKItemDropRateNode@@@@QAEXXZ 10025f90 f i KNpcTemplate.obj
 0001:00024fd0       ??0?$TreeNode@VKItemDropRateNode@@@@QAE@ABVKItemDropRateNode@@PAV0@1@Z 10025fd0 f i KNpcTemplate.obj
 0001:00025010       ?DeleteTree@?$BinSTree@VKItemDropRateNode@@@@AAEXPAV?$TreeNode@VKItemDropRateNode@@@@@Z 10026010 f i KNpcTemplate.obj
 0001:00025070       ??_G?$TreeNode@VKItemDropRateNode@@@@QAEPAXI@Z 10026070 f i KNpcTemplate.obj
 0001:000250a0       ??1?$TreeNode@VKItemDropRateNode@@@@QAE@XZ 100260a0 f i KNpcTemplate.obj
 0001:00025122       ??0KPlayer@@QAE@XZ         10026122 f   KPlayer.obj
 0001:00025244       ??1KPlayer@@QAE@XZ         10026244 f   KPlayer.obj
 0001:000252da       ?Release@KPlayer@@QAEXXZ   100262da f   KPlayer.obj
 0001:0002558b       ?SetPlayerIndex@KPlayer@@QAEXH@Z 1002658b f   KPlayer.obj
 0001:000255b3       ?GetPlayerIndex@KPlayer@@QAEHXZ 100265b3 f   KPlayer.obj
 0001:000255c4       ?Active@KPlayer@@QAEXXZ    100265c4 f   KPlayer.obj
 0001:000256ad       ?ProcessMsg@KPlayer@@QAEXPAVKWorldMsgNode@@@Z 100266ad f   KPlayer.obj
 0001:000256c5       ?IsWaitingRemove@KPlayer@@QAEHXZ 100266c5 f   KPlayer.obj
 0001:000256e6       ?WaitForRemove@KPlayer@@QAEXXZ 100266e6 f   KPlayer.obj
 0001:000256fb       ?IsLoginTimeOut@KPlayer@@QAEHXZ 100266fb f   KPlayer.obj
 0001:00025755       ?LoginTimeOut@KPlayer@@QAEXXZ 10026755 f   KPlayer.obj
 0001:0002578d       ?Save@KPlayer@@QAEHXZ      1002678d f   KPlayer.obj
 0001:000257ff       ?CanSave@KPlayer@@QAEHXZ   100267ff f   KPlayer.obj
 0001:00025893       ?SendSyncData@KPlayer@@QAEHAAHAAI@Z 10026893 f   KPlayer.obj
 0001:00025c0a       ?SendSyncData_Skill@KPlayer@@QAEHXZ 10026c0a f   KPlayer.obj
 0001:00025d94       ?SendCurNormalSyncData@KPlayer@@QAEXXZ 10026d94 f   KPlayer.obj
 0001:00025e93       ?QuitGame@KPlayer@@QAEXH@Z 10026e93 f   KPlayer.obj
 0001:00025ea8       ?BuyItem@KPlayer@@QAEXPAE@Z 10026ea8 f   KPlayer.obj
 0001:00025efc       ?SellItem@KPlayer@@QAEXPAE@Z 10026efc f   KPlayer.obj
 0001:00025f42       ?GetLoginRevivalPos@KPlayer@@QAEXPAH00@Z 10026f42 f   KPlayer.obj
 0001:00025f6f       ?GetDeathRevivalPos@KPlayer@@QAEXPAH00@Z 10026f6f f   KPlayer.obj
 0001:00025f9d       ?SetTimer@KPlayer@@QAEXKH@Z 10026f9d f   KPlayer.obj
 0001:00025fcc       ?CloseTimer@KPlayer@@QAEXXZ 10026fcc f   KPlayer.obj
 0001:00025fe2       ?SetRevivalPos@KPlayer@@QAEXHH@Z 10026fe2 f   KPlayer.obj
 0001:00026079       ?S2CSendTeamInfo@KPlayer@@QAEXPAE@Z 10027079 f   KPlayer.obj
 0001:00026319       ?SendSelfTeamInfo@KPlayer@@QAEXXZ 10027319 f   KPlayer.obj
 0001:0002658c       ?CreateTeam@KPlayer@@QAEHPAE@Z 1002758c f   KPlayer.obj
 0001:000265b2       ?SetTeamState@KPlayer@@QAEHPAE@Z 100275b2 f   KPlayer.obj
 0001:00026674       ?S2CSendAddTeamInfo@KPlayer@@QAEHPAE@Z 10027674 f   KPlayer.obj
 0001:000268e2       ?AddTeamMember@KPlayer@@QAEHPAE@Z 100278e2 f   KPlayer.obj
 0001:00026fab       ?LeaveTeam@KPlayer@@QAEXPAE@Z 10027fab f   KPlayer.obj
 0001:00027177       ?TeamKickOne@KPlayer@@QAEXPAE@Z 10028177 f   KPlayer.obj
 0001:000273f7       ?TeamChangeCaptain@KPlayer@@QAEXPAE@Z 100283f7 f   KPlayer.obj
 0001:0002786d       ?TeamDismiss@KPlayer@@QAEXPAE@Z 1002886d f   KPlayer.obj
 0001:00027aef       ?SetPK@KPlayer@@QAEXPAE@Z  10028aef f   KPlayer.obj
 0001:00027b48       ?SendFactionData@KPlayer@@QAEXPAE@Z 10028b48 f   KPlayer.obj
 0001:00027b5d       ?SendFactionData@KPlayer@@AAEXXZ 10028b5d f   KPlayer.obj
 0001:00027bdb       ?GetAboutPos@KPlayer@@QAEXPAUKMapPos@@@Z 10028bdb f   KPlayer.obj
 0001:00027cdb       ?FindAroundPlayer@KPlayer@@QAEHK@Z 10028cdb f   KPlayer.obj
 0001:00027e07       ?CheckPlayerAround@KPlayer@@QAEHH@Z 10028e07 f   KPlayer.obj
 0001:00027f2b       ?FindAroundNpc@KPlayer@@QAEHK@Z 10028f2b f   KPlayer.obj
 0001:00028055       ?NewPlayerGetBaseAttribute@KPlayer@@QAEHH@Z 10029055 f   KPlayer.obj
 0001:00028166       ?CalcCurLucky@KPlayer@@AAEXXZ 10029166 f   KPlayer.obj
 0001:00028183       ?SyncCurrentBaseAttriibute@KPlayer@@AAEXHHH@Z 10029183 f   KPlayer.obj
 0001:000281e4       ?AddBaseStrength@KPlayer@@AAEXH@Z 100291e4 f   KPlayer.obj
 0001:000282ba       ?ResetBaseStrength@KPlayer@@AAEXH@Z 100292ba f   KPlayer.obj
 0001:0002830d       ?AddBaseDexterity@KPlayer@@AAEXH@Z 1002930d f   KPlayer.obj
 0001:000283f3       ?ResetBaseDexterity@KPlayer@@AAEXH@Z 100293f3 f   KPlayer.obj
 0001:00028456       ?AddBaseVitality@KPlayer@@AAEXH@Z 10029456 f   KPlayer.obj
 0001:000285a2       ?ResetBaseVitality@KPlayer@@AAEXH@Z 100295a2 f   KPlayer.obj
 0001:0002866b       ?AddBaseEngergy@KPlayer@@AAEXH@Z 1002966b f   KPlayer.obj
 0001:00028779       ?ResetBaseEngergy@KPlayer@@AAEXH@Z 10029779 f   KPlayer.obj
 0001:00028803       ?ChangeCurStrength@KPlayer@@QAEXH@Z 10029803 f   KPlayer.obj
 0001:0002882d       ?ChangeCurDexterity@KPlayer@@QAEXH@Z 1002982d f   KPlayer.obj
 0001:000288cb       ?ChangeCurVitality@KPlayer@@QAEXH@Z 100298cb f   KPlayer.obj
 0001:0002896b       ?ChangeCurEngergy@KPlayer@@QAEXH@Z 1002996b f   KPlayer.obj
 0001:000289cc       ?AddBaseLucky@KPlayer@@QAEXH@Z 100299cc f   KPlayer.obj
 0001:000289f6       ?SetNpcPhysicsDamage@KPlayer@@AAEXXZ 100299f6 f   KPlayer.obj
 0001:00028b0f       ?SetNpcAttackRating@KPlayer@@AAEXXZ 10029b0f f   KPlayer.obj
 0001:00028b4d       ?SetNpcDefence@KPlayer@@AAEXXZ 10029b4d f   KPlayer.obj
 0001:00028b8d       ?AddExp@KPlayer@@QAEXHH@Z  10029b8d f   KPlayer.obj
 0001:0002922a       ?AddSelfExp@KPlayer@@QAEXHH@Z 1002a22a f   KPlayer.obj
 0001:000293bd       ?DirectAddExp@KPlayer@@QAEXH@Z 1002a3bd f   KPlayer.obj
 0001:0002949b       ?LevelUp@KPlayer@@QAEXXZ   1002a49b f   KPlayer.obj
 0001:00029bcd       ?UpdataCurData@KPlayer@@QAEXXZ 1002abcd f   KPlayer.obj
 0001:0002a57f       ?ReCalcEquip@KPlayer@@QAEXXZ 1002b57f f   KPlayer.obj
 0001:0002a639       ?ReCalcState@KPlayer@@QAEXXZ 1002b639 f   KPlayer.obj
 0001:0002a678       ?AddLeadExp@KPlayer@@QAEXH@Z 1002b678 f   KPlayer.obj
 0001:0002a768       ?LevelAddBaseLifeMax@KPlayer@@AAEXXZ 1002b768 f   KPlayer.obj
 0001:0002a7eb       ?LevelAddBaseStaminaMax@KPlayer@@AAEXXZ 1002b7eb f   KPlayer.obj
 0001:0002a86e       ?LevelAddBaseManaMax@KPlayer@@AAEXXZ 1002b86e f   KPlayer.obj
 0001:0002a8f1       ?ChangePlayerCamp@KPlayer@@QAEXH@Z 1002b8f1 f   KPlayer.obj
 0001:0002a924       ?AddFaction@KPlayer@@QAEHPAD@Z 1002b924 f   KPlayer.obj
 0001:0002a997       ?AddFaction@KPlayer@@QAEHH@Z 1002b997 f   KPlayer.obj
 0001:0002aa0a       ?LeaveCurFaction@KPlayer@@QAEHXZ 1002ba0a f   KPlayer.obj
 0001:0002aa7a       ?CurFactionOpenSkill@KPlayer@@QAEHH@Z 1002ba7a f   KPlayer.obj
 0001:0002ab05       ?TaskClearTempVal@KPlayer@@QAEXXZ 1002bb05 f   KPlayer.obj
 0001:0002ab1e       ?TaskGetSaveVal@KPlayer@@QAEHH@Z 1002bb1e f   KPlayer.obj
 0001:0002ab3d       ?TaskSetSaveVal@KPlayer@@QAEXHH@Z 1002bb3d f   KPlayer.obj
 0001:0002ab60       ?TaskGetClearVal@KPlayer@@QAEHH@Z 1002bb60 f   KPlayer.obj
 0001:0002ab7f       ?TaskSetClearVal@KPlayer@@QAEXHH@Z 1002bb7f f   KPlayer.obj
 0001:0002aba2       ?ServerSendChat@KPlayer@@QAEXPAE@Z 1002bba2 f   KPlayer.obj
 0001:0002abc8       ?AddBaseAttribute@KPlayer@@QAEXPAE@Z 1002bbc8 f   KPlayer.obj
 0001:0002ac4a       ?ResetBaseAttribute@KPlayer@@QAEXPAE@Z 1002bc4a f   KPlayer.obj
 0001:0002accc       ?AddSkillPoint@KPlayer@@QAEXPAE@Z 1002bccc f   KPlayer.obj
 0001:0002b0a4       ?ServerPickUpItem@KPlayer@@QAEHPAE@Z 1002c0a4 f   KPlayer.obj
 0001:0002b84c       ?EatItem@KPlayer@@QAEXPAE@Z 1002c84c f   KPlayer.obj
 0001:0002b88a       ?ServerMoveItem@KPlayer@@QAEXPAE@Z 1002c88a f   KPlayer.obj
 0001:0002b9aa       ?ServerThrowAwayItem@KPlayer@@QAEXPAE@Z 1002c9aa f   KPlayer.obj
 0001:0002bb36       ?ChatSetTakeChannel@KPlayer@@QAEXPAE@Z 1002cb36 f   KPlayer.obj
 0001:0002bb60       ?ChatTransmitApplyAddFriend@KPlayer@@QAEXPAE@Z 1002cb60 f   KPlayer.obj
 0001:0002bcba       ?ChatAddFriend@KPlayer@@QAEHPAE@Z 1002ccba f   KPlayer.obj
 0001:0002bdd7       ?ChatRefuseFriend@KPlayer@@QAEXPAE@Z 1002cdd7 f   KPlayer.obj
 0001:0002bedd       ?ChatResendAllFriend@KPlayer@@QAEXPAE@Z 1002cedd f   KPlayer.obj
 0001:0002bf35       ?ChatSendOneFriendData@KPlayer@@QAEXPAE@Z 1002cf35 f   KPlayer.obj
 0001:0002bf66       ?ChatDeleteFriend@KPlayer@@QAEXPAE@Z 1002cf66 f   KPlayer.obj
 0001:0002bf9a       ?ChatRedeleteFriend@KPlayer@@QAEXPAE@Z 1002cf9a f   KPlayer.obj
 0001:0002bfcb       ?TradeApplyOpen@KPlayer@@QAEXPAE@Z 1002cfcb f   KPlayer.obj
 0001:0002c124       ?TradeApplyClose@KPlayer@@QAEXPAE@Z 1002d124 f   KPlayer.obj
 0001:0002c14e       ?TradeApplyStart@KPlayer@@QAEXPAE@Z 1002d14e f   KPlayer.obj
 0001:0002c215       ?TradeMoveMoney@KPlayer@@QAEXPAE@Z 1002d215 f   KPlayer.obj
 0001:0002c289       ?TradeDecision@KPlayer@@QAEXPAE@Z 1002d289 f   KPlayer.obj
 0001:0002cb89       ?c2sTradeReplyStart@KPlayer@@QAEXPAE@Z 1002db89 f   KPlayer.obj
 0001:0002ce6b       ?SyncTradeState@KPlayer@@QAEXXZ 1002de6b f   KPlayer.obj
 0001:0002cf89       ?SendEquipItemInfo@KPlayer@@QAEXH@Z 1002df89 f   KPlayer.obj
 0001:0002d204       ?UseTownPortal@KPlayer@@QAEXXZ 1002e204 f   KPlayer.obj
 0001:0002d30c       ?BackToTownPortal@KPlayer@@QAEXXZ 1002e30c f   KPlayer.obj
 0001:0002d3b1       ?Revive@KPlayer@@QAEXH@Z   1002e3b1 f   KPlayer.obj
 0001:0002d567       ?RestoreLiveData@KPlayer@@QAEXXZ 1002e567 f   KPlayer.obj
 0001:0002d58c       ?Pay@KPlayer@@QAEHH@Z      1002e58c f   KPlayer.obj
 0001:0002d5b5       ?PayXu@KPlayer@@QAEHH@Z    1002e5b5 f   KPlayer.obj
 0001:0002d5de       ?PrePay@KPlayer@@QAEHH@Z   1002e5de f   KPlayer.obj
 0001:0002d61a       ?PrePayXu@KPlayer@@QAEHH@Z 1002e61a f   KPlayer.obj
 0001:0002d656       ?Earn@KPlayer@@QAEHH@Z     1002e656 f   KPlayer.obj
 0001:0002d681       ?EarnXu@KPlayer@@QAEHH@Z   1002e681 f   KPlayer.obj
 0001:0002d6ac       ?LaunchPlayer@KPlayer@@QAEXXZ 1002e6ac f   KPlayer.obj
 0001:0002d7fa       ?ExecuteScript@KPlayer@@QAEHPAD0H@Z 1002e7fa f   KPlayer.obj
 0001:0002d849       ?ExecuteScript@KPlayer@@QAEHKPADH@Z 1002e849 f   KPlayer.obj
 0001:0002da48       ?ExecuteScript@KPlayer@@QAEHKPAD0@Z 1002ea48 f   KPlayer.obj
 0001:0002dc82       ?ExecuteScript@KPlayer@@QAEHPAD00@Z 1002ec82 f   KPlayer.obj
 0001:0002dcd9       ?DoScript@KPlayer@@QAEHPAD@Z 1002ecd9 f   KPlayer.obj
 0001:0002deb3       ?DoScriptAction@KPlayer@@QAEXPAUPLAYER_SCRIPTACTION_SYNC@@@Z 1002eeb3 f   KPlayer.obj
 0001:0002df25       ?ProcessPlayerSelectFromUI@KPlayer@@QAEXPAE@Z 1002ef25 f   KPlayer.obj
 0001:0002dfc8       ?ChatFriendOnLine@KPlayer@@QAEXKH@Z 1002efc8 f   KPlayer.obj
 0001:0002e0bb       ?GetFactionName@KPlayer@@QAEXPADH@Z 1002f0bb f   KPlayer.obj
 0001:0002e0da       ?S2CExecuteScript@KPlayer@@AAEXPAD0@Z 1002f0da f   KPlayer.obj
 0001:0002e1f0       ?AddTempTaskValue@KPlayer@@QAEHPAX@Z 1002f1f0 f   KPlayer.obj
 0001:0002e21d       ?DialogNpc@KPlayer@@QAEXPAE@Z 1002f21d f   KPlayer.obj
 0001:0002e2f7       ?CheckTrading@KPlayer@@QAEHXZ 1002f2f7 f   KPlayer.obj
 0001:0002e313       ?SetFirstDamage@KPlayer@@QAEXXZ 1002f313 f   KPlayer.obj
 0001:0002e623       ?SetBaseAttackRating@KPlayer@@QAEXXZ 1002f623 f   KPlayer.obj
 0001:0002e653       ?SetBaseDefence@KPlayer@@QAEXXZ 1002f653 f   KPlayer.obj
 0001:0002e67f       ?SetBaseResistData@KPlayer@@QAEXXZ 1002f67f f   KPlayer.obj
 0001:0002e87e       ?SetBaseSpeedAndRadius@KPlayer@@QAEXXZ 1002f87e f   KPlayer.obj
 0001:0002e91f       ?SetNpcDamageAttrib@KPlayer@@QAEXXZ 1002f91f f   KPlayer.obj
 0001:0002e932       ?TobeExchangeServer@KPlayer@@QAEXKHH@Z 1002f932 f   KPlayer.obj
 0001:0002e981       ?IsExchangingServer@KPlayer@@QAEHXZ 1002f981 f   KPlayer.obj
 0001:0002e995       ?Market@KPlayer@@QAEXH@Z   1002f995 f   KPlayer.obj
 0001:0002e9b2       ?script@KPlayer@@QAEXH@Z   1002f9b2 f   KPlayer.obj
 0001:0002eb0c       ?SetChestLock@KPlayer@@QAEXH@Z 1002fb0c f   KPlayer.obj
 0001:0002ebc8       ?CheckChestPW@KPlayer@@QAEHH@Z 1002fbc8 f   KPlayer.obj
 0001:0002ec73       ?SetChestPW@KPlayer@@QAEXH@Z 1002fc73 f   KPlayer.obj
 0001:0002ecc3       ?SetNewPW@KPlayer@@QAEXH@Z 1002fcc3 f   KPlayer.obj
 0001:0002ed13       ?SetLastNetOperationTime@KPlayer@@QAEXH@Z 1002fd13 f   KPlayer.obj
 0001:0002edb5       ?CreateTong@KPlayer@@QAEHHPAD@Z 1002fdb5 f   KPlayer.obj
 0001:0002edd8       ?RepairItem@KPlayer@@QAEXK@Z 1002fdd8 f   KPlayer.obj
 0001:0002eecd       ?BreakItem@KPlayer@@QAEXKH@Z 1002fecd f   KPlayer.obj
 0001:0002f15c       ?SetExtPoint@KPlayer@@QAEXHH@Z 1003015c f   KPlayer.obj
 0001:0002f17b       ?GetExtPoint@KPlayer@@QAEHXZ 1003017b f   KPlayer.obj
 0001:0002f18c       ?PayExtPoint@KPlayer@@QAEHH@Z 1003018c f   KPlayer.obj
 0001:0002f1cb       ?GetExtPointChanged@KPlayer@@QAEHXZ 100301cb f   KPlayer.obj
 0001:0002f1dc       ?ComItem@KPlayer@@QAEHHHHH@Z 100301dc f   KPlayer.obj
 0001:0002f527       ?ComDiyItem@KPlayer@@QAEHHHHHH@Z 10030527 f   KPlayer.obj
 0001:0002fe60       ?SendSellItemInfo@KPlayer@@QAEXHHH@Z 10030e60 f   KPlayer.obj
 0001:000301c4       ?SendSellItemCount@KPlayer@@QAEXH@Z 100311c4 f   KPlayer.obj
 0001:000302de       ?GetTradeCount@KPlayer@@QAEHXZ 100312de f   KPlayer.obj
 0001:00030380       ??0KPlayerTeam@@QAE@XZ     10031380 f i KPlayer.obj
 0001:000303a0       ??0KPlayerChat@@QAE@XZ     100313a0 f i KPlayer.obj
 0001:000303d0       ??1KPlayerChat@@QAE@XZ     100313d0 f i KPlayer.obj
 0001:000303f0       ??1CChatFriendTeam@@QAE@XZ 100313f0 f i KPlayer.obj
 0001:00030410       ?SetOwner@KTimerTaskFun@@QAEXPAX@Z 10031410 f i KPlayer.obj
 0001:00030430       ?SetTimer@KTimerTaskFun@@QAEHIG@Z 10031430 f i KPlayer.obj
 0001:00030480       ?CloseTimer@KTimerTaskFun@@QAEXXZ 10031480 f i KPlayer.obj
 0001:000304b0       ??0PLAYER_SEND_TEAM_INFO_DATA@@QAE@XZ 100314b0 f i KPlayer.obj
 0001:000304d0       ??0PLAYER_SEND_SELF_TEAM_INFO_DATA@@QAE@XZ 100314d0 f i KPlayer.obj
 0001:00030510       ??0PLAYER_TEAM_ADD_MEMBER_DATA@@QAE@XZ 10031510 f i KPlayer.obj
 0001:00030540       ?GetSkillIdxLevel@KSkillList@@QAEHH@Z 10031540 f i KPlayer.obj
 0001:00030570       ?GetSkillReqLevel@KSkill@@QBEGXZ 10031570 f i KPlayer.obj
 0001:00030590       ?GetSkillMaxLevel@KSkillManager@@QAEKH@Z 10031590 f i KPlayer.obj
 0001:000305d0       ?GetID@KItem@@QBEKXZ       100315d0 f i KPlayer.obj
 0001:000305f0       ?GetGenre@KItem@@QBEHXZ    100315f0 f i KPlayer.obj
 0001:00030600       ?GetDetailType@KItem@@QBEHXZ 10031600 f i KPlayer.obj
 0001:00030620       ?GetSeries@KItem@@QBEHXZ   10031620 f i KPlayer.obj
 0001:00030640       ?GetParticular@KItem@@QAEHXZ 10031640 f i KPlayer.obj
 0001:00030660       ?GetLevel@KItem@@QAEHXZ    10031660 f i KPlayer.obj
 0001:00030680       ?GetGoldId@KItem@@QBEHXZ   10031680 f i KPlayer.obj
 0001:000306a0       ?GetStackNum@KItem@@QBEHXZ 100316a0 f i KPlayer.obj
 0001:000306c0       ?GetEnChance@KItem@@QBEHXZ 100316c0 f i KPlayer.obj
 0001:000306e0       ??_GKLuaScript@@UAEPAXI@Z  100316e0 f i KPlayer.obj
 0001:000306e0       ??_EKLuaScript@@UAEPAXI@Z  100316e0 f i KPlayer.obj
 0001:00030710       ?SetDurability@KItem@@QAEXH@Z 10031710 f i KPlayer.obj
 0001:00030730       ?GetDurability@KItem@@QAEHXZ 10031730 f i KPlayer.obj
 0001:00030750       ?SetStackNum@KItem@@QAEXH@Z 10031750 f i KPlayer.obj
 0001:00030770       ?GetItemParam@KItem@@QAEPAUKItemGeneratorParam@@XZ 10031770 f i KPlayer.obj
 0001:00030790       ?GetAttribType@KItem@@QBEHH@Z 10031790 f i KPlayer.obj
 0001:000307b0       ?GetMissionValue@?$KMissionArray@VKMission@@$0DC@@@QBEHK@Z 100317b0 f i KPlayer.obj
 0001:000307e0       ?Release@KPlayerChat@@QAEXXZ 100317e0 f   KPlayerChat.obj
 0001:00030891       ?CheckExist@KPlayerChat@@QAEHK@Z 10031891 f   KPlayerChat.obj
 0001:00030908       ?CheckExist@KPlayerChat@@QAEHPAD@Z 10031908 f   KPlayerChat.obj
 0001:0003099f       ?GetFriendNode@KPlayerChat@@QAEPAVCChatFriend@@K@Z 1003199f f   KPlayerChat.obj
 0001:00030a14       ?GetTeamNo@KPlayerChat@@QAEHK@Z 10031a14 f   KPlayerChat.obj
 0001:00030aa4       ?GetName@KPlayerChat@@QAEHKPAD@Z 10031aa4 f   KPlayerChat.obj
 0001:00030b39       ?SetTakeChannel@KPlayerChat@@QAEXK@Z 10031b39 f   KPlayerChat.obj
 0001:00030b61       ?ServerSendChat@KPlayerChat@@QAEXHPAE@Z 10031b61 f   KPlayerChat.obj
 0001:00031b53       ?DataBaseAddOne@KPlayerChat@@QAEXHKPAD@Z 10032b53 f   KPlayerChat.obj
 0001:00031b77       ?AddFriendData@KPlayerChat@@QAEXHH@Z 10032b77 f   KPlayerChat.obj
 0001:00031d0b       ?ResendOneFriendData@KPlayerChat@@QAEXKH@Z 10032d0b f   KPlayerChat.obj
 0001:00031dcb       ?SyncFriendData@KPlayerChat@@QAEHHAAI@Z 10032dcb f   KPlayerChat.obj
 0001:00031fa7       ?StartSendFriendData@KPlayerChat@@QAEXXZ 10032fa7 f   KPlayerChat.obj
 0001:00031fdb       ?DeleteFriend@KPlayerChat@@QAEXKK@Z 10032fdb f   KPlayerChat.obj
 0001:000320c7       ?DeleteFriendData@KPlayerChat@@QAEXKH@Z 100330c7 f   KPlayerChat.obj
 0001:00032190       ?RedeleteFriend@KPlayerChat@@QAEXKH@Z 10033190 f   KPlayerChat.obj
 0001:000321ee       ?OffLine@KPlayerChat@@QAEXK@Z 100331ee f   KPlayerChat.obj
 0001:00032249       ?GetMsgOffLine@KPlayerChat@@QAEXKH@Z 10033249 f   KPlayerChat.obj
 0001:000322d9       ?TimerAdd@KPlayerChat@@QAEXXZ 100332d9 f   KPlayerChat.obj
 0001:000322f3       ?CheckTalkChannel@KPlayerChat@@QAEHH@Z 100332f3 f   KPlayerChat.obj
 0001:00032320       ?SendSystemInfo@KPlayerChat@@SAXHHPAD0H@Z 10033320 f   KPlayerChat.obj
 0001:0003248a       ?SendGlobalSystemInfo@KPlayerChat@@SAXPAD0H@Z 1003348a f   KPlayerChat.obj
 0001:0003256a       ?SendInfoToGM@KPlayerChat@@SAXPAD00H@Z 1003356a f   KPlayerChat.obj
 0001:0003267e       ?SendInfoToIP@KPlayerChat@@SAXKKPAD00H@Z 1003367e f   KPlayerChat.obj
 0001:00032788       ?MakeBrother@KPlayerChat@@SAXABV?$list@V?$basic_string@DU?$char_traits@D@std@@V?$allocator@D@2@@std@@V?$allocator@V?$basic_string@DU?$char_traits@D@std@@V?$allocator@D@2@@std@@@2@@std@@@Z 10033788 f   KPlayerChat.obj
 0001:00032969       ?MakeEnemy@KPlayerChat@@SAXPAD0@Z 10033969 f   KPlayerChat.obj
 0001:00032a73       ??0CChatFriendTeam@@QAE@XZ 10033a73 f   KPlayerChat.obj
 0001:00032aa8       ?Release@CChatFriendTeam@@QAEXXZ 10033aa8 f   KPlayerChat.obj
 0001:00032b31       ?DataBaseAddOne@CChatFriendTeam@@QAEXHKPAD@Z 10033b31 f   KPlayerChat.obj
 0001:00032c70       ??0PLAYER_SEND_CHAT_DATA_SYNC@@QAE@XZ 10033c70 f i KPlayerChat.obj
 0001:00032ca0       ??0CChatFriend@@QAE@XZ     10033ca0 f i KPlayerChat.obj
 0001:00032d00       ?Release@CChatFriend@@QAEXXZ 10033d00 f i KPlayerChat.obj
 0001:00032d30       ??_ECChatFriend@@UAEPAXI@Z 10033d30 f i KPlayerChat.obj
 0001:00032d30       ??_GCChatFriend@@UAEPAXI@Z 10033d30 f i KPlayerChat.obj
 0001:00032d60       ??1CChatFriend@@UAE@XZ     10033d60 f i KPlayerChat.obj
 0001:00032d80       ?RemoveHead@KList@@QAEPAVKNode@@XZ 10033d80 f i KPlayerChat.obj
 0001:00032db0       ??0?$basic_string@DU?$char_traits@D@std@@V?$allocator@D@2@@std@@QAE@ABV01@@Z 10033db0 f i KPlayerChat.obj
 0001:00032df0       ??1?$basic_string@DU?$char_traits@D@std@@V?$allocator@D@2@@std@@QAE@XZ 10033df0 f i KPlayerChat.obj
 0001:00032e10       ?c_str@?$basic_string@DU?$char_traits@D@std@@V?$allocator@D@2@@std@@QBEPBDXZ 10033e10 f i KPlayerChat.obj
 0001:00032e40       ?size@?$basic_string@DU?$char_traits@D@std@@V?$allocator@D@2@@std@@QBEIXZ 10033e40 f i KPlayerChat.obj
 0001:00032e60       ?begin@?$list@V?$basic_string@DU?$char_traits@D@std@@V?$allocator@D@2@@std@@V?$allocator@V?$basic_string@DU?$char_traits@D@std@@V?$allocator@D@2@@std@@@2@@std@@QBE?AVconst_iterator@12@XZ 10033e60 f i KPlayerChat.obj
 0001:00032ea0       ?end@?$list@V?$basic_string@DU?$char_traits@D@std@@V?$allocator@D@2@@std@@V?$allocator@V?$basic_string@DU?$char_traits@D@std@@V?$allocator@D@2@@std@@@2@@std@@QBE?AVconst_iterator@12@XZ 10033ea0 f i KPlayerChat.obj
 0001:00032ed0       ?size@?$list@V?$basic_string@DU?$char_traits@D@std@@V?$allocator@D@2@@std@@V?$allocator@V?$basic_string@DU?$char_traits@D@std@@V?$allocator@D@2@@std@@@2@@std@@QBEIXZ 10033ed0 f i KPlayerChat.obj
 0001:00032ef0       ??Dconst_iterator@?$list@V?$basic_string@DU?$char_traits@D@std@@V?$allocator@D@2@@std@@V?$allocator@V?$basic_string@DU?$char_traits@D@std@@V?$allocator@D@2@@std@@@2@@std@@QBEABV?$basic_string@DU?$char_traits@D@std@@V?$allocator@D@2@@2@XZ 10033ef0 f i KPlayerChat.obj
 0001:00032f10       ??Econst_iterator@?$list@V?$basic_string@DU?$char_traits@D@std@@V?$allocator@D@2@@std@@V?$allocator@V?$basic_string@DU?$char_traits@D@std@@V?$allocator@D@2@@std@@@2@@std@@QAE?AV012@H@Z 10033f10 f i KPlayerChat.obj
 0001:00032f40       ??9const_iterator@?$list@V?$basic_string@DU?$char_traits@D@std@@V?$allocator@D@2@@std@@V?$allocator@V?$basic_string@DU?$char_traits@D@std@@V?$allocator@D@2@@std@@@2@@std@@QBE_NABV012@@Z 10033f40 f i KPlayerChat.obj
 0001:00032f70       ?assign@?$basic_string@DU?$char_traits@D@std@@V?$allocator@D@2@@std@@QAEAAV12@ABV12@II@Z 10033f70 f i KPlayerChat.obj
 0001:000330d0       ?copy@?$char_traits@D@std@@SAPADPADPBDI@Z 100340d0 f i KPlayerChat.obj
 0001:000330f0       ?_Nullstr@?$basic_string@DU?$char_traits@D@std@@V?$allocator@D@2@@std@@CAPBDXZ 100340f0 f i KPlayerChat.obj
 0001:00033100       ?_Tidy@?$basic_string@DU?$char_traits@D@std@@V?$allocator@D@2@@std@@AAEX_N@Z 10034100 f i KPlayerChat.obj
 0001:000331c0       ?_Next@_Acc@?$list@V?$basic_string@DU?$char_traits@D@std@@V?$allocator@D@2@@std@@V?$allocator@V?$basic_string@DU?$char_traits@D@std@@V?$allocator@D@2@@std@@@2@@std@@SAAAPAU_Node@23@PAU423@@Z 100341c0 f i KPlayerChat.obj
 0001:000331d0       ?_Value@_Acc@?$list@V?$basic_string@DU?$char_traits@D@std@@V?$allocator@D@2@@std@@V?$allocator@V?$basic_string@DU?$char_traits@D@std@@V?$allocator@D@2@@std@@@2@@std@@SAAAV?$basic_string@DU?$char_traits@D@std@@V?$allocator@D@2@@3@PAU_Node@23@@Z 100341d0 f i KPlayerChat.obj
 0001:000331e0       ??0const_iterator@?$list@V?$basic_string@DU?$char_traits@D@std@@V?$allocator@D@2@@std@@V?$allocator@V?$basic_string@DU?$char_traits@D@std@@V?$allocator@D@2@@std@@@2@@std@@QAE@PAU_Node@12@@Z 100341e0 f i KPlayerChat.obj
 0001:00033200       ??Econst_iterator@?$list@V?$basic_string@DU?$char_traits@D@std@@V?$allocator@D@2@@std@@V?$allocator@V?$basic_string@DU?$char_traits@D@std@@V?$allocator@D@2@@std@@@2@@std@@QAEAAV012@XZ 10034200 f i KPlayerChat.obj
 0001:00033230       ??8const_iterator@?$list@V?$basic_string@DU?$char_traits@D@std@@V?$allocator@D@2@@std@@V?$allocator@V?$basic_string@DU?$char_traits@D@std@@V?$allocator@D@2@@std@@@2@@std@@QBE_NABV012@@Z 10034230 f i KPlayerChat.obj
 0001:00033250       ?erase@?$basic_string@DU?$char_traits@D@std@@V?$allocator@D@2@@std@@QAEAAV12@II@Z 10034250 f i KPlayerChat.obj
 0001:00033300       ?move@?$char_traits@D@std@@SAPADPADPBDI@Z 10034300 f i KPlayerChat.obj
 0001:00033320       ?capacity@?$basic_string@DU?$char_traits@D@std@@V?$allocator@D@2@@std@@QBEIXZ 10034320 f i KPlayerChat.obj
 0001:00033340       ?_Eos@?$basic_string@DU?$char_traits@D@std@@V?$allocator@D@2@@std@@AAEXI@Z 10034340 f i KPlayerChat.obj
 0001:00033380       ?assign@?$char_traits@D@std@@SAXAADABD@Z 10034380 f i KPlayerChat.obj
 0001:00033390       ?_Grow@?$basic_string@DU?$char_traits@D@std@@V?$allocator@D@2@@std@@AAE_NI_N@Z 10034390 f i KPlayerChat.obj
 0001:000334d0       ?_Refcnt@?$basic_string@DU?$char_traits@D@std@@V?$allocator@D@2@@std@@AAEAAEPBD@Z 100344d0 f i KPlayerChat.obj
 0001:000334f0       ?deallocate@?$allocator@D@std@@QAEXPAXI@Z 100344f0 f i KPlayerChat.obj
 0001:00033510       ?max_size@?$basic_string@DU?$char_traits@D@std@@V?$allocator@D@2@@std@@QBEIXZ 10034510 f i KPlayerChat.obj
 0001:00033550       ?_Copy@?$basic_string@DU?$char_traits@D@std@@V?$allocator@D@2@@std@@AAEXI@Z 10034550 f i KPlayerChat.obj
 0001:00033690       ?_Split@?$basic_string@DU?$char_traits@D@std@@V?$allocator@D@2@@std@@AAEXXZ 10034690 f i KPlayerChat.obj
 0001:00033700       ?assign@?$basic_string@DU?$char_traits@D@std@@V?$allocator@D@2@@std@@QAEAAV12@PBD@Z 10034700 f i KPlayerChat.obj
 0001:00033730       ?length@?$char_traits@D@std@@SAIPBD@Z 10034730 f i KPlayerChat.obj
 0001:00033750       ?assign@?$basic_string@DU?$char_traits@D@std@@V?$allocator@D@2@@std@@QAEAAV12@PBDI@Z 10034750 f i KPlayerChat.obj
 0001:000337a0       ?allocate@?$allocator@D@std@@QAEPADIPBX@Z 100347a0 f i KPlayerChat.obj
 0001:000337c0       ?max_size@?$allocator@D@std@@QBEIXZ 100347c0 f i KPlayerChat.obj
 0001:000337f0       ??8std@@YA_NABV?$allocator@D@0@0@Z 100347f0 f i KPlayerChat.obj
 0001:00033800       ?_Allocate@std@@YAPADHPAD@Z 10034800 f i KPlayerChat.obj
 0001:0003385f       ?AddDBPlayer@KPlayer@@QAEHPADHPAK@Z 1003485f f   KPlayerDBFuns.obj
 0001:0003386e       ?LoadDBPlayerInfo@KPlayer@@QAEHPAEAAHAAI@Z 1003486e f   KPlayerDBFuns.obj
 0001:00033d6d       ?UpdateDBPlayerInfo@KPlayer@@QAEHPAE@Z 10034d6d f   KPlayerDBFuns.obj
 0001:00033dc6       ?LoadPlayerBaseInfo@KPlayer@@AAEHPAEAAPAEAAI@Z 10034dc6 f   KPlayerDBFuns.obj
 0001:0003451b       ?LoadPlayerItemList@KPlayer@@AAEHPAEAAPAEAAI@Z 1003551b f   KPlayerDBFuns.obj
 0001:00034af6       ?LoadPlayerFightSkillList@KPlayer@@AAEHPAEAAPAEAAI@Z 10035af6 f   KPlayerDBFuns.obj
 0001:00034c40       ?LoadPlayerLifeSkilllList@KPlayer@@AAEHPAEAAPAEAAI@Z 10035c40 f   KPlayerDBFuns.obj
 0001:00034d6c       ?LoadPlayerFriendList@KPlayer@@AAEHPAEAAPAEAAI@Z 10035d6c f   KPlayerDBFuns.obj
 0001:00034e62       ?LoadPlayerTaskList@KPlayer@@AAEHPAEAAPAEAAI@Z 10035e62 f   KPlayerDBFuns.obj
 0001:00035088       ?SavePlayerBaseInfo@KPlayer@@AAEHPAE@Z 10036088 f   KPlayerDBFuns.obj
 0001:000355bb       ?SavePlayerItemList@KPlayer@@AAEHPAE@Z 100365bb f   KPlayerDBFuns.obj
 0001:000359c1       ?SavePlayerFightSkillList@KPlayer@@AAEHPAE@Z 100369c1 f   KPlayerDBFuns.obj
 0001:00035a64       ?SavePlayerLifeSkilllList@KPlayer@@AAEHPAE@Z 10036a64 f   KPlayerDBFuns.obj
 0001:00035a9c       ?SavePlayerFriendList@KPlayer@@AAEHPAE@Z 10036a9c f   KPlayerDBFuns.obj
 0001:00035b4e       ?SavePlayerTaskList@KPlayer@@AAEHPAE@Z 10036b4e f   KPlayerDBFuns.obj
 0001:00035dc0       ?DBSetTongNameID@KPlayerTong@@QAEXK@Z 10036dc0 f i KPlayerDBFuns.obj
 0001:00035df0       ?Clear@BuySellInfo@@QAEXXZ 10036df0 f i KPlayerDBFuns.obj
 0001:00035e30       ?GetTime@KItem@@QAEPAUKTime@@XZ 10036e30 f i KPlayerDBFuns.obj
 0001:00035e50       ??0KPlayerFaction@@QAE@XZ  10036e50 f   KPlayerFaction.obj
 0001:00035e66       ?Release@KPlayerFaction@@QAEXXZ 10036e66 f   KPlayerFaction.obj
 0001:00035e8e       ?SetSeries@KPlayerFaction@@QAEXH@Z 10036e8e f   KPlayerFaction.obj
 0001:00035e9b       ?AddFaction@KPlayerFaction@@QAEHHPAD@Z 10036e9b f   KPlayerFaction.obj
 0001:00035ed9       ?AddFaction@KPlayerFaction@@QAEHHH@Z 10036ed9 f   KPlayerFaction.obj
 0001:00035f4a       ?LeaveFaction@KPlayerFaction@@QAEXXZ 10036f4a f   KPlayerFaction.obj
 0001:00035f5e       ?OpenCurSkillLevel@KPlayerFaction@@QAEHHPAVKSkillList@@@Z 10036f5e f   KPlayerFaction.obj
 0001:00035f70       ?GetGurFactionCamp@KPlayerFaction@@QAEHXZ 10036f70 f   KPlayerFaction.obj
 0001:00035fbf       ?GetCurFactionNo@KPlayerFaction@@QAEHXZ 10036fbf f   KPlayerFaction.obj
 0001:00035fcf       ?GetCurFactionName@KPlayerFaction@@QAEXPAD@Z 10036fcf f   KPlayerFaction.obj
 0001:00036030       ??0KPlayerFuYuan@@QAE@XZ   10037030 f   KPlayerFuYuan.obj
 0001:00036047       ?Init@KPlayerFuYuan@@QAEXH@Z 10037047 f   KPlayerFuYuan.obj
 0001:00036066       ?SetFuYuanValue@KPlayerFuYuan@@QAEXH@Z 10037066 f   KPlayerFuYuan.obj
 0001:000360e3       ?GetFuYuanValue@KPlayerFuYuan@@QAEHXZ 100370e3 f   KPlayerFuYuan.obj
 0001:000360f4       ?AddFuYuanValue@KPlayerFuYuan@@QAEXH@Z 100370f4 f   KPlayerFuYuan.obj
 0001:00036180       ??0KPlayerMenuState@@QAE@XZ 10037180 f   KPlayerMenuState.obj
 0001:00036196       ?Release@KPlayerMenuState@@QAEXXZ 10037196 f   KPlayerMenuState.obj
 0001:000361fa       ?BackupState@KPlayerMenuState@@QAEXXZ 100371fa f   KPlayerMenuState.obj
 0001:00036231       ?RestoreState@KPlayerMenuState@@QAEXXZ 10037231 f   KPlayerMenuState.obj
 0001:00036267       ?SetState@KPlayerMenuState@@QAEXHHPADHK@Z 10037267 f   KPlayerMenuState.obj
 0001:00036646       ?RestoreBackupState@KPlayerMenuState@@QAEXH@Z 10037646 f   KPlayerMenuState.obj
 0001:0003674e       ?Init@KPlayerMenuStateGraph@@QAEHXZ 1003774e f   KPlayerMenuState.obj
 0001:00036817       ?GetStateSpr@KPlayerMenuStateGraph@@QAEXHPAD@Z 10037817 f   KPlayerMenuState.obj
 0001:00036860       ??0KPlayerPK@@QAE@XZ       10037860 f   KPlayerPK.obj
 0001:00036877       ?Init@KPlayerPK@@QAEXH@Z   10037877 f   KPlayerPK.obj
 0001:000368dc       ?Active@KPlayerPK@@QAEXXZ  100378dc f   KPlayerPK.obj
 0001:000368ef       ?SetNormalPKState@KPlayerPK@@QAEXE@Z 100378ef f   KPlayerPK.obj
 0001:00036951       ?GetNormalPKState@KPlayerPK@@QAEHXZ 10037951 f   KPlayerPK.obj
 0001:00036962       ?EnmityPKClose@KPlayerPK@@QAEXXZ 10037962 f   KPlayerPK.obj
 0001:00036a9c       ?EnmityPKOpen@KPlayerPK@@QAEHH@Z 10037a9c f   KPlayerPK.obj
 0001:000371d7       ?GetEnmityPKState@KPlayerPK@@QAEHXZ 100381d7 f   KPlayerPK.obj
 0001:000371e8       ?GetEnmityPKAim@KPlayerPK@@QAEHXZ 100381e8 f   KPlayerPK.obj
 0001:000371f9       ?ExercisePKClose@KPlayerPK@@QAEXXZ 100381f9 f   KPlayerPK.obj
 0001:00037301       ?ExercisePKOpen@KPlayerPK@@QAEHH@Z 10038301 f   KPlayerPK.obj
 0001:0003752a       ?GetExercisePKAim@KPlayerPK@@QAEHXZ 1003852a f   KPlayerPK.obj
[...]
 0001:0004ebe0       _$E4                       1004fbe0 f   KItemSet.obj
 0001:00044b60       _$E6                       10045b60 f   KItemGenerator.obj
 0001:00044b6f       _$E3                       10045b6f f   KItemGenerator.obj
 0001:00044b7e       _$E5                       10045b7e f   KItemGenerator.obj
 0001:00044b90       _$E4                       10045b90 f   KItemGenerator.obj
 0001:00044740       _$E6                       10045740 f   KItemChangeRes.obj
 0001:0004474f       _$E3                       1004574f f   KItemChangeRes.obj
 0001:0004475e       _$E5                       1004575e f   KItemChangeRes.obj
 0001:00044770       _$E4                       10045770 f   KItemChangeRes.obj
 0001:00042760       _$E18                      10043760 f   KItem.obj
 0001:0004276f       _$E15                      1004376f f   KItem.obj
 0001:00042792       _$E17                      10043792 f   KItem.obj
 0001:000427a4       _$E16                      100437a4 f   KItem.obj
 0001:00044715       _$E25                      10045715 f   KItem.obj
 0001:00044724       _$E24                      10045724 f   KItem.obj
 0001:00040d00       _$E8                       10041d00 f   KBuySell.obj
 0001:00040d0f       _$E5                       10041d0f f   KBuySell.obj
 0001:00040d1e       _$E7                       10041d1e f   KBuySell.obj
 0001:00040d30       _$E6                       10041d30 f   KBuySell.obj
 0001:00039f60       _$E6                       1003af60 f   KPlayerTeam.obj
 0001:00039f6a       _$E5                       1003af6a f   KPlayerTeam.obj
 0001:00039cb0       _$E6                       1003acb0 f   KPlayerTask.obj
 0001:00039cbf       _$E3                       1003acbf f   KPlayerTask.obj
 0001:00039ccf       _$E5                       1003accf f   KPlayerTask.obj
 0001:00039ce1       _$E4                       1003ace1 f   KPlayerTask.obj
 0001:00039cf1       _$E11                      1003acf1 f   KPlayerTask.obj
 0001:00039d00       _$E8                       1003ad00 f   KPlayerTask.obj
 0001:00039d10       _$E10                      1003ad10 f   KPlayerTask.obj
 0001:00039d22       _$E9                       1003ad22 f   KPlayerTask.obj
 0001:00039d32       _$E16                      1003ad32 f   KPlayerTask.obj
 0001:00039d41       _$E13                      1003ad41 f   KPlayerTask.obj
 0001:00039d51       _$E15                      1003ad51 f   KPlayerTask.obj
 0001:00039d63       _$E14                      1003ad63 f   KPlayerTask.obj
 0001:00039d73       _$E21                      1003ad73 f   KPlayerTask.obj
 0001:00039d82       _$E18                      1003ad82 f   KPlayerTask.obj
 0001:00039d92       _$E20                      1003ad92 f   KPlayerTask.obj
 0001:00039da4       _$E19                      1003ada4 f   KPlayerTask.obj
 0001:00039db4       _$E26                      1003adb4 f   KPlayerTask.obj
 0001:00039dc3       _$E23                      1003adc3 f   KPlayerTask.obj
 0001:00039dd3       _$E25                      1003add3 f   KPlayerTask.obj
 0001:00039de5       _$E24                      1003ade5 f   KPlayerTask.obj
 0001:00039df5       _$E31                      1003adf5 f   KPlayerTask.obj
 0001:00039e04       _$E28                      1003ae04 f   KPlayerTask.obj
 0001:00039e14       _$E30                      1003ae14 f   KPlayerTask.obj
 0001:00039e26       _$E29                      1003ae26 f   KPlayerTask.obj
 0001:00037a70       _$E20                      10038a70 f   KPlayerSet.obj
 0001:00037a7f       _$E17                      10038a7f f   KPlayerSet.obj
 0001:00037a8e       _$E19                      10038a8e f   KPlayerSet.obj
 0001:00037aa0       _$E18                      10038aa0 f   KPlayerSet.obj
 0001:00039c35       _$E27                      1003ac35 f   KPlayerSet.obj
 0001:00039c44       _$E26                      1003ac44 f   KPlayerSet.obj
 0001:00033820       _$E20                      10034820 f   KPlayerDBFuns.obj
 0001:0003382f       _$E17                      1003482f f   KPlayerDBFuns.obj
 0001:0003383e       _$E19                      1003483e f   KPlayerDBFuns.obj
 0001:00033850       _$E18                      10034850 f   KPlayerDBFuns.obj
 0001:00035d99       _$E27                      10036d99 f   KPlayerDBFuns.obj
 0001:00035da8       _$E26                      10036da8 f   KPlayerDBFuns.obj
 0001:00032c48       _$E28                      10033c48 f   KPlayerChat.obj
 0001:00032c57       _$E27                      10033c57 f   KPlayerChat.obj
 0001:000250c0       _$E20                      100260c0 f   KPlayer.obj
 0001:000250cf       _$E17                      100260cf f   KPlayer.obj
 0001:000250f2       _$E19                      100260f2 f   KPlayer.obj
 0001:00025104       _$E18                      10026104 f   KPlayer.obj
 0001:0003035c       _$E27                      1003135c f   KPlayer.obj
 0001:0003036b       _$E26                      1003136b f   KPlayer.obj
 0001:00023370       _$E6                       10024370 f   KNpcTemplate.obj
 0001:0002337f       _$E3                       1002437f f   KNpcTemplate.obj
 0001:0002338e       _$E5                       1002438e f   KNpcTemplate.obj
 0001:000233a0       _$E4                       100243a0 f   KNpcTemplate.obj
 0001:00023c68       ?g_GenItemDropRate@@YAPAUKItemDropRate@@PAD@Z 10024c68 f   KNpcTemplate.obj
 0001:00021c50       _$E8                       10022c50 f   KNpcSet.obj
 0001:00021c5f       _$E5                       10022c5f f   KNpcSet.obj
 0001:00021c6e       _$E7                       10022c6e f   KNpcSet.obj
 0001:00021c80       _$E6                       10022c80 f   KNpcSet.obj
 0001:0001c880       _$E8                       1001d880 f   KNpcAttribModify.obj
 0001:0001c88f       _$E5                       1001d88f f   KNpcAttribModify.obj
 0001:0001c89e       _$E7                       1001d89e f   KNpcAttribModify.obj
 0001:0001c8b0       _$E6                       1001d8b0 f   KNpcAttribModify.obj
 0001:0001a9d0       _$E6                       1001b9d0 f   KNpcAI.obj
 0001:0001a9da       _$E5                       1001b9da f   KNpcAI.obj
 0001:0000c740       _$E8                       1000d740 f   KNpc.obj
 0001:0000c74f       _$E5                       1000d74f f   KNpc.obj
 0001:0000c772       _$E7                       1000d772 f   KNpc.obj
 0001:0000c784       _$E6                       1000d784 f   KNpc.obj
 0001:00004e60       _$E8                       10005e60 f   KSkillManager.obj
 0001:00004e6f       _$E5                       10005e6f f   KSkillManager.obj
 0001:00004e7e       _$E7                       10005e7e f   KSkillManager.obj
 0001:00004e90       _$E6                       10005e90 f   KSkillManager.obj
 0001:00004dfa       _$E22                      10005dfa f   KSkillList.obj
 0001:00004e09       _$E21                      10005e09 f   KSkillList.obj
 0001:00004010       _$E6                       10005010 f   KMissleSet.obj
 0001:0000401f       _$E3                       1000501f f   KMissleSet.obj
 0001:0000402e       _$E5                       1000502e f   KMissleSet.obj
 0001:00004040       _$E4                       10005040 f   KMissleSet.obj
 0001:00001030       _$E8                       10002030 f   KMissle.obj
 0001:0000103f       _$E5                       1000203f f   KMissle.obj
 0001:00001062       _$E7                       10002062 f   KMissle.obj
 0001:00001074       _$E6                       10002074 f   KMissle.obj
 0001:00001092       _$E13                      10002092 f   KMissle.obj
 0001:000010a1       _$E10                      100020a1 f   KMissle.obj
 0001:000010c4       _$E12                      100020c4 f   KMissle.obj
 0001:000010d6       _$E11                      100020d6 f   KMissle.obj
 0001:000775e8       _$E19                      100785e8 f   common:Exception.obj
 0001:000775f7       _$E18                      100785f7 f   common:Exception.obj
 0001:0007485b       _$E23                      1007585b f   common:Buffer.obj
 0001:0007486a       _$E22                      1007586a f   common:Buffer.obj
 0001:000779e9       ?_CleanUp@std@@YAXXZ       100789e9 f   libcpmt:xlock.obj
 0001:00077928       _$E24                      10078928 f   libcpmt:string.obj
 0001:00077952       _$E20                      10078952 f   libcpmt:string.obj
 0001:0007795e       _$E23                      1007895e f   libcpmt:string.obj
 0001:000852a0       _findenv                   100862a0 f   LIBCMT:setenv.obj
 0001:000852f8       _copy_environ              100862f8 f   LIBCMT:setenv.obj
 0001:000850ee       _strncnt                   100860ee f   LIBCMT:a_cmp.obj
 0001:000842b1       _xtoa                      100852b1 f   LIBCMT:xtoa.obj
 0001:00084383       _x64toa@20                 10085383 f   LIBCMT:xtoa.obj
 0001:000837e4       __expandtime               100847e4 f   LIBCMT:strftime.obj
 0001:00083bd3       __store_str                10084bd3 f   LIBCMT:strftime.obj
 0001:00083bfa       __store_num                10084bfa f   LIBCMT:strftime.obj
 0001:00083c69       __store_number             10084c69 f   LIBCMT:strftime.obj
 0001:00083cb2       __store_winword            10084cb2 f   LIBCMT:strftime.obj
 0001:0008317e       __get_fname                1008417e f   LIBCMT:fpexcept.obj
 0001:00081d56       _ctrlevent_capture@4       10082d56 f   LIBCMT:winsig.obj
 0001:00081f3a       _siglookup                 10082f3a f   LIBCMT:winsig.obj
 0001:0008156c       _getSystemCP               1008256c f   LIBCMT:mbctype.obj
 0001:000815b6       _CPtoLCID                  100825b6 f   LIBCMT:mbctype.obj
 0001:000815e9       _setSBCS                   100825e9 f   LIBCMT:mbctype.obj
 0001:00081612       _setSBUpLow                10082612 f   LIBCMT:mbctype.obj
 0001:00080aa7       _TranslateName             10081aa7 f   LIBCMT:getqloc.obj
 0001:00080aff       _GetLcidFromLangCountry    10081aff f   LIBCMT:getqloc.obj
 0001:00080b86       _LangCountryEnumProc@4     10081b86 f   LIBCMT:getqloc.obj
 0001:00080d8a       _GetLcidFromLanguage       10081d8a f   LIBCMT:getqloc.obj
 0001:00080de0       _LanguageEnumProc@4        10081de0 f   LIBCMT:getqloc.obj
 0001:00080e9d       _GetLcidFromCountry        10081e9d f   LIBCMT:getqloc.obj
 0001:00080ed4       _CountryEnumProc@4         10081ed4 f   LIBCMT:getqloc.obj
 0001:00080f5a       _GetLcidFromDefault        10081f5a f   LIBCMT:getqloc.obj
 0001:00080f74       _ProcessCodePage           10081f74 f   LIBCMT:getqloc.obj
 0001:00080fda       _TestDefaultCountry        10081fda f   LIBCMT:getqloc.obj
 0001:00080ff9       _TestDefaultLanguage       10081ff9 f   LIBCMT:getqloc.obj
 0001:0008105b       _IsThisWindowsNT           1008205b f   LIBCMT:getqloc.obj
 0001:00081091       _crtGetLocaleInfoA@16      10082091 f   LIBCMT:getqloc.obj
 0001:00081177       _LcidFromHexString         10082177 f   LIBCMT:getqloc.obj
 0001:000811b0       _GetPrimaryLen             100821b0 f   LIBCMT:getqloc.obj
 0001:0008047d       __get_lc_lconv             1008147d f   LIBCMT:initmon.obj
 0001:0008059f       _fix_grouping              1008159f f   LIBCMT:initmon.obj
 0001:000805d6       __free_lc_lconv            100815d6 f   LIBCMT:initmon.obj
 0001:0008037b       _fix_grouping              1008137b f   LIBCMT:initnum.obj
 0001:0007fcc8       __get_lc_time              10080cc8 f   LIBCMT:inittime.obj
 0001:00080016       __free_lc_time             10081016 f   LIBCMT:inittime.obj
 0001:0007fb93       _flsall                    10080b93 f   LIBCMT:fflush.obj
 0001:0007f8ea       _xcptlookup                100808ea f   LIBCMT:winxfltr.obj
 0001:0007eda2       __abstract_cw              1007fda2 f   LIBCMT:ieee87.obj
 0001:0007ee34       __hw_cw                    1007fe34 f   LIBCMT:ieee87.obj
 0001:0007eebd       __abstract_sw              1007febd f   LIBCMT:ieee87.obj
 0001:0007e313       _parse_cmdline             1007f313 f   LIBCMT:stdargv.obj
 0001:0007de29       _store_dt                  1007ee29 f   LIBCMT:asctime.obj
 0001:0007c5f2       __tzset_lk                 1007d5f2 f   LIBCMT:tzset.obj
 0001:0007c89a       __isindst_lk               1007d89a f   LIBCMT:tzset.obj
 0001:0007ca46       _cvtdate                   1007da46 f   LIBCMT:tzset.obj
 0001:0007c17b       __setlocale_set_cat        1007d17b f   LIBCMT:setlocal.obj
 0001:0007c296       __setlocale_get_all        1007d296 f   LIBCMT:setlocal.obj
 0001:0007bde7       _strncnt                   1007cde7 f   LIBCMT:a_map.obj
 0001:0007b311       _doexit                    1007c311 f   LIBCMT:crt0dat.obj
 0001:0007b3c8       __initterm                 1007c3c8 f   LIBCMT:crt0dat.obj
 0001:0007a793       ?FindHandler@@YAXPAUEHExceptionRecord@@PAUEHRegistrationNode@@PAU_CONTEXT@@PAXPBU_s_FuncInfo@@EH1@Z 1007b793 f   LIBCMT:frame.obj
 0001:0007a946       ?FindHandlerForForeignException@@YAXPAUEHExceptionRecord@@PAUEHRegistrationNode@@PAU_CONTEXT@@PAXPBU_s_FuncInfo@@HH1@Z 1007b946 f   LIBCMT:frame.obj
 0001:0007a9f0       ?TypeMatch@@YAHPBU_s_HandlerType@@PBU_s_CatchableType@@PBU_s_ThrowInfo@@@Z 1007b9f0 f   LIBCMT:frame.obj
 0001:0007aaeb       ?FrameUnwindFilter@@YAHPAU_EXCEPTION_POINTERS@@@Z 1007baeb f   LIBCMT:frame.obj
 0001:0007ab01       ?CatchIt@@YAXPAUEHExceptionRecord@@PAUEHRegistrationNode@@PAU_CONTEXT@@PAXPBU_s_FuncInfo@@PBU_s_HandlerType@@PBU_s_CatchableType@@PBU_s_TryBlockMapEntry@@H1E@Z 1007bb01 f   LIBCMT:frame.obj
 0001:0007ab7c       ?CallCatchBlock@@YAPAXPAUEHExceptionRecord@@PAUEHRegistrationNode@@PAU_CONTEXT@@PBU_s_FuncInfo@@PAXHK@Z 1007bb7c f   LIBCMT:frame.obj
 0001:0007ac97       ?ExFilterRethrow@@YAHPAU_EXCEPTION_POINTERS@@@Z 1007bc97 f   LIBCMT:frame.obj
 0001:0007acc1       ?BuildCatchObject@@YAXPAUEHExceptionRecord@@PAUEHRegistrationNode@@PBU_s_HandlerType@@PBU_s_CatchableType@@@Z 1007bcc1 f   LIBCMT:frame.obj
 0001:0007aeec       ?AdjustPointer@@YAPAXPAXABUPMD@@@Z 1007beec f   LIBCMT:frame.obj
 0001:0007a431       __cftoe2                   1007b431 f   LIBCMT:cvt.obj
 0001:0007a548       __cftof2                   1007b548 f   LIBCMT:cvt.obj
 0001:0007a6d3       __shift                    1007b6d3 f   LIBCMT:cvt.obj
 0001:0007a190       _write_char                1007b190 f   LIBCMT:output.obj
 0001:0007a1c5       _write_multi_char          1007b1c5 f   LIBCMT:output.obj
 0001:0007a1f6       _write_string              1007b1f6 f   LIBCMT:output.obj
 0001:0007a22e       _get_int_arg               1007b22e f   LIBCMT:output.obj
 0001:0007a23b       _get_int64_arg             1007b23b f   LIBCMT:output.obj
 0001:0007a24b       _get_short_arg             1007b24b f   LIBCMT:output.obj
 0001:00078ac0       LeadUp1                    10079ac0 f   LIBCMT:memmove.obj
 0001:00078aec       LeadUp2                    10079aec f   LIBCMT:memmove.obj
 0001:00078b10       LeadUp3                    10079b10 f   LIBCMT:memmove.obj
 0001:00078b8f       UnwindUp0                  10079b8f f   LIBCMT:memmove.obj
 0001:00078b7c       UnwindUp1                  10079b7c f   LIBCMT:memmove.obj
 0001:00078b74       UnwindUp2                  10079b74 f   LIBCMT:memmove.obj
 0001:00078b6c       UnwindUp3                  10079b6c f   LIBCMT:memmove.obj
 0001:00078b64       UnwindUp4                  10079b64 f   LIBCMT:memmove.obj
 0001:00078b5c       UnwindUp5                  10079b5c f   LIBCMT:memmove.obj
 0001:00078b54       UnwindUp6                  10079b54 f   LIBCMT:memmove.obj
 0001:00078b4c       UnwindUp7                  10079b4c f   LIBCMT:memmove.obj
 0001:00078ba8       TrailUp0                   10079ba8 f   LIBCMT:memmove.obj
 0001:00078bb0       TrailUp1                   10079bb0 f   LIBCMT:memmove.obj
 0001:00078bbc       TrailUp2                   10079bbc f   LIBCMT:memmove.obj
 0001:00078bd0       TrailUp3                   10079bd0 f   LIBCMT:memmove.obj
 0001:00078c48       LeadDown1                  10079c48 f   LIBCMT:memmove.obj
 0001:00078c68       LeadDown2                  10079c68 f   LIBCMT:memmove.obj
 0001:00078c90       LeadDown3                  10079c90 f   LIBCMT:memmove.obj
 0001:00078ce4       UnwindDown7                10079ce4 f   LIBCMT:memmove.obj
 0001:00078cec       UnwindDown6                10079cec f   LIBCMT:memmove.obj
 0001:00078cf4       UnwindDown5                10079cf4 f   LIBCMT:memmove.obj
 0001:00078cfc       UnwindDown4                10079cfc f   LIBCMT:memmove.obj
 0001:00078d04       UnwindDown3                10079d04 f   LIBCMT:memmove.obj
 0001:00078d0c       UnwindDown2                10079d0c f   LIBCMT:memmove.obj
 0001:00078d14       UnwindDown1                10079d14 f   LIBCMT:memmove.obj
 0001:00078d27       UnwindDown0                10079d27 f   LIBCMT:memmove.obj
 0001:00078d40       TrailDown0                 10079d40 f   LIBCMT:memmove.obj
 0001:00078d48       TrailDown1                 10079d48 f   LIBCMT:memmove.obj
 0001:00078d58       TrailDown2                 10079d58 f   LIBCMT:memmove.obj
 0001:00078d6c       TrailDown3                 10079d6c f   LIBCMT:memmove.obj
 0001:00078490       LeadUp1                    10079490 f   LIBCMT:memcpy.obj
 0001:000784bc       LeadUp2                    100794bc f   LIBCMT:memcpy.obj
 0001:000784e0       LeadUp3                    100794e0 f   LIBCMT:memcpy.obj
 0001:0007855f       UnwindUp0                  1007955f f   LIBCMT:memcpy.obj
 0001:0007854c       UnwindUp1                  1007954c f   LIBCMT:memcpy.obj
 0001:00078544       UnwindUp2                  10079544 f   LIBCMT:memcpy.obj
 0001:0007853c       UnwindUp3                  1007953c f   LIBCMT:memcpy.obj
 0001:00078534       UnwindUp4                  10079534 f   LIBCMT:memcpy.obj
 0001:0007852c       UnwindUp5                  1007952c f   LIBCMT:memcpy.obj
 0001:00078524       UnwindUp6                  10079524 f   LIBCMT:memcpy.obj
 0001:0007851c       UnwindUp7                  1007951c f   LIBCMT:memcpy.obj
 0001:00078578       TrailUp0                   10079578 f   LIBCMT:memcpy.obj
 0001:00078580       TrailUp1                   10079580 f   LIBCMT:memcpy.obj
 0001:0007858c       TrailUp2                   1007958c f   LIBCMT:memcpy.obj
 0001:000785a0       TrailUp3                   100795a0 f   LIBCMT:memcpy.obj
 0001:00078618       LeadDown1                  10079618 f   LIBCMT:memcpy.obj
 0001:00078638       LeadDown2                  10079638 f   LIBCMT:memcpy.obj
 0001:00078660       LeadDown3                  10079660 f   LIBCMT:memcpy.obj
 0001:000786b4       UnwindDown7                100796b4 f   LIBCMT:memcpy.obj
 0001:000786bc       UnwindDown6                100796bc f   LIBCMT:memcpy.obj
 0001:000786c4       UnwindDown5                100796c4 f   LIBCMT:memcpy.obj
 0001:000786cc       UnwindDown4                100796cc f   LIBCMT:memcpy.obj
 0001:000786d4       UnwindDown3                100796d4 f   LIBCMT:memcpy.obj
 0001:000786dc       UnwindDown2                100796dc f   LIBCMT:memcpy.obj
 0001:000786e4       UnwindDown1                100796e4 f   LIBCMT:memcpy.obj
 0001:000786f7       UnwindDown0                100796f7 f   LIBCMT:memcpy.obj
 0001:00078710       TrailDown0                 10079710 f   LIBCMT:memcpy.obj
 0001:00078718       TrailDown1                 10079718 f   LIBCMT:memcpy.obj
 0001:00078728       TrailDown2                 10079728 f   LIBCMT:memcpy.obj
 0001:0007873c       TrailDown3                 1007973c f   LIBCMT:memcpy.obj
 0001:000781a5       ?ArrayUnwindFilter@@YAHPAU_EXCEPTION_POINTERS@@@Z 100791a5 f   LIBCMT:ehvecdtr.obj
 0001:00077eb0       _gu_return                 10078eb0 f   LIBCMT:exsup.obj
 0001:00077eb8       __unwind_handler           10078eb8 f   LIBCMT:exsup.obj
 0001:00077ccb       ?CatchGuardHandler@@YA?AW4_EXCEPTION_DISPOSITION@@PAUEHExceptionRecord@@PAUCatchGuardRN@@PAX2@Z 10078ccb f   LIBCMT:trnsctrl.obj
 0001:00077da6       ?TranslatorGuardHandler@@YA?AW4_EXCEPTION_DISPOSITION@@PAUEHExceptionRecord@@PAUTranslatorGuardRN@@PAX2@Z 10078da6 f   LIBCMT:trnsctrl.obj
