 CoreClient

 Timestamp is 5131c955 (Sat Mar 02 16:41:41 2013)

 Preferred load address is 10000000

 Start         Length     Name                   Class
 0001:00000000 0007d770H .text                   CODE
 0001:0007d770 000012bfH .text$x                 CODE
 0002:00000000 000002f4H .idata$5                DATA
 0002:000002f8 000056bcH .rdata                  DATA
 0002:000059b8 00001880H .xdata$x                DATA
 0002:00007238 0000008cH .idata$2                DATA
 0002:000072c4 00000014H .idata$3                DATA
 0002:000072d8 000002f4H .idata$4                DATA
 0002:000075cc 000013d0H .idata$6                DATA
 0002:000089a0 00001791H .edata                  DATA
 0003:00000000 00000004H .CRT$XCA                DATA
 0003:00000004 000000acH .CRT$XCU                DATA
 0003:000000b0 00000004H .CRT$XCZ                DATA
 0003:000000b4 00000004H .CRT$XIA                DATA
 0003:000000b8 00000004H .CRT$XIZ                DATA
 0003:000000c0 00008040H .data                   DATA
 0003:00008100 010e6ec8H .bss                    DATA

  Address         Publics by Value              Rva+Base     Lib:Object

 0001:00000000       ?GetMoney@KInventory@@QAEHXZ 10001000 f i KThiefSkill.obj
 0001:00000020       ?SetMoney@KInventory@@QAEHH@Z 10001020 f i KThiefSkill.obj
 0001:00000050       ?GetXu@KInventory@@QAEHXZ  10001050 f i KThiefSkill.obj
 0001:00000070       ?SetXu@KInventory@@QAEHH@Z 10001070 f i KThiefSkill.obj
 0001:000000a0       ??4KInventory@@QAEAAV0@ABV0@@Z 100010a0 f i KThiefSkill.obj
 0001:000000d0       ?GetEquipment@KItemList@@QAEHH@Z 100010d0 f i KThiefSkill.obj
 0001:000000f0       ?GetMoney@KItemList@@QAEHH@Z 100010f0 f i KThiefSkill.obj
 0001:00000120       ?GetXu@KItemList@@QAEHH@Z  10001120 f i KThiefSkill.obj
 0001:00000150       ?Hand@KItemList@@QAEHXZ    10001150 f i KThiefSkill.obj
 0001:00000170       ?GetMaskLock@KItemList@@QAEHXZ 10001170 f i KThiefSkill.obj
 0001:00000190       ?IsLockOperation@KItemList@@QAEHXZ 10001190 f i KThiefSkill.obj
 0001:000001b0       ??4KItemList@@QAEAAV0@ABV0@@Z 100011b0 f i KThiefSkill.obj
 0001:000001e0       ??0KThiefSkill@@QAE@XZ     100011e0 f   KThiefSkill.obj
 0001:00000247       ??1KThiefSkill@@UAE@XZ     10001247 f   KThiefSkill.obj
 0001:00000263       ?GetSkillId@KThiefSkill@@UAEHXZ 10001263 f   KThiefSkill.obj
 0001:00000273       ?GetSkillName@KThiefSkill@@UAEPBDXZ 10001273 f   KThiefSkill.obj
 0001:00000284       ?GetSkillStyle@KThiefSkill@@UAEHXZ 10001284 f   KThiefSkill.obj
 0001:00000294       ?LoadSkillLevelData@KThiefSkill@@UAEXKH@Z 10001294 f   KThiefSkill.obj
 0001:000002a1       ?DoSkill@KThiefSkill@@QAEHPAVKNpc@@HH@Z 100012a1 f   KThiefSkill.obj
 0001:0000036c       ?Cast@KThiefSkill@@QAEHPAVKPlayer@@0@Z 1000136c f   KThiefSkill.obj
 0001:0000037e       ?OnSkill@KThiefSkill@@QAEHPAVKNpc@@@Z 1000137e f   KThiefSkill.obj
 0001:000004ca       ?CanCastSkill@KThiefSkill@@UBEHHAAH0@Z 100014ca f   KThiefSkill.obj
 0001:0000059b       ?GetDesc@KThiefSkill@@QAEXKKPADH_N@Z 1000159b f   KThiefSkill.obj
 0001:000005bd       ?LoadSetting@KThiefSkill@@QAEHPAD@Z 100015bd f   KThiefSkill.obj
 0001:00000933       ?GetSkillCost@KThiefSkill@@UBEHPAX@Z 10001933 f   KThiefSkill.obj
 0001:00000a0b       ?DrawSkillIcon@KThiefSkill@@UAEXHHHH@Z 10001a0b f   KThiefSkill.obj
 0001:00000ae0       ?GetSkillCostType@KThiefSkill@@UBE?AW4NPCATTRIB@@XZ 10001ae0 f i KThiefSkill.obj
 0001:00000b00       ?GetAttackRadius@KThiefSkill@@UBEHXZ 10001b00 f i KThiefSkill.obj
 0001:00000b20       ?IsTargetOnly@KThiefSkill@@UBEHXZ 10001b20 f i KThiefSkill.obj
 0001:00000b30       ?IsTargetEnemy@KThiefSkill@@UBEHXZ 10001b30 f i KThiefSkill.obj
 0001:00000b40       ?IsTargetAlly@KThiefSkill@@UBEHXZ 10001b40 f i KThiefSkill.obj
 0001:00000b50       ?IsTargetObj@KThiefSkill@@UBEHXZ 10001b50 f i KThiefSkill.obj
 0001:00000b60       ??_EKThiefSkill@@UAEPAXI@Z 10001b60 f i KThiefSkill.obj
 0001:00000b60       ??_GKThiefSkill@@UAEPAXI@Z 10001b60 f i KThiefSkill.obj
 0001:00000b90       ??0ISkill@@QAE@XZ          10001b90 f i KThiefSkill.obj
 0001:00000bb0       ?GetDelayPerCast@KThiefSkill@@QAEKXZ 10001bb0 f i KThiefSkill.obj
 0001:00000bd0       ??1ISkill@@UAE@XZ          10001bd0 f i KThiefSkill.obj
 0001:00000bf0       ?IsAura@ISkill@@UBEHXZ     10001bf0 f i KThiefSkill.obj
 0001:00000c00       ?IsPhysical@ISkill@@UBEHXZ 10001c00 f i KThiefSkill.obj
 0001:00000c10       ?GetSkillLevelUpScriptId@ISkill@@UBEKXZ 10001c10 f i KThiefSkill.obj
 0001:00000c20       ??_GISkill@@UAEPAXI@Z      10001c20 f i KThiefSkill.obj
 0001:00000c20       ??_EISkill@@UAEPAXI@Z      10001c20 f i KThiefSkill.obj
 0001:00000c50       ??4KMapMusic@@QAEAAV0@ABV0@@Z 10001c50 f i KMissle.obj
 0001:00000c80       ?GetGameTime@KSubWorldSet@@QAEHXZ 10001c80 f i KMissle.obj
 0001:00000c90       ?GetGameVersion@KSubWorldSet@@QAEHXZ 10001c90 f i KMissle.obj
 0001:00000cb0       ?SetPing@KSubWorldSet@@QAEXK@Z 10001cb0 f i KMissle.obj
 0001:00000cd0       ?GetPing@KSubWorldSet@@QAEKXZ 10001cd0 f i KMissle.obj
 0001:00000cf0       ??4KSubWorldSet@@QAEAAV0@ABV0@@Z 10001cf0 f i KMissle.obj
 0001:00000d20       ??1KSubWorldSet@@QAE@XZ    10001d20 f i KMissle.obj
 0001:00000d40       ??0KMissleSet@@QAE@XZ      10001d40 f i KMissle.obj
 0001:00000d90       ??4KMissleSet@@QAEAAV0@ABV0@@Z 10001d90 f i KMissle.obj
 0001:00000dc0       ??1KMissleSet@@QAE@XZ      10001dc0 f i KMissle.obj
 0001:00000ed4       ??0KMissle@@QAE@XZ         10001ed4 f   KMissle.obj
 0001:00000fd6       ?Release@KMissle@@AAEXXZ   10001fd6 f   KMissle.obj
 0001:00001028       ??1KMissle@@UAE@XZ         10002028 f   KMissle.obj
 0001:00001082       ?GetInfoFromTabFile@KMissle@@QAEHH@Z 10002082 f   KMissle.obj
 0001:000010b2       ?GetInfoFromTabFile@KMissle@@QAEHPAVKITabFile@@H@Z 100020b2 f   KMissle.obj
 0001:000018a9       ?Init@KMissle@@AAEHHHHHH@Z 100028a9 f   KMissle.obj
 0001:000018c9       ?Activate@KMissle@@QAEHXZ  100028c9 f   KMissle.obj
 0001:00001c6b       ?OnWait@KMissle@@AAEXXZ    10002c6b f   KMissle.obj
 0001:00001c76       ?OnCollision@KMissle@@AAEXXZ 10002c76 f   KMissle.obj
 0001:00001c81       ?CheckCollision@KMissle@@AAEHXZ 10002c81 f   KMissle.obj
 0001:00001fb3       ?OnFly@KMissle@@AAEXXZ     10002fb3 f   KMissle.obj
 0001:00002fd1       ?OnVanish@KMissle@@AAEXXZ  10003fd1 f   KMissle.obj
 0001:00002fdc       ?Paint@KMissle@@QAEXXZ     10003fdc f   KMissle.obj
 0001:00003176       ?CheckBeyondRegion@KMissle@@AAEHHH@Z 10004176 f   KMissle.obj
 0001:00003593       ??4KMissle@@AAEAAV0@AAV0@@Z 10004593 f   KMissle.obj
 0001:000039a7       ?ProcessDamage@KMissle@@AAEHH@Z 100049a7 f   KMissle.obj
 0001:000039b6       ?DoVanish@KMissle@@AAEXXZ  100049b6 f   KMissle.obj
 0001:00003a4f       ?DoCollision@KMissle@@AAEXXZ 10004a4f f   KMissle.obj
 0001:00003bcf       ?DoFly@KMissle@@AAEXXZ     10004bcf f   KMissle.obj
 0001:00003bf5       ?GetOffsetAxis@KMissle@@SAHHHHHHHAAH00@Z 10004bf5 f   KMissle.obj
 0001:00003d76       ?ProcessCollision@KMissle@@AAEHHHHHHH@Z 10004d76 f   KMissle.obj
 0001:00003f41       ?ProcessCollision@KMissle@@AAEHXZ 10004f41 f   KMissle.obj
 0001:00003f9a       ?CreateSpecialEffect@KMissle@@QAEHW4eMissleStatus@@HHHH@Z 10004f9a f   KMissle.obj
 0001:000041d2       ?CreateMissleForShow@KMissle@@SAHPAD00PAUTMissleForShow@@@Z 100051d2 f   KMissle.obj
 0001:000044a4       ?GetLightInfo@KMissle@@QAEXPAUKLightInfo@@@Z 100054a4 f   KMissle.obj
 0001:00004532       ?DoWait@KMissle@@AAEXXZ    10005532 f   KMissle.obj
 0001:000045bc       ?PrePareFly@KMissle@@AAEHXZ 100055bc f   KMissle.obj
 0001:00004880       ?CheckNearestCollision@KMissle@@AAEHXZ 10005880 f   KMissle.obj
 0001:00004b1c       ?GetMpsPos@KMissle@@QAEXPAH0@Z 10005b1c f   KMissle.obj
 0001:00004b80       ??0KIndexNode@@QAE@XZ      10005b80 f i KMissle.obj
 0001:00004bc0       ??0KNode@@QAE@XZ           10005bc0 f i KMissle.obj
 0001:00004bf0       ??_EKNode@@UAEPAXI@Z       10005bf0 f i KMissle.obj
 0001:00004bf0       ??_GKNode@@UAEPAXI@Z       10005bf0 f i KMissle.obj
 0001:00004c20       ??1KNode@@UAE@XZ           10005c20 f i KMissle.obj
 0001:00004c40       ??_GKIndexNode@@UAEPAXI@Z  10005c40 f i KMissle.obj
 0001:00004c40       ??_EKIndexNode@@UAEPAXI@Z  10005c40 f i KMissle.obj
 0001:00004c70       ??1KIndexNode@@UAE@XZ      10005c70 f i KMissle.obj
 0001:00004c90       ??_GKMissle@@UAEPAXI@Z     10005c90 f i KMissle.obj
 0001:00004c90       ??_EKMissle@@UAEPAXI@Z     10005c90 f i KMissle.obj
 0001:00004cc0       ?IsMatch@KNpc@@QAEHK@Z     10005cc0 f i KMissle.obj
 0001:00004ce0       ?GetSkill@KSkillManager@@QAEPAVISkill@@HH@Z 10005ce0 f i KMissle.obj
 0001:00004d70       ?FindNpc@KRegion@@QAEHHHHH@Z 10005d70 f i KMissle.obj
 0001:00004e30       ?GetNext@KNode@@QAEPAV1@XZ 10005e30 f i KMissle.obj
 0001:00004e60       ?GetHead@KList@@QAEPAVKNode@@XZ 10005e60 f i KMissle.obj
 0001:00004e80       ?g_DirSin@@YAHHH@Z         10005e80 f i KMissle.obj
 0001:00004ea0       ?g_DirCos@@YAHHH@Z         10005ea0 f i KMissle.obj
 0001:00004ec0       ?g_GetDirIndex@@YAHHHHH@Z  10005ec0 f i KMissle.obj
 0001:00004f70       ?g_GetDistance@@YAHHHHH@Z  10005f70 f i KMissle.obj
 0001:00004fc0       ?Send@KWorldMsg@@QAEHKHHH@Z 10005fc0 f i KMissle.obj
 0001:00005080       ?AddTail@KList@@QAEXPAVKNode@@@Z 10006080 f i KMissle.obj
 0001:000050a0       ?InsertBefore@KNode@@QAEXPAV1@@Z 100060a0 f i KMissle.obj
 0001:000050f0       ??0KWorldMsgNode@@QAE@XZ   100060f0 f i KMissle.obj
 0001:00005110       ??_EKWorldMsgNode@@UAEPAXI@Z 10006110 f i KMissle.obj
 0001:00005110       ??_GKWorldMsgNode@@UAEPAXI@Z 10006110 f i KMissle.obj
 0001:00005140       ??1KWorldMsgNode@@UAE@XZ   10006140 f i KMissle.obj
 0001:00005160       ?ZAxisMove@KMissle@@AAEXXZ 10006160 f i KMissle.obj
 0001:000051d0       ?TestBarrier@KMissle@@AAEHXZ 100061d0 f i KMissle.obj
 0001:00005250       ?g_DirIndex2Dir@@YAHHH@Z   10006250 f i KMissle.obj
 0001:00005280       ?SpecialMovieIsAllEnd@KMissleRes@@QAEHXZ 10006280 f i KMissle.obj
 0001:000052a0       ??0KSkillSpecialNode@@QAE@XZ 100062a0 f i KMissle.obj
 0001:000052d0       ??_GKSkillSpecialNode@@UAEPAXI@Z 100062d0 f i KMissle.obj
 0001:000052d0       ??_EKSkillSpecialNode@@UAEPAXI@Z 100062d0 f i KMissle.obj
 0001:00005300       ??1KSkillSpecialNode@@UAE@XZ 10006300 f i KMissle.obj
 0001:00005340       ?g_Dir2DirIndex@@YAHHH@Z   10006340 f i KMissle.obj
 0001:00005370       ?KSG_StringGetInt@@YAHPAPADH@Z 10006370 f i KMissle.obj
 0001:00005390       ?KSG_StringSkipSymbol@@YA_NPAPADH@Z 10006390 f i KMissle.obj
 0001:000053b0       ??0KMissleRes@@QAE@XZ      100063b0 f   KMissleRes.obj
 0001:000054d1       ??1KMissleRes@@QAE@XZ      100064d1 f   KMissleRes.obj
 0001:00005582       ?LoadResource@KMissleRes@@QAEXHPAD0@Z 10006582 f   KMissleRes.obj
 0001:000055cc       ?Init@KMissleRes@@QAEHXZ   100065cc f   KMissleRes.obj
 0001:000055e4       ?Remove@KMissleRes@@QAEXXZ 100065e4 f   KMissleRes.obj
 0001:000055ef       ?Clear@KMissleRes@@QAEXXZ  100065ef f   KMissleRes.obj
 0001:000056c8       ?Draw@KMissleRes@@QAEHHHHHHHH@Z 100066c8 f   KMissleRes.obj
 0001:00005b18       ?PlaySoundA@KMissleRes@@QAEXHHHH@Z 10006b18 f   KMissleRes.obj
 0001:00005c16       ?GetSndVolume@KMissleRes@@QAEHH@Z 10006c16 f   KMissleRes.obj
 0001:00005c48       ?StopSound@KMissleRes@@QAEXXZ 10006c48 f   KMissleRes.obj
 0001:00005ce0       ??0KList@@QAE@XZ           10006ce0 f i KMissleRes.obj
 0001:00005d50       ??1KList@@QAE@XZ           10006d50 f i KMissleRes.obj
 0001:00005da0       ?GetTail@KList@@QAEPAVKNode@@XZ 10006da0 f i KMissleRes.obj
 0001:00005dc0       ?GetPrev@KNode@@QAEPAV1@XZ 10006dc0 f i KMissleRes.obj
 0001:00005df0       ?RemoveTail@KList@@QAEPAVKNode@@XZ 10006df0 f i KMissleRes.obj
 0001:00005e20       ?Remove@KNode@@QAEXXZ      10006e20 f i KMissleRes.obj
 0001:00005e70       ?RemoveHead@KList@@QAEPAVKNode@@XZ 10006e70 f i KMissleRes.obj
 0001:00005ea0       ?GetSndVolume@KOption@@QAEHXZ 10006ea0 f i KMissleRes.obj
 0001:00005eef       ?Init@KMissleSet@@QAEXXZ   10006eef f   KMissleSet.obj
 0001:00005f54       ?FindFree@KMissleSet@@QAEHXZ 10006f54 f   KMissleSet.obj
 0001:00005f6a       ?Add@KMissleSet@@QAEHHHHHHH@Z 10006f6a f   KMissleSet.obj
 0001:0000603e       ?Add@KMissleSet@@QAEHHHH@Z 1000703e f   KMissleSet.obj
 0001:00006209       ?CreateMissile@KMissleSet@@QAEHHHHHHHHH@Z 10007209 f   KMissleSet.obj
 0001:0000624b       ?Activate@KMissleSet@@QAEHXZ 1000724b f   KMissleSet.obj
 0001:0000628e       ?Remove@KMissleSet@@QAEXH@Z 1000728e f   KMissleSet.obj
 0001:000062e8       ?Draw@KMissleSet@@QAEXXZ   100072e8 f   KMissleSet.obj
 0001:00006326       ?GetCount@KMissleSet@@QAEHXZ 10007326 f   KMissleSet.obj
 0001:00006375       ?ClearMissles@KMissleSet@@QAEXXZ 10007375 f   KMissleSet.obj
 0001:000063c0       ??0KSkillList@@QAE@XZ      100073c0 f   KSkillList.obj
 0001:000063f1       ??1KSkillList@@QAE@XZ      100073f1 f   KSkillList.obj
 0001:000063fc       ?FindSame@KSkillList@@QAEHH@Z 100073fc f   KSkillList.obj
 0001:00006455       ?FindFree@KSkillList@@QAEHXZ 10007455 f   KSkillList.obj
 0001:00006493       ?GetCount@KSkillList@@QAEHXZ 10007493 f   KSkillList.obj
 0001:000064dd       ?SetSkillLevel@KSkillList@@QAEXHH@Z 100074dd f   KSkillList.obj
 0001:00006529       ?SetLevel@KSkillList@@QAEHHH@Z 10007529 f   KSkillList.obj
 0001:00006582       ?IncreaseLevel@KSkillList@@QAEHHHH@Z 10007582 f   KSkillList.obj
 0001:00006656       ?Add@KSkillList@@QAEHHHHHH@Z 10007656 f   KSkillList.obj
 0001:0000686d       ?GetLevel@KSkillList@@QAEHH@Z 1000786d f   KSkillList.obj
 0001:000068ac       ?GetCurrentLevel@KSkillList@@QAEHH@Z 100078ac f   KSkillList.obj
 0001:000068eb       ?CanCast@KSkillList@@QAEHHK@Z 100078eb f   KSkillList.obj
 0001:00006948       ?SetNextCastTime@KSkillList@@QAEXHK@Z 10007948 f   KSkillList.obj
 0001:00006986       ?ReEnChance@KSkillList@@QAEXXZ 10007986 f   KSkillList.obj
 0001:00006a4b       ?GetSkillSortList@KSkillList@@QAEHPAUKUiSkillData@@@Z 10007a4b f   KSkillList.obj
 0001:00006bd1       ?GetLeftSkillSortList@KSkillList@@QAEHPAUKUiSkillData@@@Z 10007bd1 f   KSkillList.obj
 0001:00006d73       ?GetRightSkillSortList@KSkillList@@QAEHPAUKUiSkillData@@@Z 10007d73 f   KSkillList.obj
 0001:00006f08       ?GetSkillPosition@KSkillList@@QAEHH@Z 10007f08 f   KSkillList.obj
 0001:0000703f       ?SetAddPoint@KSkillList@@QAEXHH@Z 1000803f f   KSkillList.obj
 0001:00007079       ?SetEnChance@KSkillList@@QAEXHH@Z 10008079 f   KSkillList.obj
 0001:000070c0       ?GetSkillLRInfo@KSkill@@QBE?AW4eSkillLRInfo@@XZ 100080c0 f i KSkillList.obj
 0001:0000711f       ??0KSkillManager@@QAE@XZ   1000811f f   KSkillManager.obj
 0001:0000712d       ??1KSkillManager@@QAE@XZ   1000812d f   KSkillManager.obj
 0001:000071f9       ?Init@KSkillManager@@QAEHXZ 100081f9 f   KSkillManager.obj
 0001:00007467       ?InstanceSkill@KSkillManager@@AAEPAVISkill@@KK@Z 10008467 f   KSkillManager.obj
 0001:000076e0       ??4KSkill@@QAEAAV0@ABV0@@Z 100086e0 f i KSkillManager.obj
 0001:00007e50       ??4ISkill@@QAEAAV0@ABV0@@Z 10008e50 f i KSkillManager.obj
 0001:00007e60       ?SetSkillId@KSkill@@QAEXH@Z 10008e60 f i KSkillManager.obj
 0001:00007e80       ?SetSkillLevel@KSkill@@QAEXK@Z 10008e80 f i KSkillManager.obj
 0001:00007ea0       ?GetSkillStyle@KSkillManager@@AAEHK@Z 10008ea0 f i KSkillManager.obj
 0001:00007ee0       ??0KSkill@@QAE@XZ          10008ee0 f   KSkills.obj
 0001:00008041       ??1KSkill@@UAE@XZ          10009041 f   KSkills.obj
 0001:0000805d       ?CanCastSkill@KSkill@@UBEHHAAH0@Z 1000905d f   KSkills.obj
 0001:000082cb       ?Cast@KSkill@@QBEHHHHHW4eSkillLauncherType@@@Z 100092cb f   KSkills.obj
 0001:0000852d       ?Vanish@KSkill@@ABEXPAVKMissle@@@Z 1000952d f   KSkills.obj
 0001:00008548       ?OnMissleEvent@KSkill@@QBEHGPAVKMissle@@@Z 10009548 f   KSkills.obj
 0001:00008849       ?FlyEvent@KSkill@@ABEXPAVKMissle@@@Z 10009849 f   KSkills.obj
 0001:00008864       ?Collidsion@KSkill@@ABEXPAVKMissle@@@Z 10009864 f   KSkills.obj
 0001:0000887f       ?CastMissles@KSkill@@ABEHHHHHW4eSkillLauncherType@@@Z 1000987f f   KSkills.obj
 0001:00009e98       ?CastZone@KSkill@@ABEHPAUTOrdinSkillParam@@HHH@Z 1000ae98 f   KSkills.obj
 0001:0000a408       ?CastLine@KSkill@@ABEHPAUTOrdinSkillParam@@HHH@Z 1000b408 f   KSkills.obj
 0001:0000a8a4       ?CastExtractiveLineMissle@KSkill@@ABEHPAUTOrdinSkillParam@@HHHHHHH@Z 1000b8a4 f   KSkills.obj
 0001:0000acfb       ?CastWall@KSkill@@ABEHPAUTOrdinSkillParam@@HHH@Z 1000bcfb f   KSkills.obj
 0001:0000b174       ?CastNotWall@KSkill@@ABEHPAUTOrdinSkillParam@@HHH@Z 1000c174 f   KSkills.obj
 0001:0000b556       ?CastCircle@KSkill@@ABEHPAUTOrdinSkillParam@@HHH@Z 1000c556 f   KSkills.obj
 0001:0000b962       ?CastSpread@KSkill@@ABEHPAUTOrdinSkillParam@@HHH@Z 1000c962 f   KSkills.obj
 0001:0000bf53       ?GetChildSkillNum@KSkill@@QBEHH@Z 1000cf53 f   KSkills.obj
 0001:0000bf69       ?CreateMissle@KSkill@@ABEXHHH@Z 1000cf69 f   KSkills.obj
 0001:0000c2bc       ?GetInfoFromTabFile@KSkill@@QAEHH@Z 1000d2bc f   KSkills.obj
 0001:0000c2e3       ?GetInfoFromTabFile@KSkill@@QAEHPAVKITabFile@@H@Z 1000d2e3 f   KSkills.obj
 0001:0000cb14       ?LoadSkillLevelData@KSkill@@UAEXKH@Z 1000db14 f   KSkills.obj
 0001:0000cf04       ?GetMissleGenerateTime@KSkill@@QBEIH@Z 1000df04 f   KSkills.obj
 0001:0000d07e       ?GetSkillIdFromName@KSkill@@SAHPAD@Z 1000e07e f   KSkills.obj
 0001:0000d0f5       ?CastInitiativeSkill@KSkill@@ABEHHHHH@Z 1000e0f5 f   KSkills.obj
 0001:0000d107       ?CastPassivitySkill@KSkill@@ABEHHHHH@Z 1000e107 f   KSkills.obj
 0001:0000d119       ?EnChanceSkill@KSkill@@QAEXH@Z 1000e119 f   KSkills.obj
 0001:0000d244       ?ParseString2MagicAttrib@KSkill@@AAEHKPAD0@Z 1000e244 f   KSkills.obj
 0001:0000db8c       ?DrawSkillIcon@KSkill@@UAEXHHHH@Z 1000eb8c f   KSkills.obj
 0001:0000dc56       ?GetDesc@KSkill@@SAXKKPADH_NHH@Z 1000ec56 f   KSkills.obj
 0001:0000e17a       ?GetDescAboutLevel@KSkill@@QAEXPAD@Z 1000f17a f   KSkills.obj
 0001:0000e91e       ?PlayPreCastSound@KSkill@@QBEXHHH@Z 1000f91e f   KSkills.obj
 0001:0000ea07       ?CastStateSkill@KSkill@@QBEHHHHH@Z 1000fa07 f   KSkills.obj
 0001:0000ea20       ??0KMagicAttrib@@QAE@XZ    1000fa20 f i KSkills.obj
 0001:0000ea60       ?IsTargetOnly@KSkill@@UBEHXZ 1000fa60 f i KSkills.obj
 0001:0000ea80       ?IsTargetEnemy@KSkill@@UBEHXZ 1000fa80 f i KSkills.obj
 0001:0000eaa0       ?IsTargetAlly@KSkill@@UBEHXZ 1000faa0 f i KSkills.obj
 0001:0000eac0       ?IsTargetObj@KSkill@@UBEHXZ 1000fac0 f i KSkills.obj
 0001:0000eae0       ?GetSkillName@KSkill@@UAEPBDXZ 1000fae0 f i KSkills.obj
 0001:0000eb00       ?GetSkillStyle@KSkill@@UAEHXZ 1000fb00 f i KSkills.obj
 0001:0000eb20       ?GetAttackRadius@KSkill@@UBEHXZ 1000fb20 f i KSkills.obj
 0001:0000eb40       ?GetSkillCost@KSkill@@UBEHPAX@Z 1000fb40 f i KSkills.obj
 0001:0000eb60       ?GetSkillCostType@KSkill@@UBE?AW4NPCATTRIB@@XZ 1000fb60 f i KSkills.obj
 0001:0000eb80       ?GetSkillId@KSkill@@UAEHXZ 1000fb80 f i KSkills.obj
 0001:0000eba0       ?IsAura@KSkill@@UBEHXZ     1000fba0 f i KSkills.obj
 0001:0000ebc0       ?IsPhysical@KSkill@@UBEHXZ 1000fbc0 f i KSkills.obj
 0001:0000ebe0       ??_EKSkill@@UAEPAXI@Z      1000fbe0 f i KSkills.obj
 0001:0000ebe0       ??_GKSkill@@UAEPAXI@Z      1000fbe0 f i KSkills.obj
 0001:0000ec10       ??_H@YGXPAXIHP6EX0@Z@Z     1000fc10 f i KSkills.obj
 0001:0000ec40       ?Param2PCoordinate@KSkill@@ABEHHHHPAH0W4eSkillLauncherType@@@Z 1000fc40 f i KSkills.obj
 0001:0000edc0       ?MagicAttrib2String@KSkill@@ABEPBDH@Z 1000fdc0 f i KSkills.obj
 0001:0000ede0       ?IsMagic@KSkill@@QBEHXZ    1000fde0 f i KSkills.obj
 0001:0000ee3f       ??0KSkillSpecial@@QAE@XZ   1000fe3f f   KSkillSpecial.obj
 0001:0000eed1       ?Init@KSkillSpecial@@QAEHXZ 1000fed1 f   KSkillSpecial.obj
 0001:0000eef5       ?Draw@KSkillSpecial@@QAEXH@Z 1000fef5 f   KSkillSpecial.obj
 0001:0000f128       ?SetAnimation@KSkillSpecial@@QAEXPADI@Z 10010128 f   KSkillSpecial.obj
 0001:0000f15a       ?Remove@KSkillSpecial@@QAEXXZ 1001015a f   KSkillSpecial.obj
 0001:0000f170       ?Init@KFaction@@QAEHXZ     10010170 f   KFaction.obj
 0001:0000f678       ?GetID@KFaction@@QAEHHH@Z  10010678 f   KFaction.obj
 0001:0000f6ab       ?GetID@KFaction@@QAEHHPAD@Z 100106ab f   KFaction.obj
 0001:0000f727       ?GetCamp@KFaction@@QAEHH@Z 10010727 f   KFaction.obj
 0001:0000f7c2       ??0KNpc@@QAE@XZ            100107c2 f   KNpc.obj
 0001:0000f8e0       ?Init@KNpc@@QAEXXZ         100108e0 f   KNpc.obj
 0001:0000ff82       ?GetActiveSkill@KNpc@@QAEPAVISkill@@XZ 10010f82 f   KNpc.obj
 0001:0000ffcc       ?SetCurrentCamp@KNpc@@QAEXH@Z 10010fcc f   KNpc.obj
 0001:0000ffe5       ?SetCamp@KNpc@@QAEXH@Z     10010fe5 f   KNpc.obj
 0001:0000fffe       ?RestoreCurrentCamp@KNpc@@QAEXXZ 10010ffe f   KNpc.obj
 0001:0001001b       ?Activate@KNpc@@QAEXXZ     1001101b f   KNpc.obj
 0001:000103b7       ?ProcStatus@KNpc@@QAEXXZ   100113b7 f   KNpc.obj
 0001:00010513       ?ProcCommand@KNpc@@QAEXH@Z 10011513 f   KNpc.obj
 0001:000107b4       ?ProcessState@KNpc@@QAEHXZ 100117b4 f   KNpc.obj
 0001:00010c6a       ?DoDeath@KNpc@@AAEXH@Z     10011c6a f   KNpc.obj
 0001:00010de4       ?OnDeath@KNpc@@AAEXXZ      10011de4 f   KNpc.obj
 0001:00010f78       ?DoDefense@KNpc@@AAEXXZ    10011f78 f   KNpc.obj
 0001:00010f90       ?OnDefense@KNpc@@AAEXXZ    10011f90 f   KNpc.obj
 0001:00010f9b       ?DoIdle@KNpc@@AAEXXZ       10011f9b f   KNpc.obj
 0001:00010fc1       ?OnIdle@KNpc@@AAEXXZ       10011fc1 f   KNpc.obj
 0001:00010fcc       ?DoHurt@KNpc@@AAEXHHH@Z    10011fcc f   KNpc.obj
 0001:000110af       ?OnHurt@KNpc@@AAEXXZ       100120af f   KNpc.obj
 0001:0001136e       ?DoSpecial1@KNpc@@AAEXXZ   1001236e f   KNpc.obj
 0001:00011381       ?OnSpecial1@KNpc@@AAEXXZ   10012381 f   KNpc.obj
 0001:000114aa       ?DoSpecial2@KNpc@@AAEXXZ   100124aa f   KNpc.obj
 0001:000114b5       ?OnSpecial2@KNpc@@AAEXXZ   100124b5 f   KNpc.obj
 0001:0001155b       ?DoSpecial3@KNpc@@AAEXXZ   1001255b f   KNpc.obj
 0001:00011566       ?OnSpecial3@KNpc@@AAEXXZ   10012566 f   KNpc.obj
 0001:00011571       ?DoSpecial4@KNpc@@AAEXHH@Z 10012571 f   KNpc.obj
 0001:00011801       ?OnSpecial4@KNpc@@AAEXXZ   10012801 f   KNpc.obj
 0001:0001180c       ?DoStand@KNpc@@AAEXXZ      1001280c f   KNpc.obj
 0001:000118c4       ?OnStand@KNpc@@AAEXXZ      100128c4 f   KNpc.obj
 0001:00011922       ?DoRevive@KNpc@@AAEXXZ     10012922 f   KNpc.obj
 0001:00011a06       ?OnRevive@KNpc@@AAEXXZ     10012a06 f   KNpc.obj
 0001:00011a26       ?DoRun@KNpc@@AAEXXZ        10012a26 f   KNpc.obj
 0001:00011acf       ?OnRun@KNpc@@AAEXXZ        10012acf f   KNpc.obj
 0001:00011bc0       ?DoSit@KNpc@@AAEXXZ        10012bc0 f   KNpc.obj
 0001:00011c12       ?OnSit@KNpc@@AAEXXZ        10012c12 f   KNpc.obj
 0001:00011c3e       ?DoSkill@KNpc@@AAEXHH@Z    10012c3e f   KNpc.obj
 0001:00011dae       ?DoOrdinSkill@KNpc@@AAEHPAVKSkill@@HH@Z 10012dae f   KNpc.obj
 0001:0001211c       ?DoAttack@KNpc@@AAEXXZ     1001311c f   KNpc.obj
 0001:000121ac       ?CastMeleeSkill@KNpc@@AAEHPAVKSkill@@@Z 100131ac f   KNpc.obj
 0001:000123a2       ?DoBlurAttack@KNpc@@AAEHXZ 100133a2 f   KNpc.obj
 0001:00012438       ?DoMagic@KNpc@@AAEXXZ      10013438 f   KNpc.obj
 0001:000124a9       ?OnSkill@KNpc@@AAEXXZ      100134a9 f   KNpc.obj
 0001:00012615       ?JumpTo@KNpc@@AAEXHH@Z     10013615 f   KNpc.obj
 0001:00012650       ?RunTo@KNpc@@AAEXHH@Z      10013650 f   KNpc.obj
 0001:00012679       ?Goto@KNpc@@AAEXHH@Z       10013679 f   KNpc.obj
 0001:000126a2       ?DoWalk@KNpc@@AAEXXZ       100136a2 f   KNpc.obj
 0001:00012746       ?DoPlayerTalk@KNpc@@QAEXPAD@Z 10013746 f   KNpc.obj
 0001:00012753       ?OnPlayerTalk@KNpc@@AAEXXZ 10013753 f   KNpc.obj
 0001:0001275e       ?OnWalk@KNpc@@AAEXXZ       1001375e f   KNpc.obj
 0001:00012783       ?GetSkillLevel@KNpc@@QAEHH@Z 10013783 f   KNpc.obj
 0001:000127c1       ?ModifyAttrib@KNpc@@QAEXHPAX@Z 100137c1 f   KNpc.obj
 0001:000127e6       ?SetImmediatelySkillEffect@KNpc@@QAEXHPAXH@Z 100137e6 f   KNpc.obj
 0001:0001283e       ?AppendSkillEffect@KNpc@@QAEXHHHPAX0H@Z 1001383e f   KNpc.obj
 0001:0001309b       ?ServeMove@KNpc@@AAEXH@Z   1001409b f   KNpc.obj
 0001:0001380f       ?ServeJump@KNpc@@AAEXH@Z   1001480f f   KNpc.obj
 0001:00013e3f       ?SendCommand@KNpc@@QAEXW4NPCCMD@@HHH@Z 10014e3f f   KNpc.obj
 0001:00013e7c       ?NewPath@KNpc@@AAEHHH@Z    10014e7c f   KNpc.obj
 0001:00013ea6       ?NewJump@KNpc@@AAEHHH@Z    10014ea6 f   KNpc.obj
 0001:000141a3       ?SelfDamage@KNpc@@QAEXH@Z  100151a3 f   KNpc.obj
 0001:000141de       ?Cost@KNpc@@QAEHW4NPCATTRIB@@HH@Z 100151de f   KNpc.obj
 0001:000142f9       ?DoJump@KNpc@@AAEXXZ       100152f9 f   KNpc.obj
 0001:00014398       ?OnJump@KNpc@@AAEHXZ       10015398 f   KNpc.obj
 0001:000143df       ?WaitForFrame@KNpc@@AAEHXZ 100153df f   KNpc.obj
 0001:00014429       ?IsReachFrame@KNpc@@AAEHH@Z 10015429 f   KNpc.obj
 0001:0001445f       ?Load@KNpc@@QAEXHH@Z       1001545f f   KNpc.obj
 0001:00014867       ?GetMpsPos@KNpc@@QAEXPAH0@Z 10015867 f   KNpc.obj
 0001:000148c8       ?SetActiveSkill@KNpc@@QAEHH@Z 100158c8 f   KNpc.obj
 0001:0001497a       ?SetAuraSkill@KNpc@@QAEXH@Z 1001597a f   KNpc.obj
 0001:00014a42       ?SetPlayerIdx@KNpc@@QAEHH@Z 10015a42 f   KNpc.obj
 0001:00014a7d       ?PaintInfo@KNpc@@QAEHH_NHK@Z 10015a7d f   KNpc.obj
 0001:00015851       ?PaintChat@KNpc@@QAEHH@Z   10016851 f   KNpc.obj
 0001:000159b2       ?SetChatInfo@KNpc@@QAEHPBD0G@Z 100169b2 f   KNpc.obj
 0001:00015c39       ?PaintLife@KNpc@@QAEHH_N@Z 10016c39 f   KNpc.obj
 0001:00015e1b       ?PaintMana@KNpc@@QAEHH@Z   10016e1b f   KNpc.obj
 0001:00015e55       ?Paint@KNpc@@QAEXXZ        10016e55 f   KNpc.obj
 0001:00015fc9       ?AddBaseLifeMax@KNpc@@QAEXH@Z 10016fc9 f   KNpc.obj
 0001:00015ffd       ?SetBaseLifeMax@KNpc@@QAEXH@Z 10016ffd f   KNpc.obj
 0001:00016028       ?AddCurLifeMax@KNpc@@QAEXH@Z 10017028 f   KNpc.obj
 0001:0001604a       ?AddBaseStaminaMax@KNpc@@QAEXH@Z 1001704a f   KNpc.obj
 0001:0001607e       ?SetBaseStaminaMax@KNpc@@QAEXH@Z 1001707e f   KNpc.obj
 0001:000160a9       ?AddCurStaminaMax@KNpc@@QAEXH@Z 100170a9 f   KNpc.obj
 0001:000160cb       ?AddBaseManaMax@KNpc@@QAEXH@Z 100170cb f   KNpc.obj
 0001:000160ff       ?SetBaseManaMax@KNpc@@QAEXH@Z 100170ff f   KNpc.obj
 0001:0001612a       ?AddCurManaMax@KNpc@@QAEXH@Z 1001712a f   KNpc.obj
 0001:0001614c       ?CalcCurLifeReplenish@KNpc@@QAEXXZ 1001714c f   KNpc.obj
 0001:00016169       ?Remove@KNpc@@QAEXXZ       10017169 f   KNpc.obj
 0001:00016191       ?RemoveRes@KNpc@@QAEXXZ    10017191 f   KNpc.obj
 0001:000161b1       ?SetSeries@KNpc@@QAEXH@Z   100171b1 f   KNpc.obj
 0001:000161df       ?SetStateSkillEffect@KNpc@@QAEXHHHPAXHH@Z 100171df f   KNpc.obj
 0001:000164bf       ?ModifyMissleCollsion@KNpc@@QAEHH@Z 100174bf f   KNpc.obj
 0001:000164f8       ?ModifyMissleLifeTime@KNpc@@QAEHH@Z 100174f8 f   KNpc.obj
 0001:00016519       ?ModifyMissleSpeed@KNpc@@QAEHH@Z 10017519 f   KNpc.obj
 0001:0001653f       ?DoManyAttack@KNpc@@AAEHXZ 1001753f f   KNpc.obj
 0001:000166ea       ?OnManyAttack@KNpc@@AAEXXZ 100176ea f   KNpc.obj
 0001:000167d7       ?DoRunAttack@KNpc@@AAEHXZ  100177d7 f   KNpc.obj
 0001:00016ab8       ?OnRunAttack@KNpc@@AAEXXZ  10017ab8 f   KNpc.obj
 0001:00016d02       ?DoJumpAttack@KNpc@@AAEHXZ 10017d02 f   KNpc.obj
 0001:00016ef3       ?OnJumpAttack@KNpc@@AAEHXZ 10017ef3 f   KNpc.obj
 0001:000170c5       ?CheckHitTarget@KNpc@@AAEHHHH@Z 100180c5 f   KNpc.obj
 0001:00017163       ?GetNpcCopyFromTemplate@KNpc@@QAEXHH@Z 10018163 f   KNpc.obj
 0001:00017460       ?LoadDataFromTemplate@KNpc@@QAEXHH@Z 10018460 f   KNpc.obj
 0001:0001764d       ?SetPhysicsDamage@KNpc@@QAEXHH@Z 1001864d f   KNpc.obj
 0001:00017672       ?SetBaseAttackRating@KNpc@@QAEXH@Z 10018672 f   KNpc.obj
 0001:0001769d       ?SetBaseDefence@KNpc@@QAEXH@Z 1001869d f   KNpc.obj
 0001:000176c8       ?SetMenuState@KNpc@@QAEXHPADH@Z 100186c8 f   KNpc.obj
 0001:000176ef       ?GetMenuState@KNpc@@QAEHXZ 100186ef f   KNpc.obj
 0001:00017708       ?SearchAroundID@KNpc@@QAEKK@Z 10018708 f   KNpc.obj
 0001:000177b1       ?SetSpecialSpr@KNpc@@QAEXPAD@Z 100187b1 f   KNpc.obj
 0001:000177d0       ?SetFrameSpr@KNpc@@QAEXPADHHH@Z 100187d0 f   KNpc.obj
 0001:000177fb       ?SetInstantSpr@KNpc@@QAEXH@Z 100187fb f   KNpc.obj
 0001:00017836       ?GetNormalNpcStandDir@KNpc@@QAEHH@Z 10018836 f   KNpc.obj
 0001:00017855       ?SetNpcState@KNpc@@QAEXPAE@Z 10018855 f   KNpc.obj
 0001:0001792a       ?ClearNpcState@KNpc@@QAEXXZ 1001892a f   KNpc.obj
 0001:0001799a       ?RestoreNpcBaseInfo@KNpc@@QAEXXZ 1001899a f   KNpc.obj
 0001:00017e01       ?DrawBorder@KNpc@@QAEXXZ   10018e01 f   KNpc.obj
 0001:00017e25       ?DrawMenuState@KNpc@@QAEHH@Z 10018e25 f   KNpc.obj
 0001:00017e52       ?DrawBlood@KNpc@@QAEXXZ    10018e52 f   KNpc.obj
 0001:00017eab       ?IsPlayer@KNpc@@QAEHXZ     10018eab f   KNpc.obj
 0001:00017ec7       ?ClearStateSkillEffect@KNpc@@QAEXXZ 10018ec7 f   KNpc.obj
 0001:00017fa2       ?ClearNormalState@KNpc@@QAEXXZ 10018fa2 f   KNpc.obj
 0001:00018107       ?CheckTrap@KNpc@@QAEXXZ    10019107 f   KNpc.obj
 0001:000181e4       ?SetFightMode@KNpc@@QAEXH@Z 100191e4 f   KNpc.obj
 0001:000181fd       ?TurnTo@KNpc@@QAEXH@Z      100191fd f   KNpc.obj
 0001:00018276       ?ReCalcStateEffect@KNpc@@QAEXXZ 10019276 f   KNpc.obj
 0001:00018349       ?GetCurActiveWeaponSkill@KNpc@@QAEHXZ 10019349 f   KNpc.obj
 0001:00018414       ?HurtAutoMove@KNpc@@AAEXXZ 10019414 f   KNpc.obj
 0001:000188e5       ?ProcNetCommand@KNpc@@QAEXW4NPCCMD@@HHH@Z 100198e5 f   KNpc.obj
 0001:000189ba       ?SetBlood@KNpc@@QAEXH@Z    100199ba f   KNpc.obj
 0001:00018aad       ?PaintBlood@KNpc@@QAEHH@Z  10019aad f   KNpc.obj
 0001:00018caa       ?GetNpcPate@KNpc@@QAEHXZ   10019caa f   KNpc.obj
 0001:00018d73       ?GetNpcPatePeopleInfo@KNpc@@QAEHXZ 10019d73 f   KNpc.obj
 0001:00018e4e       ?GetFrameCopyFromTemplate@KNpc@@QAEXHH@Z 10019e4e f   KNpc.obj
 0001:0001914b       ?ReSetRes@KNpc@@QAEXH@Z    1001a14b f   KNpc.obj
 0001:00019371       ?LoadFrameFromTemplate@KNpc@@QAEXHH@Z 1001a371 f   KNpc.obj
 0001:00019458       ?DoSecMove@KNpc@@AAEHH@Z   1001a458 f   KNpc.obj
 0001:00019802       ?SetRankFF@KNpc@@QAEXH@Z   1001a802 f   KNpc.obj
 0001:00019818       ?PaintHonor@KNpc@@QAEXQADHHK@Z 1001a818 f   KNpc.obj
 0001:0001a620       ??1KNpc@@QAE@XZ            1001b620 f i KNpc.obj
 0001:0001a6a0       ?GetEnChance@KSkillList@@QAEHH@Z 1001b6a0 f i KNpc.obj
 0001:0001a6d0       ?SetAdjustColorId@KNpcRes@@QAEXK@Z 1001b6d0 f i KNpc.obj
 0001:0001a6f0       ?GetChildSkillId@KSkill@@QBEHXZ 1001b6f0 f i KNpc.obj
 0001:0001a710       ?GetBaseMagic@KItem@@QBEHXZ 1001b710 f i KNpc.obj
 0001:0001a730       ?IsNeedShadow@KSkill@@QBEHXZ 1001b730 f i KNpc.obj
 0001:0001a750       ?GetPreCastEffectFile@KSkill@@QBEPBDXZ 1001b750 f i KNpc.obj
 0001:0001a770       ?GetActionType@KSkill@@QBE?AW4CLIENTACTION@@XZ 1001b770 f i KNpc.obj
 0001:0001a790       ?GetParam1@KSkill@@QBEHXZ  1001b790 f i KNpc.obj
 0001:0001a7b0       ?GetMeleeType@KSkill@@QBEHXZ 1001b7b0 f i KNpc.obj
 0001:0001a7d0       ?GetDelayPerCast@KSkill@@QBEHXZ 1001b7d0 f i KNpc.obj
 0001:0001a7f0       ?GetPlayerWalkSpeed@KNpcSet@@QAEHXZ 1001b7f0 f i KNpc.obj
 0001:0001a810       ?GetPlayerRunSpeed@KNpcSet@@QAEHXZ 1001b810 f i KNpc.obj
 0001:0001a830       ?GetPlayerAttackFrame@KNpcSet@@QAEHXZ 1001b830 f i KNpc.obj
 0001:0001a850       ?GetPlayerHurtFrame@KNpcSet@@QAEHXZ 1001b850 f i KNpc.obj
 0001:0001a870       ?GetPlayerStandFrame@KNpcSet@@QAEHH@Z 1001b870 f i KNpc.obj
 0001:0001a8a0       ?GetPlayerWalkFrame@KNpcSet@@QAEHH@Z 1001b8a0 f i KNpc.obj
 0001:0001a8d0       ?GetPlayerRunFrame@KNpcSet@@QAEHH@Z 1001b8d0 f i KNpc.obj
 0001:0001a900       ??0KOutputTextParam@@QAE@XZ 1001b900 f i KNpc.obj
 0001:0001a960       ?GetStateSpecailId@KSkill@@QBEHXZ 1001b960 f i KNpc.obj
 0001:0001a980       ??0KStateNode@@QAE@XZ      1001b980 f i KNpc.obj
 0001:0001a9f0       ??_GKStateNode@@UAEPAXI@Z  1001b9f0 f i KNpc.obj
 0001:0001a9f0       ??_EKStateNode@@UAEPAXI@Z  1001b9f0 f i KNpc.obj
 0001:0001aa20       ??1KStateNode@@UAE@XZ      1001ba20 f i KNpc.obj
 0001:0001aa40       ?g_RandPercent@@YAHH@Z     1001ba40 f i KNpc.obj
 0001:0001aa60       ?GetChildSkillNum@KSkill@@QBEHXZ 1001ba60 f i KNpc.obj
 0001:0001aa80       ?GetSkill@KSkillManager@@QAEPAVISkill@@HHW4eSKillStyle@@@Z 1001ba80 f i KNpc.obj
 0001:0001aac0       ??0KNpcTemplate@@QAE@XZ    1001bac0 f i KNpc.obj
 0001:0001aaf9       ??0KNpcAI@@QAE@XZ          1001baf9 f   KNpcAI.obj
 0001:0001ab1a       ?Activate@KNpcAI@@QAEXH@Z  1001bb1a f   KNpcAI.obj
 0001:0001abda       ?ProcessShowNpc@KNpcAI@@AAEHXZ 1001bbda f   KNpcAI.obj
 0001:0001acf0       ?ShowNpcType11@KNpcAI@@AAEHXZ 1001bcf0 f   KNpcAI.obj
 0001:0001aee7       ?ShowNpcType12@KNpcAI@@AAEHXZ 1001bee7 f   KNpcAI.obj
 0001:0001b0fb       ?ShowNpcType13@KNpcAI@@AAEHXZ 1001c0fb f   KNpcAI.obj
 0001:0001b2b1       ?ShowNpcType14@KNpcAI@@AAEHXZ 1001c2b1 f   KNpcAI.obj
 0001:0001b4e3       ?ShowNpcType15@KNpcAI@@AAEHXZ 1001c4e3 f   KNpcAI.obj
 0001:0001b699       ?ShowNpcType16@KNpcAI@@AAEHXZ 1001c699 f   KNpcAI.obj
 0001:0001b8ab       ?ShowNpcType17@KNpcAI@@AAEHXZ 1001c8ab f   KNpcAI.obj
 0001:0001bad2       ?ProcessPlayer@KNpcAI@@AAEXXZ 1001cad2 f   KNpcAI.obj
 0001:0001bb2b       ?FollowObject@KNpcAI@@AAEXH@Z 1001cb2b f   KNpcAI.obj
 0001:0001bbaa       ?FollowPeople@KNpcAI@@AAEXH@Z 1001cbaa f   KNpcAI.obj
 0001:0001bf5d       ?TriggerMapTrap@KNpcAI@@AAEXXZ 1001cf5d f   KNpcAI.obj
 0001:0001bf7e       ?TriggerObjectTrap@KNpcAI@@AAEXXZ 1001cf7e f   KNpcAI.obj
 0001:0001bf89       ?GetNearestNpc@KNpcAI@@AAEHH@Z 1001cf89 f   KNpcAI.obj
 0001:0001c6e0       ?IsPlayerCome@KNpcAI@@AAEHXZ 1001d6e0 f   KNpcAI.obj
 0001:0001c789       ?GetNpcNumber@KNpcAI@@AAEHH@Z 1001d789 f   KNpcAI.obj
 0001:0001ca19       ?KeepAttackRange@KNpcAI@@AAEXHH@Z 1001da19 f   KNpcAI.obj
 0001:0001cadd       ?FollowAttack@KNpcAI@@AAEXH@Z 1001dadd f   KNpcAI.obj
 0001:0001cbd4       ?InEyeshot@KNpcAI@@AAEHH@Z 1001dbd4 f   KNpcAI.obj
 0001:0001cc11       ?CommonAction@KNpcAI@@AAEXXZ 1001dc11 f   KNpcAI.obj
 0001:0001cd21       ?KeepActiveRange@KNpcAI@@AAEHXZ 1001dd21 f   KNpcAI.obj
 0001:0001ce3f       ?DoShowFlee@KNpcAI@@AAEHH@Z 1001de3f f   KNpcAI.obj
 0001:0001cf50       ?Flee@KNpcAI@@AAEXH@Z      1001df50 f   KNpcAI.obj
 0001:0001cfd1       ?ProcessAIType01@KNpcAI@@AAEXXZ 1001dfd1 f   KNpcAI.obj
 0001:0001d20c       ?ProcessAIType02@KNpcAI@@AAEXXZ 1001e20c f   KNpcAI.obj
 0001:0001d4f7       ?ProcessAIType03@KNpcAI@@AAEXXZ 1001e4f7 f   KNpcAI.obj
 0001:0001d772       ?ProcessAIType04@KNpcAI@@AAEXXZ 1001e772 f   KNpcAI.obj
 0001:0001d964       ?ProcessAIType05@KNpcAI@@AAEXXZ 1001e964 f   KNpcAI.obj
 0001:0001dc06       ?ProcessAIType06@KNpcAI@@AAEXXZ 1001ec06 f   KNpcAI.obj
 0001:0001de40       ?CanShowNpc@KNpcAI@@AAEHXZ 1001ee40 f i KNpcAI.obj
 0001:0001deb0       ?GetNpcMoveOffset@KNpcAI@@AAEHHHPAH0@Z 1001eeb0 f i KNpcAI.obj
 0001:0001df00       ?GetRandomNumber@@YAHHH@Z  1001ef00 f i KNpcAI.obj
 0001:0001df5f       ??0KNpcAttribModify@@QAE@XZ 1001ef5f f   KNpcAttribModify.obj
 0001:0001e5e0       ??1KNpcAttribModify@@QAE@XZ 1001f5e0 f   KNpcAttribModify.obj
 0001:0001e5eb       ?ModifyAttrib@KNpcAttribModify@@QAEXPAVKNpc@@PAX@Z 1001f5eb f   KNpcAttribModify.obj
 0001:0001e647       ?AddColdDamageV@KNpcAttribModify@@AAEXPAVKNpc@@PAX@Z 1001f647 f   KNpcAttribModify.obj
 0001:0001e6f9       ?AddFireDamageV@KNpcAttribModify@@AAEXPAVKNpc@@PAX@Z 1001f6f9 f   KNpcAttribModify.obj
 0001:0001e75d       ?AddLightingDamageV@KNpcAttribModify@@AAEXPAVKNpc@@PAX@Z 1001f75d f   KNpcAttribModify.obj
 0001:0001e7c1       ?AddPhysicsDamageP@KNpcAttribModify@@AAEXPAVKNpc@@PAX@Z 1001f7c1 f   KNpcAttribModify.obj
 0001:0001e9b2       ?AddPoisonDamageV@KNpcAttribModify@@AAEXPAVKNpc@@PAX@Z 1001f9b2 f   KNpcAttribModify.obj
 0001:0001ea64       ?AddPhysicsDamageV@KNpcAttribModify@@AAEXPAVKNpc@@PAX@Z 1001fa64 f   KNpcAttribModify.obj
 0001:0001eab0       ?AllresP@KNpcAttribModify@@AAEXPAVKNpc@@PAX@Z 1001fab0 f   KNpcAttribModify.obj
 0001:0001eb5c       ?AllSkillV@KNpcAttribModify@@AAEXPAVKNpc@@PAX@Z 1001fb5c f   KNpcAttribModify.obj
 0001:0001ecc9       ?AttackRatingP@KNpcAttribModify@@AAEXPAVKNpc@@PAX@Z 1001fcc9 f   KNpcAttribModify.obj
 0001:0001ed42       ?AttackRatingV@KNpcAttribModify@@AAEXPAVKNpc@@PAX@Z 1001fd42 f   KNpcAttribModify.obj
 0001:0001ed8e       ?AttackSpeedV@KNpcAttribModify@@AAEXPAVKNpc@@PAX@Z 1001fd8e f   KNpcAttribModify.obj
 0001:0001ed9b       ?BadStatusTimeReduceV@KNpcAttribModify@@AAEXPAVKNpc@@PAX@Z 1001fd9b f   KNpcAttribModify.obj
 0001:0001edb0       ?BurnTimeReduceP@KNpcAttribModify@@AAEXPAVKNpc@@PAX@Z 1001fdb0 f   KNpcAttribModify.obj
 0001:0001edbd       ?CastSpeedV@KNpcAttribModify@@AAEXPAVKNpc@@PAX@Z 1001fdbd f   KNpcAttribModify.obj
 0001:0001edca       ?ChangeCampV@KNpcAttribModify@@AAEXPAVKNpc@@PAX@Z 1001fdca f   KNpcAttribModify.obj
 0001:0001ee3b       ?ColdArmorV@KNpcAttribModify@@AAEXPAVKNpc@@PAX@Z 1001fe3b f   KNpcAttribModify.obj
 0001:0001eecf       ?ColdresP@KNpcAttribModify@@AAEXPAVKNpc@@PAX@Z 1001fecf f   KNpcAttribModify.obj
 0001:0001ef1b       ?DeadlyStrikeP@KNpcAttribModify@@AAEXPAVKNpc@@PAX@Z 1001ff1b f   KNpcAttribModify.obj
 0001:0001ef67       ?DexterityV@KNpcAttribModify@@AAEXPAVKNpc@@PAX@Z 1001ff67 f   KNpcAttribModify.obj
 0001:0001efd5       ?EarthSkillV@KNpcAttribModify@@AAEXPAVKNpc@@PAX@Z 1001ffd5 f   KNpcAttribModify.obj
 0001:0001f008       ?EnergyV@KNpcAttribModify@@AAEXPAVKNpc@@PAX@Z 10020008 f   KNpcAttribModify.obj
 0001:0001f076       ?FastHitRecoverV@KNpcAttribModify@@AAEXPAVKNpc@@PAX@Z 10020076 f   KNpcAttribModify.obj
 0001:0001f0c2       ?FastWalkRunP@KNpcAttribModify@@AAEXPAVKNpc@@PAX@Z 100200c2 f   KNpcAttribModify.obj
 0001:0001f14e       ?FireArmorV@KNpcAttribModify@@AAEXPAVKNpc@@PAX@Z 1002014e f   KNpcAttribModify.obj
 0001:0001f1e2       ?FireSkillV@KNpcAttribModify@@AAEXPAVKNpc@@PAX@Z 100201e2 f   KNpcAttribModify.obj
 0001:0001f215       ?FreezeTimeReduceP@KNpcAttribModify@@AAEXPAVKNpc@@PAX@Z 10020215 f   KNpcAttribModify.obj
 0001:0001f261       ?KnockBackP@KNpcAttribModify@@AAEXPAVKNpc@@PAX@Z 10020261 f   KNpcAttribModify.obj
 0001:0001f2ad       ?LifeMaxP@KNpcAttribModify@@AAEXPAVKNpc@@PAX@Z 100202ad f   KNpcAttribModify.obj
 0001:0001f326       ?LifeMaxV@KNpcAttribModify@@AAEXPAVKNpc@@PAX@Z 10020326 f   KNpcAttribModify.obj
 0001:0001f372       ?LifeReplenishV@KNpcAttribModify@@AAEXPAVKNpc@@PAX@Z 10020372 f   KNpcAttribModify.obj
 0001:0001f3be       ?LifeV@KNpcAttribModify@@AAEXPAVKNpc@@PAX@Z 100203be f   KNpcAttribModify.obj
 0001:0001f40a       ?LightingArmorV@KNpcAttribModify@@AAEXPAVKNpc@@PAX@Z 1002040a f   KNpcAttribModify.obj
 0001:0001f49e       ?LightingresP@KNpcAttribModify@@AAEXPAVKNpc@@PAX@Z 1002049e f   KNpcAttribModify.obj
 0001:0001f4ea       ?LuckyV@KNpcAttribModify@@AAEXPAVKNpc@@PAX@Z 100204ea f   KNpcAttribModify.obj
 0001:0001f55a       ?ManaMaxP@KNpcAttribModify@@AAEXPAVKNpc@@PAX@Z 1002055a f   KNpcAttribModify.obj
 0001:0001f5d3       ?ManaMaxV@KNpcAttribModify@@AAEXPAVKNpc@@PAX@Z 100205d3 f   KNpcAttribModify.obj
 0001:0001f61f       ?ManaReplenishV@KNpcAttribModify@@AAEXPAVKNpc@@PAX@Z 1002061f f   KNpcAttribModify.obj
 0001:0001f66b       ?ManaV@KNpcAttribModify@@AAEXPAVKNpc@@PAX@Z 1002066b f   KNpcAttribModify.obj
 0001:0001f6b7       ?ManaShieldP@KNpcAttribModify@@AAEXPAVKNpc@@PAX@Z 100206b7 f   KNpcAttribModify.obj
 0001:0001f742       ?MeleeDamageReturnP@KNpcAttribModify@@AAEXPAVKNpc@@PAX@Z 10020742 f   KNpcAttribModify.obj
 0001:0001f78e       ?MeleeDamageReturnV@KNpcAttribModify@@AAEXPAVKNpc@@PAX@Z 1002078e f   KNpcAttribModify.obj
 0001:0001f7da       ?MetalSkillV@KNpcAttribModify@@AAEXPAVKNpc@@PAX@Z 100207da f   KNpcAttribModify.obj
 0001:0001f80d       ?PhysicsArmorV@KNpcAttribModify@@AAEXPAVKNpc@@PAX@Z 1002080d f   KNpcAttribModify.obj
 0001:0001f8a1       ?PhysicsresP@KNpcAttribModify@@AAEXPAVKNpc@@PAX@Z 100208a1 f   KNpcAttribModify.obj
 0001:0001f8ed       ?Damage2ManaP@KNpcAttribModify@@AAEXPAVKNpc@@PAX@Z 100208ed f   KNpcAttribModify.obj
 0001:0001f939       ?PoisonArmorV@KNpcAttribModify@@AAEXPAVKNpc@@PAX@Z 10020939 f   KNpcAttribModify.obj
 0001:0001f9cd       ?PoisonDamageReduceV@KNpcAttribModify@@AAEXPAVKNpc@@PAX@Z 100209cd f   KNpcAttribModify.obj
 0001:0001fa31       ?PoisonresP@KNpcAttribModify@@AAEXPAVKNpc@@PAX@Z 10020a31 f   KNpcAttribModify.obj
 0001:0001fa7d       ?PoisonTimeReduceP@KNpcAttribModify@@AAEXPAVKNpc@@PAX@Z 10020a7d f   KNpcAttribModify.obj
 0001:0001fac9       ?RangeDamageReturnV@KNpcAttribModify@@AAEXPAVKNpc@@PAX@Z 10020ac9 f   KNpcAttribModify.obj
 0001:0001fb15       ?RangeDamageReturnP@KNpcAttribModify@@AAEXPAVKNpc@@PAX@Z 10020b15 f   KNpcAttribModify.obj
 0001:0001fb61       ?SlowMissleB@KNpcAttribModify@@AAEXPAVKNpc@@PAX@Z 10020b61 f   KNpcAttribModify.obj
 0001:0001fbb9       ?StaminaMaxP@KNpcAttribModify@@AAEXPAVKNpc@@PAX@Z 10020bb9 f   KNpcAttribModify.obj
 0001:0001fc32       ?StaminaMaxV@KNpcAttribModify@@AAEXPAVKNpc@@PAX@Z 10020c32 f   KNpcAttribModify.obj
 0001:0001fc7e       ?StaminaReplenishV@KNpcAttribModify@@AAEXPAVKNpc@@PAX@Z 10020c7e f   KNpcAttribModify.obj
 0001:0001fcca       ?StaminaV@KNpcAttribModify@@AAEXPAVKNpc@@PAX@Z 10020cca f   KNpcAttribModify.obj
 0001:0001fd16       ?StealLifeP@KNpcAttribModify@@AAEXPAVKNpc@@PAX@Z 10020d16 f   KNpcAttribModify.obj
 0001:0001fd6b       ?StealManaP@KNpcAttribModify@@AAEXPAVKNpc@@PAX@Z 10020d6b f   KNpcAttribModify.obj
 0001:0001fdc0       ?StealStaminaP@KNpcAttribModify@@AAEXPAVKNpc@@PAX@Z 10020dc0 f   KNpcAttribModify.obj
 0001:0001fe15       ?StrengthV@KNpcAttribModify@@AAEXPAVKNpc@@PAX@Z 10020e15 f   KNpcAttribModify.obj
 0001:0001fe83       ?StunTimeReduceP@KNpcAttribModify@@AAEXPAVKNpc@@PAX@Z 10020e83 f   KNpcAttribModify.obj
 0001:0001fecf       ?VisionRadiusP@KNpcAttribModify@@AAEXPAVKNpc@@PAX@Z 10020ecf f   KNpcAttribModify.obj
 0001:0001ff1b       ?VitalityV@KNpcAttribModify@@AAEXPAVKNpc@@PAX@Z 10020f1b f   KNpcAttribModify.obj
 0001:0001ff89       ?WaterSkillV@KNpcAttribModify@@AAEXPAVKNpc@@PAX@Z 10020f89 f   KNpcAttribModify.obj
 0001:0001ffbc       ?WoodSkillV@KNpcAttribModify@@AAEXPAVKNpc@@PAX@Z 10020fbc f   KNpcAttribModify.obj
 0001:0001ffef       ?FireresP@KNpcAttribModify@@AAEXPAVKNpc@@PAX@Z 10020fef f   KNpcAttribModify.obj
 0001:0002003b       ?ArmorDefenseV@KNpcAttribModify@@AAEXPAVKNpc@@PAX@Z 1002103b f   KNpcAttribModify.obj
 0001:00020087       ?ColdEnhanceP@KNpcAttribModify@@AAEXPAVKNpc@@PAX@Z 10021087 f   KNpcAttribModify.obj
 0001:000200d3       ?FireEnhanceP@KNpcAttribModify@@AAEXPAVKNpc@@PAX@Z 100210d3 f   KNpcAttribModify.obj
 0001:0002011f       ?LightingEnhanceP@KNpcAttribModify@@AAEXPAVKNpc@@PAX@Z 1002111f f   KNpcAttribModify.obj
 0001:0002016b       ?PoisonEnhanceP@KNpcAttribModify@@AAEXPAVKNpc@@PAX@Z 1002116b f   KNpcAttribModify.obj
 0001:000201b7       ?LifePotionV@KNpcAttribModify@@AAEXPAVKNpc@@PAX@Z 100211b7 f   KNpcAttribModify.obj
 0001:00020275       ?ManaPotionV@KNpcAttribModify@@AAEXPAVKNpc@@PAX@Z 10021275 f   KNpcAttribModify.obj
 0001:00020333       ?PhysicsResMaxP@KNpcAttribModify@@AAEXPAVKNpc@@PAX@Z 10021333 f   KNpcAttribModify.obj
 0001:0002037f       ?ColdResMaxP@KNpcAttribModify@@AAEXPAVKNpc@@PAX@Z 1002137f f   KNpcAttribModify.obj
 0001:000203cb       ?FireResMaxP@KNpcAttribModify@@AAEXPAVKNpc@@PAX@Z 100213cb f   KNpcAttribModify.obj
 0001:00020417       ?LightingResMaxP@KNpcAttribModify@@AAEXPAVKNpc@@PAX@Z 10021417 f   KNpcAttribModify.obj
 0001:00020463       ?PoisonResMaxP@KNpcAttribModify@@AAEXPAVKNpc@@PAX@Z 10021463 f   KNpcAttribModify.obj
 0001:000204af       ?AllResMaxP@KNpcAttribModify@@AAEXPAVKNpc@@PAX@Z 100214af f   KNpcAttribModify.obj
 0001:0002055b       ?FatallyStrikeP@KNpcAttribModify@@AAEXPAVKNpc@@PAX@Z 1002155b f   KNpcAttribModify.obj
 0001:00020568       ?MixPoisonDamage@KNpcAttribModify@@QAEXPAUKMagicAttrib@@0@Z 10021568 f   KNpcAttribModify.obj
 0001:00020653       ?AddPhysicsMagic@KNpcAttribModify@@AAEXPAVKNpc@@PAX@Z 10021653 f   KNpcAttribModify.obj
 0001:000206b7       ?AddColdMagic@KNpcAttribModify@@AAEXPAVKNpc@@PAX@Z 100216b7 f   KNpcAttribModify.obj
 0001:00020769       ?AddFireMagic@KNpcAttribModify@@AAEXPAVKNpc@@PAX@Z 10021769 f   KNpcAttribModify.obj
 0001:000207cd       ?AddLightingMagic@KNpcAttribModify@@AAEXPAVKNpc@@PAX@Z 100217cd f   KNpcAttribModify.obj
 0001:00020831       ?AddPoisonMagic@KNpcAttribModify@@AAEXPAVKNpc@@PAX@Z 10021831 f   KNpcAttribModify.obj
 0001:000208e3       ?fatallystrikeresP@KNpcAttribModify@@AAEXPAVKNpc@@PAX@Z 100218e3 f   KNpcAttribModify.obj
 0001:000208f0       ?addskilldamage1@KNpcAttribModify@@AAEXPAVKNpc@@PAX@Z 100218f0 f   KNpcAttribModify.obj
 0001:00020a3e       ?addskilldamage2@KNpcAttribModify@@AAEXPAVKNpc@@PAX@Z 10021a3e f   KNpcAttribModify.obj
 0001:00020b8c       ?addskilldamage3@KNpcAttribModify@@AAEXPAVKNpc@@PAX@Z 10021b8c f   KNpcAttribModify.obj
 0001:00020cda       ?addskilldamage4@KNpcAttribModify@@AAEXPAVKNpc@@PAX@Z 10021cda f   KNpcAttribModify.obj
 0001:00020e28       ?addskilldamage5@KNpcAttribModify@@AAEXPAVKNpc@@PAX@Z 10021e28 f   KNpcAttribModify.obj
 0001:00020f76       ?addskilldamage6@KNpcAttribModify@@AAEXPAVKNpc@@PAX@Z 10021f76 f   KNpcAttribModify.obj
 0001:000210c4       ?dynamicmagicshieldV@KNpcAttribModify@@AAEXPAVKNpc@@PAX@Z 100220c4 f   KNpcAttribModify.obj
 0001:000210f1       ?addstealfeatureskill@KNpcAttribModify@@AAEXPAVKNpc@@PAX@Z 100220f1 f   KNpcAttribModify.obj
 0001:000210fe       ?lifereplenishP@KNpcAttribModify@@AAEXPAVKNpc@@PAX@Z 100220fe f   KNpcAttribModify.obj
 0001:0002110b       ?ignoreskillP@KNpcAttribModify@@AAEXPAVKNpc@@PAX@Z 1002210b f   KNpcAttribModify.obj
 0001:00021118       ?poisondamagereturnV@KNpcAttribModify@@AAEXPAVKNpc@@PAX@Z 10022118 f   KNpcAttribModify.obj
 0001:00021125       ?poisondamagereturnP@KNpcAttribModify@@AAEXPAVKNpc@@PAX@Z 10022125 f   KNpcAttribModify.obj
 0001:00021132       ?returnskillP@KNpcAttribModify@@AAEXPAVKNpc@@PAX@Z 10022132 f   KNpcAttribModify.obj
 0001:0002113f       ?autoreplyskill@KNpcAttribModify@@AAEXPAVKNpc@@PAX@Z 1002213f f   KNpcAttribModify.obj
 0001:0002114c       ?skill_mintimepercastV@KNpcAttribModify@@AAEXPAVKNpc@@PAX@Z 1002214c f   KNpcAttribModify.obj
 0001:00021159       ?mintimepercastonhorseV@KNpcAttribModify@@AAEXPAVKNpc@@PAX@Z 10022159 f   KNpcAttribModify.obj
 0001:00021166       ?poison2decmanaP@KNpcAttribModify@@AAEXPAVKNpc@@PAX@Z 10022166 f   KNpcAttribModify.obj
 0001:000211c8       ?skill_appendskil@KNpcAttribModify@@AAEXPAVKNpc@@PAX@Z 100221c8 f   KNpcAttribModify.obj
 0001:00021280       ?hide@KNpcAttribModify@@AAEXPAVKNpc@@PAX@Z 10022280 f   KNpcAttribModify.obj
 0001:000212b7       ?clearnegativestate@KNpcAttribModify@@AAEXPAVKNpc@@PAX@Z 100222b7 f   KNpcAttribModify.obj
 0001:000212c4       ?returnresP@KNpcAttribModify@@AAEXPAVKNpc@@PAX@Z 100222c4 f   KNpcAttribModify.obj
 0001:000212d1       ?decPercasttimehorse@KNpcAttribModify@@AAEXPAVKNpc@@PAX@Z 100222d1 f   KNpcAttribModify.obj
 0001:000212de       ?decPercasttime@KNpcAttribModify@@AAEXPAVKNpc@@PAX@Z 100222de f   KNpcAttribModify.obj
 0001:000212eb       ?enhance_709_auto@KNpcAttribModify@@AAEXPAVKNpc@@PAX@Z 100222eb f   KNpcAttribModify.obj
 0001:000212f8       ?enhance_708_lifeP@KNpcAttribModify@@AAEXPAVKNpc@@PAX@Z 100222f8 f   KNpcAttribModify.obj
 0001:00021305       ?enhance_93_lifeV@KNpcAttribModify@@AAEXPAVKNpc@@PAX@Z 10022305 f   KNpcAttribModify.obj
 0001:00021312       ?enhance_711_auto@KNpcAttribModify@@AAEXPAVKNpc@@PAX@Z 10022312 f   KNpcAttribModify.obj
 0001:0002131f       ?enhance_714_auto@KNpcAttribModify@@AAEXPAVKNpc@@PAX@Z 1002231f f   KNpcAttribModify.obj
 0001:0002132c       ?enhance_717_auto@KNpcAttribModify@@AAEXPAVKNpc@@PAX@Z 1002232c f   KNpcAttribModify.obj
 0001:00021339       ?enhance_723_missP@KNpcAttribModify@@AAEXPAVKNpc@@PAX@Z 10022339 f   KNpcAttribModify.obj
 0001:00021346       ?expenhanceP@KNpcAttribModify@@AAEXPAVKNpc@@PAX@Z 10022346 f   KNpcAttribModify.obj
 0001:00021397       ?SerisesDamage@KNpcAttribModify@@AAEXPAVKNpc@@PAX@Z 10022397 f   KNpcAttribModify.obj
 0001:000213c4       ?autoskill@KNpcAttribModify@@AAEXPAVKNpc@@PAX@Z 100223c4 f   KNpcAttribModify.obj
 0001:000213e0       ?GetSkillId@KSkillList@@QAEHH@Z 100223e0 f i KNpcAttribModify.obj
 0001:00021410       ?QeuipAddPoint@KSkillList@@QAEXHH@Z 10022410 f i KNpcAttribModify.obj
 0001:00021440       ?AddEnChance@KSkillList@@QAEXHH@Z 10022440 f i KNpcAttribModify.obj
 0001:00021470       ?Init@KNpcDeathCalcExp@@QAEXH@Z 10022470 f   KNpcDeathCalcExp.obj
 0001:000214a2       ?Active@KNpcDeathCalcExp@@QAEXXZ 100224a2 f   KNpcDeathCalcExp.obj
 0001:00021557       ?Clear@KNpcDeathCalcExp@@QAEXXZ 10022557 f   KNpcDeathCalcExp.obj
 0001:00021580       ??0KNpcFindPath@@QAE@XZ    10022580 f   KNpcFindPath.obj
 0001:000215dd       ?Init@KNpcFindPath@@QAEXH@Z 100225dd f   KNpcFindPath.obj
 0001:00021638       ?GetDir@KNpcFindPath@@QAEHHHHHHHPAH@Z 10022638 f   KNpcFindPath.obj
 0001:00021bfe       ?Dir64To8@KNpcFindPath@@QAEHH@Z 10022bfe f   KNpcFindPath.obj
 0001:00021c17       ?Dir8To64@KNpcFindPath@@QAEHH@Z 10022c17 f   KNpcFindPath.obj
 0001:00021c2a       ?CheckDistance@KNpcFindPath@@QAEHHHHHH@Z 10022c2a f   KNpcFindPath.obj
 0001:00021c67       ?CheckBarrier@KNpcFindPath@@QAEHHH@Z 10022c67 f   KNpcFindPath.obj
 0001:00021d00       ?Init@KNpcGold@@QAEXH@Z    10022d00 f   KNpcGold.obj
 0001:00021dab       ?SetGoldType@KNpcGold@@QAEXH@Z 10022dab f   KNpcGold.obj
 0001:00021dc7       ?SetGoldTypeAndBackData@KNpcGold@@QAEXXZ 10022dc7 f   KNpcGold.obj
 0001:00021ed6       ?RecoverBackData@KNpcGold@@QAEXXZ 10022ed6 f   KNpcGold.obj
 0001:00022200       ?RandChangeGold@KNpcGold@@QAEXHH@Z 10023200 f   KNpcGold.obj
 0001:000225a1       ?GetGoldType@KNpcGold@@QAEHXZ 100235a1 f   KNpcGold.obj
 0001:000225c2       ?SetGoldCurrentType@KNpcGold@@QAEXH@Z 100235c2 f   KNpcGold.obj
 0001:00022610       ?ClientClearState@KNpcGold@@QAEXXZ 10023610 f   KNpcGold.obj
 0001:0002262f       ??0KNpcGoldTemplate@@QAE@XZ 1002362f f   KNpcGold.obj
 0001:0002265d       ?Init@KNpcGoldTemplate@@QAEHXZ 1002365d f   KNpcGold.obj
 0001:00022ae0       ??0KNpcRes@@QAE@XZ         10023ae0 f   KNpcRes.obj
 0001:00022c37       ?Init@KNpcRes@@QAEHPADPAVKNpcResList@@@Z 10023c37 f   KNpcRes.obj
 0001:00022fc2       ?Remove@KNpcRes@@QAEXH@Z   10023fc2 f   KNpcRes.obj
 0001:00023007       ?Draw@KNpcRes@@QAEXHHHHH@Z 10024007 f   KNpcRes.obj
 0001:00023fc0       ?GetShadowName@KNpcRes@@SAXPAD0@Z 10024fc0 f   KNpcRes.obj
 0001:00023fd5       ??1KNpcRes@@QAE@XZ         10024fd5 f   KNpcRes.obj
 0001:00023fee       ?SetHelm@KNpcRes@@QAEHH@Z  10024fee f   KNpcRes.obj
 0001:00024133       ?SetArmor@KNpcRes@@QAEHH@Z 10025133 f   KNpcRes.obj
 0001:00024278       ?SetWeapon@KNpcRes@@QAEHH@Z 10025278 f   KNpcRes.obj
 0001:00024769       ?SetHorse@KNpcRes@@QAEHH@Z 10025769 f   KNpcRes.obj
 0001:000248ba       ?SetAction@KNpcRes@@QAEHH@Z 100258ba f   KNpcRes.obj
 0001:00024db3       ?SetRideHorse@KNpcRes@@QAEHH@Z 10025db3 f   KNpcRes.obj
 0001:000252a3       ?SetPos@KNpcRes@@QAEXHHHHHH@Z 100262a3 f   KNpcRes.obj
 0001:0002531b       ?SetState@KNpcRes@@QAEXPAVKList@@PAVKNpcResList@@@Z 1002631b f   KNpcRes.obj
 0001:000256ef       ?SetSpecialSpr@KNpcRes@@QAEXPAD@Z 100266ef f   KNpcRes.obj
 0001:00025792       ?SetFrameSpr@KNpcRes@@QAEXPADHHH@Z 10026792 f   KNpcRes.obj
 0001:0002585c       ?SetMenuStateSpr@KNpcRes@@AAEXH@Z 1002685c f   KNpcRes.obj
 0001:0002594c       ?SetBlur@KNpcRes@@QAEXH@Z  1002694c f   KNpcRes.obj
 0001:00025993       ?GetSoundName@KNpcRes@@AAEXXZ 10026993 f   KNpcRes.obj
 0001:000259c6       ?PlaySoundA@KNpcRes@@AAEXHH@Z 100269c6 f   KNpcRes.obj
 0001:00025abc       ?GetSndVolume@KNpcRes@@QAEHH@Z 10026abc f   KNpcRes.obj
 0001:00025aee       ?StopSound@KNpcRes@@QAEXXZ 10026aee f   KNpcRes.obj
 0001:00025b4e       ?SetMenuState@KNpcRes@@QAEXHPADH@Z 10026b4e f   KNpcRes.obj
 0001:00025bcf       ?GetMenuState@KNpcRes@@QAEHXZ 10026bcf f   KNpcRes.obj
 0001:00025bfa       ?SetSleepState@KNpcRes@@QAEXH@Z 10026bfa f   KNpcRes.obj
 0001:00025c65       ?GetSleepState@KNpcRes@@QAEHXZ 10026c65 f   KNpcRes.obj
 0001:00025c81       ?DrawBorder@KNpcRes@@QAEXXZ 10026c81 f   KNpcRes.obj
 0001:00025e46       ?DrawMenuState@KNpcRes@@QAEHH@Z 10026e46 f   KNpcRes.obj
 0001:00025fbf       ?GetNormalNpcStandDir@KNpcRes@@QAEHH@Z 10026fbf f   KNpcRes.obj
 0001:0002601a       ??0KStateSpr@@QAE@XZ       1002701a f   KNpcRes.obj
 0001:0002603b       ?Release@KStateSpr@@QAEXXZ 1002703b f   KNpcRes.obj
 0001:00026082       ??0KNpcBlur@@QAE@XZ        10027082 f   KNpcRes.obj
 0001:000260b7       ??1KNpcBlur@@QAE@XZ        100270b7 f   KNpcRes.obj
 0001:000260c2       ?SetNextNo@KNpcBlur@@QAEXXZ 100270c2 f   KNpcRes.obj
 0001:000260ef       ?SetMapPos@KNpcBlur@@QAEXHHHH@Z 100270ef f   KNpcRes.obj
 0001:00026176       ?ChangeAlpha@KNpcBlur@@QAEXXZ 10027176 f   KNpcRes.obj
 0001:000263c0       ?ClearCurNo@KNpcBlur@@QAEXXZ 100273c0 f   KNpcRes.obj
 0001:0002640b       ?SetFile@KNpcBlur@@QAEXHPADHHHHH@Z 1002740b f   KNpcRes.obj
 0001:00026556       ?Draw@KNpcBlur@@QAEXH@Z    10027556 f   KNpcRes.obj
 0001:00026598       ?NowGetBlur@KNpcBlur@@QAEHXZ 10027598 f   KNpcRes.obj
 0001:000265b5       ?Init@KNpcBlur@@QAEHXZ     100275b5 f   KNpcRes.obj
 0001:0002669a       ?Remove@KNpcBlur@@QAEXXZ   1002769a f   KNpcRes.obj
 0001:0002670f       ?AddObj@KNpcBlur@@QAEXXZ   1002770f f   KNpcRes.obj
 0001:0002671a       ?RemoveObj@KNpcBlur@@QAEXXZ 1002771a f   KNpcRes.obj
 0001:00026730       ?CheckExist@KSprControl@@QAEHXZ 10027730 f i KNpcRes.obj
 0001:00026760       ?GetNpcKind@KNpcResNode@@QAEHXZ 10027760 f i KNpcRes.obj
 0001:000267bf       ??0KNpcResList@@QAE@XZ     100277bf f   KNpcResList.obj
 0001:00026829       ??1KNpcResList@@QAE@XZ     10027829 f   KNpcResList.obj
 0001:000268b9       ?Init@KNpcResList@@QAEHXZ  100278b9 f   KNpcResList.obj
 0001:00026928       ?FindNpcRes@KNpcResList@@AAEPAVKNpcResNode@@PAD@Z 10027928 f   KNpcResList.obj
 0001:000269be       ?AddNpcRes@KNpcResList@@QAEPAVKNpcResNode@@PAD@Z 100279be f   KNpcResList.obj
 0001:00026ad0       ??0KNpcResNode@@QAE@XZ     10027ad0 f   KNpcResNode.obj
 0001:00026bd7       ??1KNpcResNode@@UAE@XZ     10027bd7 f   KNpcResNode.obj
 0001:00026c7d       ?Init@KNpcResNode@@QAEHPADPAVCActionName@@1@Z 10027c7d f   KNpcResNode.obj
 0001:00028199       ?ComposePathAndName@KNpcResNode@@QAEXPAD00@Z 10029199 f   KNpcResNode.obj
 0001:0002824d       ?CheckPartExist@KNpcResNode@@QAEHH@Z 1002924d f   KNpcResNode.obj
 0001:00028289       ?GetFileName@KNpcResNode@@QAEHHHHPAD0H@Z 10029289 f   KNpcResNode.obj
 0001:000282da       ?GetInterval@KNpcResNode@@QAEHHHHH@Z 100292da f   KNpcResNode.obj
 0001:00028316       ?GetTotalFrames@KNpcResNode@@QAEHHHHH@Z 10029316 f   KNpcResNode.obj
 0001:00028352       ?GetTotalDirs@KNpcResNode@@QAEHHHHH@Z 10029352 f   KNpcResNode.obj
 0001:0002838e       ?GetActNo@KNpcResNode@@QAEHHHH@Z 1002938e f   KNpcResNode.obj
 0001:000283dd       ?GetSort@KNpcResNode@@QAEHHHHPAHH@Z 100293dd f   KNpcResNode.obj
 0001:0002846d       ?GetActionSoundName@KNpcResNode@@QAEXHPAD@Z 1002946d f   KNpcResNode.obj
 0001:000284b1       ?GetShadowName@KNpcResNode@@SAXPAD0@Z 100294b1 f   KNpcResNode.obj
 0001:0002852a       ??0CActionName@@QAE@XZ     1002952a f   KNpcResNode.obj
 0001:0002857e       ?Init@CActionName@@QAEHPAD@Z 1002957e f   KNpcResNode.obj
 0001:0002870a       ?GetActionNo@CActionName@@QAEHPAD@Z 1002970a f   KNpcResNode.obj
 0001:00028774       ?GetActionCount@CActionName@@QAEHXZ 10029774 f   KNpcResNode.obj
 0001:00028788       ?GetActionName@CActionName@@QAEHHPADH@Z 10029788 f   KNpcResNode.obj
 0001:000287f1       ??0CShadowFileName@@QAE@XZ 100297f1 f   KNpcResNode.obj
 0001:00028812       ??1CShadowFileName@@QAE@XZ 10029812 f   KNpcResNode.obj
 0001:0002884e       ?Init@CShadowFileName@@QAEXH@Z 1002984e f   KNpcResNode.obj
 0001:000288ce       ?GetFile@CShadowFileName@@QAEHHPAH0000PAD@Z 100298ce f   KNpcResNode.obj
 0001:00028985       ??0CStateMagicTable@@QAE@XZ 10029985 f   KNpcResNode.obj
 0001:00028a3d       ?Init@CStateMagicTable@@QAEHXZ 10029a3d f   KNpcResNode.obj
 0001:00028d37       ?GetInfo@CStateMagicTable@@QAEXHPADPAH111111@Z 10029d37 f   KNpcResNode.obj
 0001:00028e43       ??0CRESINFO@@QAE@XZ        10029e43 f   KNpcResNode.obj
 0001:00028e6e       ??1CRESINFO@@QAE@XZ        10029e6e f   KNpcResNode.obj
 0001:00028e81       ?AutoDelete@CRESINFO@@QAEXXZ 10029e81 f   KNpcResNode.obj
 0001:00028ec9       ?AutoNew@CRESINFO@@QAEHHH@Z 10029ec9 f   KNpcResNode.obj
 0001:00028fba       ?GetName@CRESINFO@@QAEHHHPAD0H@Z 10029fba f   KNpcResNode.obj
 0001:00029049       ?GetInterval@CRESINFO@@QAEHHHH@Z 1002a049 f   KNpcResNode.obj
 0001:00029095       ?GetTotalFrames@CRESINFO@@QAEHHHH@Z 1002a095 f   KNpcResNode.obj
 0001:000290e0       ?GetTotalDirs@CRESINFO@@QAEHHHH@Z 1002a0e0 f   KNpcResNode.obj
 0001:0002912c       ??0CEquipStyleTable@@QAE@XZ 1002a12c f   KNpcResNode.obj
 0001:00029157       ??1CEquipStyleTable@@QAE@XZ 1002a157 f   KNpcResNode.obj
 0001:0002916a       ?AutoDelete@CEquipStyleTable@@QAEXXZ 1002a16a f   KNpcResNode.obj
 0001:000291b2       ?AutoNew@CEquipStyleTable@@QAEHHH@Z 1002a1b2 f   KNpcResNode.obj
 0001:0002924b       ?SetValue@CEquipStyleTable@@QAEXHHH@Z 1002a24b f   KNpcResNode.obj
 0001:00029293       ?GetValue@CEquipStyleTable@@QAEHHH@Z 1002a293 f   KNpcResNode.obj
 0001:000292e9       ??0CSortTable@@QAE@XZ      1002a2e9 f   KNpcResNode.obj
 0001:0002934a       ??1CSortTable@@QAE@XZ      1002a34a f   KNpcResNode.obj
 0001:0002935d       ?Release@CSortTable@@AAEXXZ 1002a35d f   KNpcResNode.obj
 0001:000293d5       ?SortStrToNum@CSortTable@@AAEXPADPAHH@Z 1002a3d5 f   KNpcResNode.obj
 0001:0002950c       ?GetTable@CSortTable@@QAEHPADPAVCActionName@@H@Z 1002a50c f   KNpcResNode.obj
 0001:000295e9       ?GetTable@CSortTable@@QAEHPAVKIniFile@@PAVCActionName@@H@Z 1002a5e9 f   KNpcResNode.obj
 0001:00029dc0       ?GetSort@CSortTable@@QAEHHHHPAHH@Z 1002adc0 f   KNpcResNode.obj
 0001:0002a2c0       ??_GKNpcResNode@@UAEPAXI@Z 1002b2c0 f i KNpcResNode.obj
 0001:0002a2c0       ??_EKNpcResNode@@UAEPAXI@Z 1002b2c0 f i KNpcResNode.obj
 0001:0002a2f0       ??0SECTINFO@KNpcResNode@@QAE@XZ 1002b2f0 f i KNpcResNode.obj
 0001:0002a310       ?Clear@SECTINFO@KNpcResNode@@QAEXXZ 1002b310 f i KNpcResNode.obj
 0001:0002a340       ??0SACTTABLEOFF@@QAE@XZ    1002b340 f i KNpcResNode.obj
 0001:0002a360       ?Clear@SACTTABLEOFF@@QAEXXZ 1002b360 f i KNpcResNode.obj
 0001:0002a3cf       ??0KNpcSet@@QAE@XZ         1002b3cf f   KNpcSet.obj
 0001:0002a471       ?Init@KNpcSet@@QAEXXZ      1002b471 f   KNpcSet.obj
 0001:0002a586       ?LoadPlayerBaseValue@KNpcSet@@QAEXPAD@Z 1002b586 f   KNpcSet.obj
 0001:0002a71d       ?IsNpcExist@KNpcSet@@QAEHHK@Z 1002b71d f   KNpcSet.obj
 0001:0002a747       ?GenOneRelation@KNpcSet@@AAE?AW4NPC_RELATION@@W4NPCKIND@@0W4NPCCAMP@@1@Z 1002b747 f   KNpcSet.obj
 0001:0002a7df       ?GenRelationTable@KNpcSet@@AAEHXZ 1002b7df f   KNpcSet.obj
 0001:0002a8c0       ?SearchID@KNpcSet@@QAEHK@Z 1002b8c0 f   KNpcSet.obj
 0001:0002a91a       ?SearchClientID@KNpcSet@@QAEHUKClientNpcID@@@Z 1002b91a f   KNpcSet.obj
 0001:0002a988       ?SearchName@KNpcSet@@QAEHPAD@Z 1002b988 f   KNpcSet.obj
 0001:0002a9ee       ?SearchNameID@KNpcSet@@QAEHK@Z 1002b9ee f   KNpcSet.obj
 0001:0002aa72       ?FindFree@KNpcSet@@AAEHXZ  1002ba72 f   KNpcSet.obj
 0001:0002aa8e       ?AddClientNpc@KNpcSet@@QAEHHHHHHH@Z 1002ba8e f   KNpcSet.obj
 0001:0002abec       ?Add@KNpcSet@@QAEHHPAX@Z   1002bbec f   KNpcSet.obj
 0001:0002ae10       ?Add@KNpcSet@@QAEHHHHH@Z   1002be10 f   KNpcSet.obj
 0001:0002ae8d       ?Add@KNpcSet@@QAEHHHHHHHH@Z 1002be8d f   KNpcSet.obj
 0001:0002b0d7       ?Remove@KNpcSet@@QAEXH@Z   1002c0d7 f   KNpcSet.obj
 0001:0002b157       ?RemoveAll@KNpcSet@@QAEXXZ 1002c157 f   KNpcSet.obj
 0001:0002b20c       ?InsertNpcToRegion@KNpcSet@@QAEXH@Z 1002c20c f   KNpcSet.obj
 0001:0002b31f       ?SetID@KNpcSet@@AAEXH@Z    1002c31f f   KNpcSet.obj
 0001:0002b36a       ?GetDistance@KNpcSet@@SAHHH@Z 1002c36a f   KNpcSet.obj
 0001:0002b5f3       ?GetDistanceSquare@KNpcSet@@SAHHH@Z 1002c5f3 f   KNpcSet.obj
 0001:0002b84a       ?GetNextIdx@KNpcSet@@QAEHH@Z 1002c84a f   KNpcSet.obj
 0001:0002b87d       ?CheckBalance@KNpcSet@@QAEXXZ 1002c87d f   KNpcSet.obj
 0001:0002ba4c       ?GetAroundPlayerForTeamInvite@KNpcSet@@QAEHPAUKUiPlayerItem@@H@Z 1002ca4c f   KNpcSet.obj
 0001:0002bcc8       ?GetAroundPlayer@KNpcSet@@QAEHPAUKUiPlayerItem@@H@Z 1002ccc8 f   KNpcSet.obj
 0001:0002be49       ?SetShowNameFlag@KNpcSet@@QAEXH@Z 1002ce49 f   KNpcSet.obj
 0001:0002be88       ?CheckShowName@KNpcSet@@QAEHXZ 1002ce88 f   KNpcSet.obj
 0001:0002be9f       ?SetShowLifeFlag@KNpcSet@@QAEXH@Z 1002ce9f f   KNpcSet.obj
 0001:0002bede       ?CheckShowLife@KNpcSet@@QAEHXZ 1002cede f   KNpcSet.obj
 0001:0002bef5       ?SetShowChatFlag@KNpcSet@@QAEXH@Z 1002cef5 f   KNpcSet.obj
 0001:0002bf34       ?CheckShowChat@KNpcSet@@QAEHXZ 1002cf34 f   KNpcSet.obj
 0001:0002bf4b       ?SetShowManaFlag@KNpcSet@@QAEXH@Z 1002cf4b f   KNpcSet.obj
 0001:0002bf8a       ?CheckShowMana@KNpcSet@@QAEHXZ 1002cf8a f   KNpcSet.obj
 0001:0002bfa1       ?ClearActivateFlagOfAllNpc@KNpcSet@@QAEXXZ 1002cfa1 f   KNpcSet.obj
 0001:0002bff1       ?GetAroundOpenCaptain@KNpcSet@@QAEXH@Z 1002cff1 f   KNpcSet.obj
 0001:0002c201       ?SearchNpcAt@KNpcSet@@QAEHHHHH@Z 1002d201 f   KNpcSet.obj
 0001:0002c3b9       ?IsNpcRequestExist@KNpcSet@@QAEHK@Z 1002d3b9 f   KNpcSet.obj
 0001:0002c3db       ?InsertNpcRequest@KNpcSet@@QAEXK@Z 1002d3db f   KNpcSet.obj
 0001:0002c47f       ?RemoveNpcRequest@KNpcSet@@QAEXK@Z 1002d47f f   KNpcSet.obj
 0001:0002c514       ?GetRequestIndex@KNpcSet@@QAEHK@Z 1002d514 f   KNpcSet.obj
 0001:0002c56e       ?GetRelation@KNpcSet@@QAE?AW4NPC_RELATION@@HH@Z 1002d56e f   KNpcSet.obj
 0001:0002c8fc       ??0KInstantSpecial@@QAE@XZ 1002d8fc f   KNpcSet.obj
 0001:0002c982       ?LoadSprName@KInstantSpecial@@AAEXXZ 1002d982 f   KNpcSet.obj
 0001:0002ca5b       ?LoadSoundName@KInstantSpecial@@AAEXXZ 1002da5b f   KNpcSet.obj
 0001:0002cb8f       ?GetSprName@KInstantSpecial@@QAEXHPADH@Z 1002db8f f   KNpcSet.obj
 0001:0002cc1c       ?PlaySoundA@KInstantSpecial@@QAEXH@Z 1002dc1c f   KNpcSet.obj
 0001:0002cd00       ??1KNpcSet@@QAE@XZ         1002dd00 f i KNpcSet.obj
 0001:0002cd80       ?Clear@KSkillList@@QAEXXZ  1002dd80 f i KNpcSet.obj
 0001:0002cdb0       ?GetEnmityPKState@KPlayerPK@@QAEHXZ 1002ddb0 f i KNpcSet.obj
 0001:0002cdd0       ?GetEnmityPKAimNpcID@KPlayerPK@@QAEHXZ 1002ddd0 f i KNpcSet.obj
 0001:0002cdf0       ?GetExercisePKAim@KPlayerPK@@QAEHXZ 1002ddf0 f i KNpcSet.obj
 0001:0002ce10       ?InitNpcBaseData@KNpcTemplate@@QAEXH@Z 1002de10 f   KNpcTemplate.obj
 0001:0002d14c       ?InitNpcLevelData@KNpcTemplate@@QAEXPAVKTabFile@@HPAVKLuaScript@@H@Z 1002e14c f   KNpcTemplate.obj
 0001:0002d297       ?GetNpcLevelDataFromScript@KNpcTemplate@@SAHPAVKLuaScript@@PADH1@Z 1002e297 f   KNpcTemplate.obj
 0001:0002d347       ?GetNpcLevelDataFromScript@KNpcTemplate@@SAHPAVKLuaScript@@PADHNNN@Z 1002e347 f   KNpcTemplate.obj
 0001:0002d3e6       ?SkillString2Id@KNpcTemplate@@SAHPAD@Z 1002e3e6 f   KNpcTemplate.obj
 0001:0002d50c       ??0KPlayer@@QAE@XZ         1002e50c f   KPlayer.obj
 0001:0002d5c1       ??1KPlayer@@QAE@XZ         1002e5c1 f   KPlayer.obj
 0001:0002d62d       ?Release@KPlayer@@QAEXXZ   1002e62d f   KPlayer.obj
 0001:0002d7fb       ?SetPlayerIndex@KPlayer@@QAEXH@Z 1002e7fb f   KPlayer.obj
 0001:0002d823       ?GetPlayerIndex@KPlayer@@QAEHXZ 1002e823 f   KPlayer.obj
 0001:0002d834       ?Active@KPlayer@@QAEXXZ    1002e834 f   KPlayer.obj
 0001:0002d9e4       ?ProcessMsg@KPlayer@@QAEXPAVKWorldMsgNode@@@Z 1002e9e4 f   KPlayer.obj
 0001:0002d9fc       ?ProcessInputMsg@KPlayer@@QAEXIIJ@Z 1002e9fc f   KPlayer.obj
 0001:0002dc3f       ?OnButtonDown@KPlayer@@AAEXHHHW4MOUSE_BUTTON@@@Z 1002ec3f f   KPlayer.obj
 0001:0002dc94       ?OnButtonMove@KPlayer@@AAEXHHHW4MOUSE_BUTTON@@@Z 1002ec94 f   KPlayer.obj
 0001:0002dcc6       ?OnButtonUp@KPlayer@@AAEXHHW4MOUSE_BUTTON@@@Z 1002ecc6 f   KPlayer.obj
 0001:0002dce1       ?OnMouseMove@KPlayer@@AAEXHH@Z 1002ece1 f   KPlayer.obj
 0001:0002de31       ?ProcessMouse@KPlayer@@AAEXHHHW4MOUSE_BUTTON@@@Z 1002ee31 f   KPlayer.obj
 0001:0002e3d7       ?Walk@KPlayer@@QAEXHH@Z    1002f3d7 f   KPlayer.obj
 0001:0002e545       ?TurnLeft@KPlayer@@QAEXXZ  1002f545 f   KPlayer.obj
 0001:0002e5d0       ?TurnRight@KPlayer@@QAEXXZ 1002f5d0 f   KPlayer.obj
 0001:0002e65b       ?TurnBack@KPlayer@@QAEXXZ  1002f65b f   KPlayer.obj
 0001:0002e6f7       ?FindSelectNpc@KPlayer@@QAEXHHH@Z 1002f6f7 f   KPlayer.obj
 0001:0002e784       ?FindSelectObject@KPlayer@@QAEXHH@Z 1002f784 f   KPlayer.obj
 0001:0002e7cc       ?NetCommandPlayerTalk@KPlayer@@AAEHPAE@Z 1002f7cc f   KPlayer.obj
 0001:0002e7db       ?ConformIdx@KPlayer@@QAEHH@Z 1002f7db f   KPlayer.obj
 0001:0002e802       ?NewPlayerGetBaseAttribute@KPlayer@@QAEHH@Z 1002f802 f   KPlayer.obj
 0001:0002e910       ?CalcCurLucky@KPlayer@@AAEXXZ 1002f910 f   KPlayer.obj
 0001:0002e92d       ?ChangeCurStrength@KPlayer@@QAEXH@Z 1002f92d f   KPlayer.obj
 0001:0002e957       ?ChangeCurDexterity@KPlayer@@QAEXH@Z 1002f957 f   KPlayer.obj
 0001:0002e9e9       ?ChangeCurVitality@KPlayer@@QAEXH@Z 1002f9e9 f   KPlayer.obj
 0001:0002ea7d       ?ChangeCurEngergy@KPlayer@@QAEXH@Z 1002fa7d f   KPlayer.obj
 0001:0002ead8       ?AddBaseLucky@KPlayer@@QAEXH@Z 1002fad8 f   KPlayer.obj
 0001:0002eb02       ?SetNpcPhysicsDamage@KPlayer@@AAEXXZ 1002fb02 f   KPlayer.obj
 0001:0002ec09       ?SetNpcAttackRating@KPlayer@@AAEXXZ 1002fc09 f   KPlayer.obj
 0001:0002ec44       ?SetNpcDefence@KPlayer@@AAEXXZ 1002fc44 f   KPlayer.obj
 0001:0002ec81       ?AddExp@KPlayer@@QAEXHH@Z  1002fc81 f   KPlayer.obj
 0001:0002ec9e       ?AddSelfExp@KPlayer@@QAEXHH@Z 1002fc9e f   KPlayer.obj
 0001:0002edc4       ?DirectAddExp@KPlayer@@QAEXH@Z 1002fdc4 f   KPlayer.obj
 0001:0002ee3c       ?LevelUp@KPlayer@@QAEXXZ   1002fe3c f   KPlayer.obj
 0001:0002f2c8       ?UpdataCurData@KPlayer@@QAEXXZ 100302c8 f   KPlayer.obj
 0001:0002fb39       ?ReCalcEquip@KPlayer@@QAEXXZ 10030b39 f   KPlayer.obj
 0001:0002fbea       ?ReCalcState@KPlayer@@QAEXXZ 10030bea f   KPlayer.obj
 0001:0002fc23       ?AddLeadExp@KPlayer@@QAEXH@Z 10030c23 f   KPlayer.obj
 0001:0002fce2       ?LevelAddBaseLifeMax@KPlayer@@AAEXXZ 10030ce2 f   KPlayer.obj
 0001:0002fd56       ?LevelAddBaseStaminaMax@KPlayer@@AAEXXZ 10030d56 f   KPlayer.obj
 0001:0002fdca       ?LevelAddBaseManaMax@KPlayer@@AAEXXZ 10030dca f   KPlayer.obj
 0001:0002fe3e       ?ChangePlayerCamp@KPlayer@@QAEXH@Z 10030e3e f   KPlayer.obj
 0001:0002fe6e       ?ApplyTeamInfo@KPlayer@@QAEXK@Z 10030e6e f   KPlayer.obj
 0001:0002feb8       ?ApplySelfTeamInfo@KPlayer@@QAEXXZ 10030eb8 f   KPlayer.obj
 0001:0002fede       ?ApplyCreateTeam@KPlayer@@QAEHXZ 10030ede f   KPlayer.obj
 0001:0002fef7       ?ApplyTeamOpenClose@KPlayer@@QAEHH@Z 10030ef7 f   KPlayer.obj
 0001:0002ff94       ?ApplyAddTeam@KPlayer@@QAEXH@Z 10030f94 f   KPlayer.obj
 0001:000300b4       ?AcceptTeamMember@KPlayer@@QAEXK@Z 100310b4 f   KPlayer.obj
 0001:0003017a       ?TeamDropApplyOne@KPlayer@@QAEXK@Z 1003117a f   KPlayer.obj
 0001:0003020f       ?LeaveTeam@KPlayer@@QAEXXZ 1003120f f   KPlayer.obj
 0001:0003024a       ?TeamKickMember@KPlayer@@QAEXK@Z 1003124a f   KPlayer.obj
 0001:000302a7       ?ApplyTeamChangeCaptain@KPlayer@@QAEXK@Z 100312a7 f   KPlayer.obj
 0001:00030304       ?ApplyTeamDismiss@KPlayer@@QAEXXZ 10031304 f   KPlayer.obj
 0001:00030358       ?ApplySetPK@KPlayer@@QAEXH@Z 10031358 f   KPlayer.obj
 0001:0003039a       ?ApplyFactionData@KPlayer@@QAEXXZ 1003139a f   KPlayer.obj
 0001:000303d5       ?SendChat@KPlayer@@QAEXPAUKUiMsgParam@@PAD@Z 100313d5 f   KPlayer.obj
 0001:00030472       ?ApplyAddBaseAttribute@KPlayer@@QAEXHH@Z 10031472 f   KPlayer.obj
 0001:000304d9       ?ApplyAddSkillLevel@KPlayer@@QAEHHH@Z 100314d9 f   KPlayer.obj
 0001:00030580       ?ApplyUseItem@KPlayer@@QAEHHUItemPos@@@Z 10031580 f   KPlayer.obj
 0001:00030613       ?PickUpObj@KPlayer@@QAEXH@Z 10031613 f   KPlayer.obj
 0001:00030757       ?ObjMouseClick@KPlayer@@QAEXH@Z 10031757 f   KPlayer.obj
 0001:000307d8       ?MoveItem@KPlayer@@QAEXUItemPos@@0@Z 100317d8 f   KPlayer.obj
 0001:0003093e       ?ThrowAwayItem@KPlayer@@QAEHXZ 1003193e f   KPlayer.obj
 0001:000309a1       ?ChatAddFriend@KPlayer@@QAEXH@Z 100319a1 f   KPlayer.obj
 0001:000309e3       ?ChatRefuseFriend@KPlayer@@QAEXH@Z 100319e3 f   KPlayer.obj
 0001:00030a25       ?TradeApplyOpen@KPlayer@@QAEXPADH@Z 10031a25 f   KPlayer.obj
 0001:00030b30       ?TradeApplyClose@KPlayer@@QAEXXZ 10031b30 f   KPlayer.obj
 0001:00030b6b       ?TradeApplyStart@KPlayer@@QAEXH@Z 10031b6b f   KPlayer.obj
 0001:00030c0f       ?TradeMoveMoney@KPlayer@@QAEHH@Z 10031c0f f   KPlayer.obj
 0001:00030c90       ?TradeDecision@KPlayer@@QAEXH@Z 10031c90 f   KPlayer.obj
 0001:00030cfd       ?TradeApplyLock@KPlayer@@QAEXH@Z 10031cfd f   KPlayer.obj
 0001:00030d58       ?s2cApplyAddTeam@KPlayer@@QAEXPAE@Z 10031d58 f   KPlayer.obj
 0001:00030fbd       ?SetDefaultImmedSkill@KPlayer@@QAEXXZ 10031fbd f   KPlayer.obj
 0001:0003106f       ?SetLeftSkill@KPlayer@@QAEXH@Z 1003206f f   KPlayer.obj
 0001:000310c6       ?SetRightSkill@KPlayer@@QAEXH@Z 100320c6 f   KPlayer.obj
 0001:00031182       ?UpdateWeaponSkill@KPlayer@@QAEXXZ 10032182 f   KPlayer.obj
 0001:0003123c       ?SetChatCurChannel@KPlayer@@QAEXH@Z 1003223c f   KPlayer.obj
 0001:0003125f       ?TeamInviteAdd@KPlayer@@QAEXK@Z 1003225f f   KPlayer.obj
 0001:0003127e       ?ExecuteScript@KPlayer@@QAEHPAD0H@Z 1003227e f   KPlayer.obj
 0001:000312cd       ?ExecuteScript@KPlayer@@QAEHKPADH@Z 100322cd f   KPlayer.obj
 0001:000314be       ?ExecuteScript@KPlayer@@QAEHKPAD0@Z 100324be f   KPlayer.obj
 0001:000316ea       ?ExecuteScript@KPlayer@@QAEHPAD00@Z 100326ea f   KPlayer.obj
 0001:00031741       ?DoScript@KPlayer@@QAEHPAD@Z 10032741 f   KPlayer.obj
 0001:00031915       ?DoScriptAction@KPlayer@@QAEXPAUPLAYER_SCRIPTACTION_SYNC@@@Z 10032915 f   KPlayer.obj
 0001:00031945       ?ProcessPlayerSelectFromUI@KPlayer@@QAEXPAE@Z 10032945 f   KPlayer.obj
 0001:000319e2       ?OnSelectFromUI@KPlayer@@QAEXPAUPLAYER_SELECTUI_COMMAND@@W4UIInfo@@@Z 100329e2 f   KPlayer.obj
 0001:00031aa2       ?ChatFriendOnLine@KPlayer@@QAEXKH@Z 10032aa2 f   KPlayer.obj
 0001:00031bae       ?GetFactionName@KPlayer@@QAEXPADH@Z 10032bae f   KPlayer.obj
 0001:00031bcd       ?OnScriptAction@KPlayer@@QAEXPAUPLAYER_SCRIPTACTION_SYNC@@@Z 10032bcd f   KPlayer.obj
 0001:00032ba7       ?s2cTradeChangeState@KPlayer@@QAEXPAE@Z 10033ba7 f   KPlayer.obj
 0001:00033050       ?s2cLevelUp@KPlayer@@QAEXPAE@Z 10034050 f   KPlayer.obj
 0001:000338b0       ?s2cGetCurAttribute@KPlayer@@QAEXPAE@Z 100348b0 f   KPlayer.obj
 0001:00033a9b       ?s2cSetExp@KPlayer@@QAEXH@Z 10034a9b f   KPlayer.obj
 0001:00033b6d       ?s2cSyncMoney@KPlayer@@QAEXPAE@Z 10034b6d f   KPlayer.obj
 0001:00033ca2       ?s2cSyncXu@KPlayer@@QAEXPAE@Z 10034ca2 f   KPlayer.obj
 0001:00033d22       ?s2cTradeApplyStart@KPlayer@@QAEXPAE@Z 10034d22 f   KPlayer.obj
 0001:00033dd8       ?s2cTradeMoneySync@KPlayer@@QAEXPAE@Z 10034dd8 f   KPlayer.obj
 0001:00033e21       ?s2cTradeDecision@KPlayer@@QAEXPAE@Z 10034e21 f   KPlayer.obj
 0001:0003400f       ?SyncCurPlayer@KPlayer@@QAEXPAE@Z 1003500f f   KPlayer.obj
 0001:000344eb       ?CheckTrading@KPlayer@@QAEHXZ 100354eb f   KPlayer.obj
 0001:00034507       ?SetFirstDamage@KPlayer@@QAEXXZ 10035507 f   KPlayer.obj
 0001:000347bd       ?SetBaseAttackRating@KPlayer@@QAEXXZ 100357bd f   KPlayer.obj
 0001:000347ea       ?SetBaseDefence@KPlayer@@QAEXXZ 100357ea f   KPlayer.obj
 0001:00034813       ?SetBaseResistData@KPlayer@@QAEXXZ 10035813 f   KPlayer.obj
 0001:000349d6       ?SetBaseSpeedAndRadius@KPlayer@@QAEXXZ 100359d6 f   KPlayer.obj
 0001:00034a65       ?DialogNpc@KPlayer@@QAEXH@Z 10035a65 f   KPlayer.obj
 0001:00034b07       ?CheckObject@KPlayer@@QAEXH@Z 10035b07 f   KPlayer.obj
 0001:00034bb8       ?DrawSelectInfo@KPlayer@@QAEXXZ 10035bb8 f   KPlayer.obj
 0001:00034cd9       ?GetEchoDamage@KPlayer@@QAEXPAH0H@Z 10035cd9 f   KPlayer.obj
 0001:0003530f       ?SetNpcDamageAttrib@KPlayer@@QAEXXZ 1003630f f   KPlayer.obj
 0001:00035330       ??0KPlayerChat@@QAE@XZ     10036330 f i KPlayer.obj
 0001:000353a0       ??1KPlayerChat@@QAE@XZ     100363a0 f i KPlayer.obj
 0001:00035410       ??1CChatFriendTeam@@QAE@XZ 10036410 f i KPlayer.obj
 0001:00035430       ?IsCanInput@KNpc@@QAEHXZ   10036430 f i KPlayer.obj
 0001:00035450       ?GetAddPoint@KSkillList@@QAEHH@Z 10036450 f i KPlayer.obj
 0001:00035480       ?GetDetailType@KItem@@QBEHXZ 10036480 f i KPlayer.obj
 0001:000354a0       ?GetGenre@KItem@@QBEHXZ    100364a0 f i KPlayer.obj
 0001:000354b0       ??_GKLuaScript@@UAEPAXI@Z  100364b0 f i KPlayer.obj
 0001:000354b0       ??_EKLuaScript@@UAEPAXI@Z  100364b0 f i KPlayer.obj
 0001:000354e0       ?GetNpcRes@KNpc@@QAEPAVKNpcRes@@XZ 100364e0 f i KPlayer.obj
 0001:00035500       ?Clear@BuySellInfo@@QAEXXZ 10036500 f i KPlayer.obj
 0001:00035540       ?GetDamageAttribs@KSkill@@QAEPAUKMagicAttrib@@XZ 10036540 f i KPlayer.obj
 0001:00035560       ?Release@KPlayerChat@@QAEXXZ 10036560 f   KPlayerChat.obj
 0001:00035657       ?CheckExist@KPlayerChat@@QAEHK@Z 10036657 f   KPlayerChat.obj
 0001:000356d4       ?CheckExist@KPlayerChat@@QAEHPAD@Z 100366d4 f   KPlayerChat.obj
 0001:00035771       ?GetFriendNode@KPlayerChat@@QAEPAVCChatFriend@@K@Z 10036771 f   KPlayerChat.obj
 0001:000357ec       ?GetTeamNo@KPlayerChat@@QAEHK@Z 100367ec f   KPlayerChat.obj
 0001:00035885       ?GetName@KPlayerChat@@QAEHKPAD@Z 10036885 f   KPlayerChat.obj
 0001:00035923       ?SetCurChannel@KPlayerChat@@QAEXHKH@Z 10036923 f   KPlayerChat.obj
 0001:000359c5       ?AddChannel@KPlayerChat@@QAEXH@Z 100369c5 f   KPlayerChat.obj
 0001:00035a4b       ?SubChannel@KPlayerChat@@QAEXH@Z 10036a4b f   KPlayerChat.obj
 0001:00035ac3       ?SendTakeChannel@KPlayerChat@@QAEXXZ 10036ac3 f   KPlayerChat.obj
 0001:00035b09       ?SendSentence@KPlayerChat@@QAEXPAUKUiMsgParam@@PAD@Z 10036b09 f   KPlayerChat.obj
 0001:00035d17       ?QQSendSentence@KPlayerChat@@QAEXKHPAUKUiMsgParam@@PAD@Z 10036d17 f   KPlayerChat.obj
 0001:00035ea1       ?SetTakeChannel@KPlayerChat@@QAEXK@Z 10036ea1 f   KPlayerChat.obj
 0001:00035ecc       ?GetChat@KPlayerChat@@QAEXPAUPLAYER_SEND_CHAT_DATA_SYNC@@@Z 10036ecc f   KPlayerChat.obj
 0001:00036782       ?ApplyAddFriend@KPlayerChat@@QAEXKPAD@Z 10037782 f   KPlayerChat.obj
 0001:000368cc       ?GetApplyOneInfo@KPlayerChat@@QAEHPAHPAD1@Z 100378cc f   KPlayerChat.obj
 0001:0003698f       ?SaveTeamInfo@KPlayerChat@@QAEXPAD@Z 1003798f f   KPlayerChat.obj
 0001:00036c1e       ?SaveTakeChannelInfo@KPlayerChat@@QAEXPAD@Z 10037c1e f   KPlayerChat.obj
 0001:00036d21       ?LoadTakeChannelInfo@KPlayerChat@@QAEXPAD@Z 10037d21 f   KPlayerChat.obj
 0001:00036eb6       ?CheckTeamNo@KPlayerChat@@QAEHPAD0@Z 10037eb6 f   KPlayerChat.obj
 0001:000371ab       ?LoadTeamName@KPlayerChat@@QAEXPAD@Z 100381ab f   KPlayerChat.obj
 0001:00037395       ?AddOne@KPlayerChat@@QAEXKHPADH@Z 10038395 f   KPlayerChat.obj
 0001:0003749c       ?CheckIsFriend@KPlayerChat@@QAEHH@Z 1003849c f   KPlayerChat.obj
 0001:00037519       ?AddTeam@KPlayerChat@@QAEHPAD0@Z 10038519 f   KPlayerChat.obj
 0001:000376df       ?RenameTeam@KPlayerChat@@QAEHHPAD0@Z 100386df f   KPlayerChat.obj
 0001:00037836       ?DeleteTeam@KPlayerChat@@QAEHHPAD@Z 10038836 f   KPlayerChat.obj
 0001:00037996       ?OneFriendChangeTeam@KPlayerChat@@QAEHKHH@Z 10038996 f   KPlayerChat.obj
 0001:00037ab3       ?GetMsgOffLine@KPlayerChat@@QAEXK@Z 10038ab3 f   KPlayerChat.obj
 0001:00037ba1       ?CheckTakeChannel@KPlayerChat@@QAEHH@Z 10038ba1 f   KPlayerChat.obj
 0001:00037bd1       ?ApplyDeleteFriend@KPlayerChat@@QAEXKHPAD@Z 10038bd1 f   KPlayerChat.obj
 0001:00037ced       ?CheckTalkChannel@KPlayerChat@@QAEHH@Z 10038ced f   KPlayerChat.obj
 0001:00037d1d       ?SendSelectChannelList@KPlayerChat@@QAEHPAUKUiChatChannel@@H@Z 10038d1d f   KPlayerChat.obj
 0001:00037f8f       ?SendTakeChannelList@KPlayerChat@@QAEHPAUKUiChatChannel@@H@Z 10038f8f f   KPlayerChat.obj
 0001:000381f6       ?GetCurChannel@KPlayerChat@@QAEHPAUKUiChatChannel@@@Z 100391f6 f   KPlayerChat.obj
 0001:0003837d       ?IGetTeamInfo@KPlayerChat@@QAEHHPAUKUiChatGroupInfo@@@Z 1003937d f   KPlayerChat.obj
 0001:0003840c       ?IGetTeamFriendInfo@KPlayerChat@@QAEHHPAUKUiPlayerItem@@@Z 1003940c f   KPlayerChat.obj
 0001:0003851d       ??0CChatFriendTeam@@QAE@XZ 1003951d f   KPlayerChat.obj
 0001:00038552       ?Release@CChatFriendTeam@@QAEXXZ 10039552 f   KPlayerChat.obj
 0001:000385db       ?SetTime@KCHAT_RECORDER@@AAEXXZ 100395db f   KPlayerChat.obj
 0001:00038653       ?SaveSentenceSingle@KCHAT_RECORDER@@QAEXPAD000@Z 10039653 f   KPlayerChat.obj
 0001:00038687       ?SaveSentenceChannel@KCHAT_RECORDER@@QAEXPAD00@Z 10039687 f   KPlayerChat.obj
 0001:000386c0       ??0PLAYER_SEND_CHAT_DATA_COMMAND@@QAE@XZ 100396c0 f i KPlayerChat.obj
 0001:000386f0       ?IsEmpty@KList@@QAEHXZ     100396f0 f i KPlayerChat.obj
 0001:00038710       ??0CChatFriend@@QAE@XZ     10039710 f i KPlayerChat.obj
 0001:00038770       ?Release@CChatFriend@@QAEXXZ 10039770 f i KPlayerChat.obj
 0001:000387a0       ??_ECChatFriend@@UAEPAXI@Z 100397a0 f i KPlayerChat.obj
 0001:000387a0       ??_GCChatFriend@@UAEPAXI@Z 100397a0 f i KPlayerChat.obj
 0001:000387d0       ??1CChatFriend@@UAE@XZ     100397d0 f i KPlayerChat.obj
 0001:000387f0       ??0KPlayerFaction@@QAE@XZ  100397f0 f   KPlayerFaction.obj
 0001:00038806       ?Release@KPlayerFaction@@QAEXXZ 10039806 f   KPlayerFaction.obj
 0001:0003882e       ?SetSeries@KPlayerFaction@@QAEXH@Z 1003982e f   KPlayerFaction.obj
 0001:0003883b       ?AddFaction@KPlayerFaction@@QAEHHPAD@Z 1003983b f   KPlayerFaction.obj
 0001:00038879       ?AddFaction@KPlayerFaction@@QAEHHH@Z 10039879 f   KPlayerFaction.obj
 0001:000388ea       ?LeaveFaction@KPlayerFaction@@QAEXXZ 100398ea f   KPlayerFaction.obj
 0001:000388fe       ?OpenCurSkillLevel@KPlayerFaction@@QAEHHPAVKSkillList@@@Z 100398fe f   KPlayerFaction.obj
 0001:00038910       ?GetGurFactionCamp@KPlayerFaction@@QAEHXZ 10039910 f   KPlayerFaction.obj
 0001:0003895f       ?GetCurFactionNo@KPlayerFaction@@QAEHXZ 1003995f f   KPlayerFaction.obj
 0001:0003896f       ?GetCurFactionName@KPlayerFaction@@QAEXPAD@Z 1003996f f   KPlayerFaction.obj
 0001:000389d0       ?SetFuYuanValue@KPlayerFuYuan@@QAEXH@Z 100399d0 f   KPlayerFuYuan.obj
 0001:00038a0f       ?AddFuYuanValue@KPlayerFuYuan@@QAEXH@Z 10039a0f f   KPlayerFuYuan.obj
 0001:00038a50       ??0KPlayerMenuState@@QAE@XZ 10039a50 f   KPlayerMenuState.obj
 0001:00038a66       ?Release@KPlayerMenuState@@QAEXXZ 10039a66 f   KPlayerMenuState.obj
 0001:00038ab1       ?SetState@KPlayerMenuState@@QAEXH@Z 10039ab1 f   KPlayerMenuState.obj
 0001:00038ad4       ?Init@KPlayerMenuStateGraph@@QAEHXZ 10039ad4 f   KPlayerMenuState.obj
 0001:00038b9d       ?GetStateSpr@KPlayerMenuStateGraph@@QAEXHPAD@Z 10039b9d f   KPlayerMenuState.obj
 0001:00038be0       ?Init@KPlayerPK@@QAEXXZ    10039be0 f   KPlayerPK.obj
 0001:00038c2b       ?Active@KPlayerPK@@QAEXXZ  10039c2b f   KPlayerPK.obj
 0001:00038c3e       ?SetNormalPKState@KPlayerPK@@QAEXHH@Z 10039c3e f   KPlayerPK.obj
 0001:00038ce0       ?ApplySetNormalPKState@KPlayerPK@@QAEXE@Z 10039ce0 f   KPlayerPK.obj
 0001:00038d22       ?GetNormalPKState@KPlayerPK@@QAEHXZ 10039d22 f   KPlayerPK.obj
 0001:00038d32       ?ApplyEnmityPK@KPlayerPK@@QAEXPAD@Z 10039d32 f   KPlayerPK.obj
 0001:00038d84       ?ApplyEnmityPK@KPlayerPK@@QAEXH@Z 10039d84 f   KPlayerPK.obj
 0001:00038e8f       ?SetEnmityPKState@KPlayerPK@@QAEXHHPAD@Z 10039e8f f   KPlayerPK.obj
 0001:0003906f       ?EnmityPKCountDown@KPlayerPK@@QAEXXZ 1003a06f f   KPlayerPK.obj
 0001:000390a5       ?SetExercisePKState@KPlayerPK@@QAEXHHPAD@Z 1003a0a5 f   KPlayerPK.obj
 0001:00039116       ?SetPKValue@KPlayerPK@@QAEXH@Z 1003a116 f   KPlayerPK.obj
 0001:000391a0       ?SetReBornValue@KPlayerReBorn@@QAEXH@Z 1003a1a0 f   KPlayerReBorn.obj
 0001:000391df       ?AddReBornValue@KPlayerReBorn@@QAEXH@Z 1003a1df f   KPlayerReBorn.obj
 0001:00039220       ?SetReputeValue@KPlayerRepute@@QAEXH@Z 1003a220 f   KPlayerRepute.obj
 0001:0003925f       ?AddReputeValue@KPlayerRepute@@QAEXH@Z 1003a25f f   KPlayerRepute.obj
 0001:000392df       ??0KPlayerSet@@QAE@XZ      1003a2df f   KPlayerSet.obj
[...]
 0003:000036b8       ?g_dwChannelOr@@3PAKA      1008e6b8     KPlayerChat.obj
 0003:000036dc       ?g_dwChannelAnd@@3PAKA     1008e6dc     KPlayerChat.obj
 0003:00004004       ?TABFILE_EQUIPMENT@@3PAPADA 1008f004     KBasPropTbl.obj
 0003:00005438       ?g_nEquipPower@@3PAHA      10090438     KItemList.obj
 0003:00005468       ?ms_ActiveEquip@KItemList@@0PAY01HA 10090468     KItemList.obj
 0003:000054c8       ?ms_ActivedEquip@KItemList@@0PAY01HA 100904c8     KItemList.obj
 0003:00005868       ?g_szObjKind@@3PAY0CA@DA   10090868     KObjSet.obj
 0003:000059c8       ?g_dwObjKindNum@@3PAKA     100909c8     KObjSet.obj
 0003:00006004       ?g_nSinBuffer@@3PAHA       10091004     KMath.obj
 0003:00006104       ?g_nCosBuffer@@3PAHA       10091104     KMath.obj
 0003:00006204       ?g_InternalDirSinCosCodeBuffer@@3PAEA 10091204     KMath.obj
 0003:00006228       ?g_InternalIsAccrueConquerCodeBuffer@@3PAEA 10091228     KMath.obj
 0003:00006254       ?g_nSin@@3PAHA             10091254     KMath.obj
 0003:00006258       ?g_nCos@@3PAHA             10091258     KMath.obj
 0003:0000625c       ?g_InternalDirSinCosCode@@3PAEA 1009125c     KMath.obj
 0003:00006260       ?g_InternalIsAccrueConquerCode@@3PAEA 10091260     KMath.obj
 0003:00006264       ?g_nProtocolSize@@3PAHA    10091264     KProtocol.obj
 0003:00006fd8       ?GameScriptFuns@@3PAUTLua_Funcs@@A 10091fd8     ScriptFuns.obj
 0003:00007090       ?WorldScriptFuns@@3PAUTLua_Funcs@@A 10092090     ScriptFuns.obj
 0003:0000785c       ?m_BranchFlag@KIpotBranch@@0PAIA 1009285c     KIpotBranch.obj
 0003:00007870       ?m_RangePosTable@KScenePlaceC@@0PAUtagPOINT@@A 10092870     KScenePlaceC.obj
 0003:000079f8       ?m_PRIIdxTable@KScenePlaceC@@0PAHA 100929f8     KScenePlaceC.obj
 0003:00008118       ?Missle@@3PAVKMissle@@A    10093118     KMissle.obj
 0003:0016ef48       ?g_MisslesLib@@3PAVKMissle@@A 101f9f48     KMissle.obj
 0003:002d5d78       ?g_nRandMissleTab@@3PAHA   10360d78     KMissle.obj
 0003:002d5f28       ?MissleSet@@3VKMissleSet@@A 10360f28     KMissleSet.obj
 0003:002d5f40       ?g_SkillManager@@3VKSkillManager@@A 10360f40     KSkillManager.obj
 0003:0035ac40       ?g_ulSkillCount@@3KA       103e5c40     KSkillManager.obj
 0003:0035ac68       ?SpecialMovieList@@3VKList@@A 103e5c68     KSkillSpecial.obj
 0003:0035ac80       ?g_Faction@@3VKFaction@@A  103e5c80     KFaction.obj
 0003:0035af78       ?g_pNpcTemplate@@3PAY0MI@PAVKNpcTemplate@@A 103e5f78     KNpc.obj
 0003:0072b878       ?Npc@@3PAVKNpc@@A          107b6878     KNpc.obj
 0003:00f5f890       ?NpcAI@@3VKNpcAI@@A        10fea890     KNpcAI.obj
 0003:00f5f898       ?g_NpcAttribModify@@3VKNpcAttribModify@@A 10fea898     KNpcAttribModify.obj
 0003:00f5fc28       ?g_NpcResList@@3VKNpcResList@@A 10feac28     KNpcResList.obj
 0003:00f72140       ?NpcSet@@3VKNpcSet@@A      10ffd140     KNpcSet.obj
 0003:00f73cc0       ?g_nLastNetMsgLoop@@3HA    10ffecc0     KPlayer.obj
 0003:00f73cc8       ?Player@@3PAVKPlayer@@A    10ffecc8     KPlayer.obj
 0003:00f908f8       ?PlayerSet@@3VKPlayerSet@@A 1101b8f8     KPlayerSet.obj
 0003:00f91178       ?g_Team@@3PAVKTeam@@A      1101c178     KPlayerTeam.obj
 0003:00f91420       ?BuySell@@3VKBuySell@@A    1101c420     KBuySell.obj
 0003:00f91438       ?Item@@3PAVKItem@@A        1101c438     KItem.obj
 0003:01032c68       ?g_ItemChangeRes@@3VKItemChangeRes@@A 110bdc68     KItemChangeRes.obj
 0003:01032d10       ?ItemGen@@3VKItemGenerator@@A 110bdd10     KItemGenerator.obj
 0003:01038610       ?ItemSet@@3VKItemSet@@A    110c3610     KItemSet.obj
 0003:010386c0       ?Object@@3PAVKObj@@A       110c36c0     KObj.obj
 0003:010746c8       ?ObjSet@@3VKObjSet@@A      110ff6c8     KObjSet.obj
 0003:01074768       ?g_cSellItem@@3VKSellItem@@A 110ff768     KSellItem.obj
 0003:01074e28       ?g_cViewItem@@3VKViewItem@@A 110ffe28     KViewItem.obj
 0003:01074f40       ?g_WorldScript@@3VKLuaScript@@A 110fff40     KCore.obj
 0003:01074fb4       ?g_bDebugScript@@3HA       110fffb4     KCore.obj
 0003:01074fb8       ?g_SoundCache@@3VKSoundCache@@A 110fffb8     KCore.obj
 0003:01074fdc       ?g_nHandSkill@@3HA         110fffdc     KCore.obj
 0003:01074fe0       ?g_nRangeWeaponSkill@@3PAHA 110fffe0     KCore.obj
 0003:01075170       ?g_nMeleeWeaponSkill@@3PAHA 11100170     KCore.obj
 0003:01075300       ?g_NpcKindFile@@3VKTabFile@@A 11100300     KCore.obj
 0003:01075320       ?g_NpcSetting@@3VKTabFile@@A 11100320     KCore.obj
 0003:01075340       ?g_SkillLevelSetting@@3VKTabFile@@A 11100340     KCore.obj
 0003:01075360       ?g_MisslesSetting@@3VKTabFile@@A 11100360     KCore.obj
 0003:01075380       ?g_OrdinSkillsSetting@@3VKTabFile@@A 11100380     KCore.obj
 0003:0107539c       ?g_bPingReply@@3HA         1110039c     KCore.obj
 0003:010753a0       ?g_pClient@@3PAUIClient@@A 111003a0     KCore.obj
 0003:010753a8       ?g_RankTabSetting@@3VKTabFile@@A 111003a8     KCore.obj
 0003:010753c8       ?g_ClientWeaponSkillTabFile@@3VKTabFile@@A 111003c8     KCore.obj
 0003:010753e4       ?g_pAdjustColorTab@@3PAIA  111003e4     KCore.obj
 0003:010753e8       ?g_ulAdjustColorCount@@3IA 111003e8     KCore.obj
 0003:010753ec       ?g_bUISelIntelActiveWithServer@@3HA 111003ec     KCore.obj
 0003:010753f0       ?g_bUISpeakActiveWithServer@@3HA 111003f0     KCore.obj
 0003:010753f4       ?g_bUISelLastSelCount@@3HA 111003f4     KCore.obj
 0003:010753f8       ?g_pMusic@@3PAVKMusic@@A   111003f8     KCore.obj
 0003:010753fc       ?g_pNpcLevelScript@@3PAVKLuaScript@@A 111003fc     KCore.obj
 0003:01075400       ?SubWorld@@3PAVKSubWorld@@A 11100400     KSubWorld.obj
 0003:010754e0       ?nActiveRegionCount@@3HA   111004e0     KSubWorldSet.obj
 0003:010754e8       ?g_SubWorldSet@@3VKSubWorldSet@@A 111004e8     KSubWorldSet.obj
 0003:01081610       ?g_nConquerSeries@@3PAHA   1110c610     KMath.obj
 0003:01081624       ?g_nAccrueSeries@@3PAHA    1110c624     KMath.obj
 0003:01081638       ?g_ProtocolProcess@@3VKProtocolProcess@@A 1110c638     KProtocolProcess.obj
 0003:01081a30       ?g_TempValue@@3PAHA        1110ca30     ScriptFuns.obj
 0003:01082200       ?g_StoryScriptList@@3VKScriptList@@A 1110d200     ScriptFuns.obj
 0003:01082218       ?g_ScriptValueSet@@3VKScriptValueSet@@A 1110d218     KScriptValueSet.obj
 0003:01082260       ?g_szCurScriptDir@@3PADA   1110d260     KSortScript.obj
 0003:01082364       ?nCurrentScriptNum@@3IA    1110d364     KSortScript.obj
 0003:01082368       ?g_ScriptBinTree@@3V?$BinSTree@VKSortScriptNode@@@@A 1110d368     KSortScript.obj
 0003:01082378       ?g_ScriptSet@@3PAVKLuaScript@@A 1110d378     KSortScript.obj
 0003:010825c4       ?l_pDataChangedNotifyFunc@@3PAUIClientCallback@@A 1110d5c4     CoreShell.obj
 0003:010825d8       ?g_ScenePlace@@3VKScenePlaceC@@A 1110d5d8     KScenePlaceC.obj
 0003:010ec9c4       ?g_pRepresent@@3PAUiRepresentShell@@A 111779c4     ImgRef.obj
 0003:010ec9c8       ?l_Time@@3IA               111779c8     ImgRef.obj
 0003:010ec9d0       ?g_MagicDesc@@3VKMagicDesc@@A 111779d0     KMagicDesc.obj
 0003:010ecab0       ?g_StringResourseTabFile@@3VKTabFile@@A 11177ab0     KTaskFuns.obj
 0003:010ecad0       ?Option@@3VKOption@@A      11177ad0     KOption.obj
 0003:010ecae0       ?Ladder@@3VKLadder@@A      11177ae0     KLadder.obj
 0003:010eefb8       __adjust_fdiv              11179fb8     <common>
 0003:010eefbc       __pRawDllMain              11179fbc     <common>
 0003:010eefc0       ___onexitend               11179fc0     <common>
 0003:010eefc4       ___onexitbegin             11179fc4     <common>

 entry point at        0001:0007d633

 Static symbols

 0001:0007cda0       _$E6                       1007dda0 f   KLadder.obj
 0001:0007cdaf       _$E3                       1007ddaf f   KLadder.obj
 0001:0007cdbe       _$E5                       1007ddbe f   KLadder.obj
 0001:0007cdd0       _$E4                       1007ddd0 f   KLadder.obj
 0001:0007b7f0       _$E9                       1007c7f0 f   KTaskFuns.obj
 0001:0007b7ff       _$E6                       1007c7ff f   KTaskFuns.obj
 0001:0007b80f       _$E8                       1007c80f f   KTaskFuns.obj
 0001:0007b821       _$E7                       1007c821 f   KTaskFuns.obj
 0001:0007abd0       _$E6                       1007bbd0 f   KMagicDesc.obj
 0001:0007abdf       _$E3                       1007bbdf f   KMagicDesc.obj
 0001:0007abee       _$E5                       1007bbee f   KMagicDesc.obj
 0001:0007ac00       _$E4                       1007bc00 f   KMagicDesc.obj
 0001:0007805b       _$E4                       1007905b f   SceneMath.obj
 0001:00078065       _$E3                       10079065 f   SceneMath.obj
 0001:0006f580       _$E12                      10070580 f   KScenePlaceC.obj
 0001:0006f58f       _$E9                       1007058f f   KScenePlaceC.obj
 0001:0006f59e       _$E11                      1007059e f   KScenePlaceC.obj
 0001:0006f5b0       _$E10                      100705b0 f   KScenePlaceC.obj
 0001:00063490       _$E12                      10064490 f   CoreShell.obj
 0001:0006349a       _$E11                      1006449a f   CoreShell.obj
 0001:00062890       _$E6                       10063890 f   KSortScript.obj
 0001:0006289f       _$E3                       1006389f f   KSortScript.obj
 0001:000628bf       _$E5                       100638bf f   KSortScript.obj
 0001:000628d1       _$E4                       100638d1 f   KSortScript.obj
 0001:000628ea       _$E11                      100638ea f   KSortScript.obj
 0001:000628f9       _$E8                       100638f9 f   KSortScript.obj
 0001:00062908       _$E10                      10063908 f   KSortScript.obj
 0001:0006291a       _$E9                       1006391a f   KSortScript.obj
 0001:00062997       ?LoadAllScript@@YAKPAD@Z   10063997 f   KSortScript.obj
 0001:00062cb7       ?LoadScriptToSortList@@YAHPAD@Z 10063cb7 f   KSortScript.obj
 0001:00062de6       ?LoadScriptToSortListA@@YAHPAD@Z 10063de6 f   KSortScript.obj
 0001:00062030       _$E6                       10063030 f   KScriptValueSet.obj
 0001:0006203f       _$E3                       1006303f f   KScriptValueSet.obj
 0001:0006204e       _$E5                       1006304e f   KScriptValueSet.obj
 0001:00062060       _$E4                       10063060 f   KScriptValueSet.obj
 0001:0005fdb0       _$E9                       10060db0 f   ScriptFuns.obj
 0001:0005fdbf       _$E6                       10060dbf f   ScriptFuns.obj
 0001:0005fdcf       _$E8                       10060dcf f   ScriptFuns.obj
 0001:0005fde1       _$E7                       10060de1 f   ScriptFuns.obj
 0001:00058b30       _$E14                      10059b30 f   KProtocolProcess.obj
 0001:00058b3f       _$E11                      10059b3f f   KProtocolProcess.obj
 0001:00058b4e       _$E13                      10059b4e f   KProtocolProcess.obj
 0001:00058b60       _$E12                      10059b60 f   KProtocolProcess.obj
 0001:0005eb20       ?sParseUGName@@YAHABV?$basic_string@DU?$char_traits@D@std@@V?$allocator@D@2@@std@@PAV12@1@Z 1005fb20 f   KProtocolProcess.obj
 0001:00055ec0       _$E8                       10056ec0 f   KSubWorldSet.obj
 0001:00055ecf       _$E5                       10056ecf f   KSubWorldSet.obj
 0001:00055ede       _$E7                       10056ede f   KSubWorldSet.obj
 0001:00055ef0       _$E6                       10056ef0 f   KSubWorldSet.obj
 0001:00053030       _$E14                      10054030 f   KSubWorld.obj
 0001:0005303f       _$E11                      1005403f f   KSubWorld.obj
 0001:0005305f       _$E13                      1005405f f   KSubWorld.obj
 0001:00053071       _$E12                      10054071 f   KSubWorld.obj
 0001:00052430       _$E7                       10053430 f   KCore.obj
 0001:0005243f       _$E4                       1005343f f   KCore.obj
 0001:0005244f       _$E6                       1005344f f   KCore.obj
 0001:00052461       _$E5                       10053461 f   KCore.obj
 0001:00052471       _$E18                      10053471 f   KCore.obj
 0001:00052480       _$E15                      10053480 f   KCore.obj
 0001:00052490       _$E17                      10053490 f   KCore.obj
 0001:000524a2       _$E16                      100534a2 f   KCore.obj
 0001:000524b2       _$E23                      100534b2 f   KCore.obj
 0001:000524c1       _$E20                      100534c1 f   KCore.obj
 0001:000524dc       _$E22                      100534dc f   KCore.obj
 0001:000524ee       _$E21                      100534ee f   KCore.obj
 0001:00052509       _$E28                      10053509 f   KCore.obj
 0001:00052518       _$E25                      10053518 f   KCore.obj
 0001:00052528       _$E27                      10053528 f   KCore.obj
 0001:0005253a       _$E26                      1005353a f   KCore.obj
 0001:0005254a       _$E33                      1005354a f   KCore.obj
 0001:00052559       _$E30                      10053559 f   KCore.obj
 0001:00052569       _$E32                      10053569 f   KCore.obj
 0001:0005257b       _$E31                      1005357b f   KCore.obj
 0001:0005258b       _$E38                      1005358b f   KCore.obj
 0001:0005259a       _$E35                      1005359a f   KCore.obj
 0001:000525aa       _$E37                      100535aa f   KCore.obj
 0001:000525bc       _$E36                      100535bc f   KCore.obj
 0001:000525cc       _$E43                      100535cc f   KCore.obj
 0001:000525db       _$E40                      100535db f   KCore.obj
 0001:000525eb       _$E42                      100535eb f   KCore.obj
 0001:000525fd       _$E41                      100535fd f   KCore.obj
 0001:0005260d       _$E48                      1005360d f   KCore.obj
 0001:0005261c       _$E45                      1005361c f   KCore.obj
 0001:0005262c       _$E47                      1005362c f   KCore.obj
 0001:0005263e       _$E46                      1005363e f   KCore.obj
 0001:00052060       _$E4                       10053060 f   KViewItem.obj
 0001:0005206a       _$E3                       1005306a f   KViewItem.obj
 0001:000518e0       _$E4                       100528e0 f   KSellItem.obj
 0001:000518ea       _$E3                       100528ea f   KSellItem.obj
 0001:00050200       _$E12                      10051200 f   KObjSet.obj
 0001:0005020f       _$E9                       1005120f f   KObjSet.obj
 0001:0005021e       _$E11                      1005121e f   KObjSet.obj
 0001:00050230       _$E10                      10051230 f   KObjSet.obj
 0001:0004ec50       _$E12                      1004fc50 f   KObj.obj
 0001:0004ec5a       _$E11                      1004fc5a f   KObj.obj
 0001:0004e320       _$E6                       1004f320 f   KItemSet.obj
 0001:0004e32f       _$E3                       1004f32f f   KItemSet.obj
 0001:0004e33e       _$E5                       1004f33e f   KItemSet.obj
 0001:0004e350       _$E4                       1004f350 f   KItemSet.obj
 0001:00046830       _$E6                       10047830 f   KItemGenerator.obj
 0001:0004683f       _$E3                       1004783f f   KItemGenerator.obj
 0001:0004684e       _$E5                       1004784e f   KItemGenerator.obj
 0001:00046860       _$E4                       10047860 f   KItemGenerator.obj
 0001:00046410       _$E6                       10047410 f   KItemChangeRes.obj
 0001:0004641f       _$E3                       1004741f f   KItemChangeRes.obj
 0001:0004642e       _$E5                       1004742e f   KItemChangeRes.obj
 0001:00046440       _$E4                       10047440 f   KItemChangeRes.obj
 0001:000424e0       _$E29                      100434e0 f   KItem.obj
 0001:000424ef       _$E26                      100434ef f   KItem.obj
 0001:00042512       _$E28                      10043512 f   KItem.obj
 0001:00042524       _$E27                      10043524 f   KItem.obj
 0001:00040df0       _$E8                       10041df0 f   KBuySell.obj
 0001:00040dff       _$E5                       10041dff f   KBuySell.obj
 0001:00040e0e       _$E7                       10041e0e f   KBuySell.obj
 0001:00040e20       _$E6                       10041e20 f   KBuySell.obj
 0001:0003a2f0       _$E6                       1003b2f0 f   KPlayerTeam.obj
 0001:0003a2fa       _$E5                       1003b2fa f   KPlayerTeam.obj
 0001:000392a0       _$E8                       1003a2a0 f   KPlayerSet.obj
 0001:000392af       _$E5                       1003a2af f   KPlayerSet.obj
 0001:000392be       _$E7                       1003a2be f   KPlayerSet.obj
 0001:000392d0       _$E6                       1003a2d0 f   KPlayerSet.obj
 0001:0002d4b0       _$E15                      1002e4b0 f   KPlayer.obj
 0001:0002d4bf       _$E12                      1002e4bf f   KPlayer.obj
 0001:0002d4df       _$E14                      1002e4df f   KPlayer.obj
 0001:0002d4f1       _$E13                      1002e4f1 f   KPlayer.obj
 0001:0002a390       _$E14                      1002b390 f   KNpcSet.obj
 0001:0002a39f       _$E11                      1002b39f f   KNpcSet.obj
 0001:0002a3ae       _$E13                      1002b3ae f   KNpcSet.obj
 0001:0002a3c0       _$E12                      1002b3c0 f   KNpcSet.obj
 0001:00026780       _$E6                       10027780 f   KNpcResList.obj
 0001:0002678f       _$E3                       1002778f f   KNpcResList.obj
 0001:0002679e       _$E5                       1002779e f   KNpcResList.obj
 0001:000267b0       _$E4                       100277b0 f   KNpcResList.obj
 0001:0001df20       _$E8                       1001ef20 f   KNpcAttribModify.obj
 0001:0001df2f       _$E5                       1001ef2f f   KNpcAttribModify.obj
 0001:0001df3e       _$E7                       1001ef3e f   KNpcAttribModify.obj
 0001:0001df50       _$E6                       1001ef50 f   KNpcAttribModify.obj
 0001:0001aae0       _$E6                       1001bae0 f   KNpcAI.obj
 0001:0001aaea       _$E5                       1001baea f   KNpcAI.obj
 0001:0000f760       _$E14                      10010760 f   KNpc.obj
 0001:0000f76f       _$E11                      1001076f f   KNpc.obj
 0001:0000f792       _$E13                      10010792 f   KNpc.obj
 0001:0000f7a4       _$E12                      100107a4 f   KNpc.obj
 0001:0000ee00       _$E12                      1000fe00 f   KSkillSpecial.obj
 0001:0000ee0f       _$E9                       1000fe0f f   KSkillSpecial.obj
 0001:0000ee1e       _$E11                      1000fe1e f   KSkillSpecial.obj
 0001:0000ee30       _$E10                      1000fe30 f   KSkillSpecial.obj
 0001:000070e0       _$E8                       100080e0 f   KSkillManager.obj
 0001:000070ef       _$E5                       100080ef f   KSkillManager.obj
 0001:000070fe       _$E7                       100080fe f   KSkillManager.obj
 0001:00007110       _$E6                       10008110 f   KSkillManager.obj
 0001:00005eb0       _$E6                       10006eb0 f   KMissleSet.obj
 0001:00005ebf       _$E3                       10006ebf f   KMissleSet.obj
 0001:00005ece       _$E5                       10006ece f   KMissleSet.obj
 0001:00005ee0       _$E4                       10006ee0 f   KMissleSet.obj
 0001:00000e10       _$E14                      10001e10 f   KMissle.obj
 0001:00000e1f       _$E11                      10001e1f f   KMissle.obj
 0001:00000e42       _$E13                      10001e42 f   KMissle.obj
 0001:00000e54       _$E12                      10001e54 f   KMissle.obj
 0001:00000e72       _$E19                      10001e72 f   KMissle.obj
 0001:00000e81       _$E16                      10001e81 f   KMissle.obj
 0001:00000ea4       _$E18                      10001ea4 f   KMissle.obj
 0001:00000eb6       _$E17                      10001eb6 f   KMissle.obj
 0001:0007d48e       ?ArrayUnwindFilter@@YAHPAU_EXCEPTION_POINTERS@@@Z 1007e48e f   MSVCRT:ehvecdtr.obj
